Archive member included because of file (symbol)

/project/arduino-1.5.1/hardware/tools/g++_arm_none_eabi/bin/../lib/gcc/arm-none-eabi/4.4.1/../../../../arm-none-eabi/lib/thumb2/libstdc++.a(eh_arm.o)
                              arduino_build/Stream.o (__cxa_end_cleanup)
/project/arduino-1.5.1/hardware/tools/g++_arm_none_eabi/bin/../lib/gcc/arm-none-eabi/4.4.1/../../../../arm-none-eabi/lib/thumb2/libstdc++.a(tinfo.o)
                              /project/arduino-1.5.1/hardware/tools/g++_arm_none_eabi/bin/../lib/gcc/arm-none-eabi/4.4.1/../../../../arm-none-eabi/lib/thumb2/libstdc++.a(eh_arm.o) (_ZNKSt9type_infoeqERKS_)
/project/arduino-1.5.1/hardware/tools/g++_arm_none_eabi/bin/../lib/gcc/arm-none-eabi/4.4.1/../../../../arm-none-eabi/lib/thumb2/libstdc++.a(eh_aux_runtime.o)
                              /project/arduino-1.5.1/hardware/tools/g++_arm_none_eabi/bin/../lib/gcc/arm-none-eabi/4.4.1/../../../../arm-none-eabi/lib/thumb2/libstdc++.a(eh_arm.o) (__cxa_bad_typeid)
/project/arduino-1.5.1/hardware/tools/g++_arm_none_eabi/bin/../lib/gcc/arm-none-eabi/4.4.1/../../../../arm-none-eabi/lib/thumb2/libstdc++.a(fundamental_type_info.o)
                              /project/arduino-1.5.1/hardware/tools/g++_arm_none_eabi/bin/../lib/gcc/arm-none-eabi/4.4.1/../../../../arm-none-eabi/lib/thumb2/libstdc++.a(eh_arm.o) (_ZTIv)
/project/arduino-1.5.1/hardware/tools/g++_arm_none_eabi/bin/../lib/gcc/arm-none-eabi/4.4.1/../../../../arm-none-eabi/lib/thumb2/libstdc++.a(class_type_info.o)
                              arduino_build/IPAddress.o (_ZTVN10__cxxabiv117__class_type_infoE)
/project/arduino-1.5.1/hardware/tools/g++_arm_none_eabi/bin/../lib/gcc/arm-none-eabi/4.4.1/../../../../arm-none-eabi/lib/thumb2/libstdc++.a(eh_exception.o)
                              /project/arduino-1.5.1/hardware/tools/g++_arm_none_eabi/bin/../lib/gcc/arm-none-eabi/4.4.1/../../../../arm-none-eabi/lib/thumb2/libstdc++.a(eh_arm.o) (_ZTIN10__cxxabiv119__foreign_exceptionE)
/project/arduino-1.5.1/hardware/tools/g++_arm_none_eabi/bin/../lib/gcc/arm-none-eabi/4.4.1/../../../../arm-none-eabi/lib/thumb2/libstdc++.a(eh_throw.o)
                              /project/arduino-1.5.1/hardware/tools/g++_arm_none_eabi/bin/../lib/gcc/arm-none-eabi/4.4.1/../../../../arm-none-eabi/lib/thumb2/libstdc++.a(eh_aux_runtime.o) (__cxa_throw)
/project/arduino-1.5.1/hardware/tools/g++_arm_none_eabi/bin/../lib/gcc/arm-none-eabi/4.4.1/../../../../arm-none-eabi/lib/thumb2/libstdc++.a(del_op.o)
                              /project/arduino-1.5.1/hardware/tools/g++_arm_none_eabi/bin/../lib/gcc/arm-none-eabi/4.4.1/../../../../arm-none-eabi/lib/thumb2/libstdc++.a(tinfo.o) (_ZdlPv)
/project/arduino-1.5.1/hardware/tools/g++_arm_none_eabi/bin/../lib/gcc/arm-none-eabi/4.4.1/../../../../arm-none-eabi/lib/thumb2/libstdc++.a(eh_catch.o)
                              /project/arduino-1.5.1/hardware/tools/g++_arm_none_eabi/bin/../lib/gcc/arm-none-eabi/4.4.1/../../../../arm-none-eabi/lib/thumb2/libstdc++.a(eh_throw.o) (__cxa_begin_catch)
/project/arduino-1.5.1/hardware/tools/g++_arm_none_eabi/bin/../lib/gcc/arm-none-eabi/4.4.1/../../../../arm-none-eabi/lib/thumb2/libstdc++.a(si_class_type_info.o)
                              arduino_build/IPAddress.o (_ZTVN10__cxxabiv120__si_class_type_infoE)
/project/arduino-1.5.1/hardware/tools/g++_arm_none_eabi/bin/../lib/gcc/arm-none-eabi/4.4.1/../../../../arm-none-eabi/lib/thumb2/libstdc++.a(bad_typeid.o)
                              /project/arduino-1.5.1/hardware/tools/g++_arm_none_eabi/bin/../lib/gcc/arm-none-eabi/4.4.1/../../../../arm-none-eabi/lib/thumb2/libstdc++.a(eh_aux_runtime.o) (_ZNSt10bad_typeidD1Ev)
/project/arduino-1.5.1/hardware/tools/g++_arm_none_eabi/bin/../lib/gcc/arm-none-eabi/4.4.1/../../../../arm-none-eabi/lib/thumb2/libstdc++.a(eh_globals.o)
                              /project/arduino-1.5.1/hardware/tools/g++_arm_none_eabi/bin/../lib/gcc/arm-none-eabi/4.4.1/../../../../arm-none-eabi/lib/thumb2/libstdc++.a(eh_catch.o) (__cxa_get_globals_fast)
/project/arduino-1.5.1/hardware/tools/g++_arm_none_eabi/bin/../lib/gcc/arm-none-eabi/4.4.1/../../../../arm-none-eabi/lib/thumb2/libstdc++.a(eh_personality.o)
                              build/HelloWorld.o (__gxx_personality_v0)
/project/arduino-1.5.1/hardware/tools/g++_arm_none_eabi/bin/../lib/gcc/arm-none-eabi/4.4.1/../../../../arm-none-eabi/lib/thumb2/libstdc++.a(bad_cast.o)
                              /project/arduino-1.5.1/hardware/tools/g++_arm_none_eabi/bin/../lib/gcc/arm-none-eabi/4.4.1/../../../../arm-none-eabi/lib/thumb2/libstdc++.a(eh_aux_runtime.o) (_ZNSt8bad_castD1Ev)
/project/arduino-1.5.1/hardware/tools/g++_arm_none_eabi/bin/../lib/gcc/arm-none-eabi/4.4.1/../../../../arm-none-eabi/lib/thumb2/libstdc++.a(eh_call.o)
                              /project/arduino-1.5.1/hardware/tools/g++_arm_none_eabi/bin/../lib/gcc/arm-none-eabi/4.4.1/../../../../arm-none-eabi/lib/thumb2/libstdc++.a(eh_personality.o) (__cxa_call_terminate)
[...]
Memory Configuration

Name             Origin             Length             Attributes
rom              0x00080000         0x00080000         xr
sram0            0x20000000         0x00010000         xrw
sram1            0x20080000         0x00008000         xrw
ram              0x20070000         0x00018000         xrw
*default*        0x00000000         0xffffffff

Linker script and memory map

LOAD /project/arduino-1.5.1/hardware/tools/g++_arm_none_eabi/bin/../lib/gcc/arm-none-eabi/4.4.1/thumb2/crti.o
LOAD /project/arduino-1.5.1/hardware/tools/g++_arm_none_eabi/bin/../lib/gcc/arm-none-eabi/4.4.1/thumb2/crtbegin.o
LOAD /project/arduino-1.5.1/hardware/tools/g++_arm_none_eabi/bin/../lib/gcc/arm-none-eabi/4.4.1/thumb2/libgcc.a
START GROUP
LOAD build/HelloWorld.o
LOAD arduino_build/IPAddress.o
LOAD arduino_build/Print.o
LOAD arduino_build/Reset.o
LOAD arduino_build/RingBuffer.o
LOAD arduino_build/Stream.o
LOAD arduino_build/UARTClass.o
LOAD arduino_build/USARTClass.o
LOAD arduino_build/WInterrupts.o
LOAD arduino_build/WMath.o
LOAD arduino_build/WString.o
LOAD arduino_build/adc.o
LOAD arduino_build/adc12_sam3u.o
LOAD arduino_build/cortex_handlers.o
LOAD arduino_build/cxxabi-compat.o
LOAD arduino_build/dacc.o
LOAD arduino_build/hooks.o
LOAD arduino_build/iar_calls_sam3.o
LOAD arduino_build/interrupt_sam_nvic.o
LOAD arduino_build/itoa.o
LOAD arduino_build/pio.o
LOAD arduino_build/pmc.o
LOAD arduino_build/pwmc.o
LOAD arduino_build/rtc.o
LOAD arduino_build/rtt.o
LOAD arduino_build/spi.o
LOAD arduino_build/startup_sam3xa.o
LOAD arduino_build/syscalls_sam3.o
LOAD arduino_build/system_sam3xa.o
LOAD arduino_build/tc.o
LOAD arduino_build/timetick.o
LOAD arduino_build/twi.o
LOAD arduino_build/udp.o
LOAD arduino_build/udphs.o
LOAD arduino_build/uotghs.o
LOAD arduino_build/uotghs_device.o
LOAD arduino_build/uotghs_host.o
LOAD arduino_build/usart.o
LOAD arduino_build/variant.o
LOAD arduino_build/wdt.o
LOAD arduino_build/wiring.o
LOAD arduino_build/wiring_analog.o
LOAD arduino_build/wiring_digital.o
LOAD arduino_build/wiring_pulse.o
LOAD arduino_build/wiring_shift.o
END GROUP
LOAD /project/arduino-1.5.1/hardware/tools/g++_arm_none_eabi/bin/../lib/gcc/arm-none-eabi/4.4.1/../../../../arm-none-eabi/lib/thumb2/libstdc++.a
LOAD /project/arduino-1.5.1/hardware/tools/g++_arm_none_eabi/bin/../lib/gcc/arm-none-eabi/4.4.1/../../../../arm-none-eabi/lib/thumb2/libm.a
START GROUP
LOAD /project/arduino-1.5.1/hardware/tools/g++_arm_none_eabi/bin/../lib/gcc/arm-none-eabi/4.4.1/thumb2/libgcc.a
LOAD /project/arduino-1.5.1/hardware/tools/g++_arm_none_eabi/bin/../lib/gcc/arm-none-eabi/4.4.1/../../../../arm-none-eabi/lib/thumb2/libc.a
END GROUP
LOAD /project/arduino-1.5.1/hardware/tools/g++_arm_none_eabi/bin/../lib/gcc/arm-none-eabi/4.4.1/thumb2/crtend.o
LOAD /project/arduino-1.5.1/hardware/tools/g++_arm_none_eabi/bin/../lib/gcc/arm-none-eabi/4.4.1/thumb2/crtn.o

.text           0x00080000    0x10ff0
                0x00080000                . = ALIGN (0x4)
                0x00080000                _sfixed = .
 *(.vectors .vectors.*)
 .vectors       0x00080000       0xf4 arduino_build/startup_sam3xa.o
                0x00080000                exception_table
 *(.text .text.* .gnu.linkonce.t.*)
 .text          0x000800f4       0x30 /project/arduino-1.5.1/hardware/tools/g++_arm_none_eabi/bin/../lib/gcc/arm-none-eabi/4.4.1/thumb2/crtbegin.o
 .text._Z9turn_leftv
                0x00080124       0xe0 build/HelloWorld.o
                0x00080124                _Z9turn_leftv
 .text._Z10turn_rightv
                0x00080204       0xbc build/HelloWorld.o
                0x00080204                _Z10turn_rightv
 .text._Z9set_speedi
                0x000802c0       0xe4 build/HelloWorld.o
                0x000802c0                _Z9set_speedi
 .text.main     0x000803a4      0x12c build/HelloWorld.o
                0x000803a4                main
 .text._ZN9IPAddressC1Ehhhh
                0x000804d0       0x1c arduino_build/IPAddress.o
                0x000804d0                _ZN9IPAddressC1Ehhhh
 .text._ZNK9IPAddress7printToER5Print
                0x000804ec       0x3c arduino_build/IPAddress.o
                0x000804ec                _ZNK9IPAddress7printToER5Print
 .text._GLOBAL__I__ZN9IPAddressC2Ev
                0x00080528       0x18 arduino_build/IPAddress.o
 .text._ZN5Print5writeEPKhj
                0x00080540       0x2e arduino_build/Print.o
                0x00080540                _ZN5Print5writeEPKhj
 .text._ZN5Print5printEc
                0x0008056e        0xa arduino_build/Print.o
                0x0008056e                _ZN5Print5printEc
 .text._ZN5Print5writeEPKc
                0x00080578       0x20 arduino_build/Print.o
                0x00080578                _ZN5Print5writeEPKc
 .text._ZN5Print11printNumberEmh
                0x00080598       0x3e arduino_build/Print.o
                0x00080598                _ZN5Print11printNumberEmh
 .text._ZN5Print5printEmi
                0x000805d6       0x1a arduino_build/Print.o
                0x000805d6                _ZN5Print5printEmi
 .text._ZN5Print5printEhi
                0x000805f0        0x4 arduino_build/Print.o
                0x000805f0                _ZN5Print5printEhi
 .text.tickReset
                0x000805f4       0x20 arduino_build/Reset.o
                0x000805f4                tickReset
 .text._ZN10RingBuffer10store_charEh
                0x00080614       0x16 arduino_build/RingBuffer.o
                0x00080614                _ZN10RingBuffer10store_charEh
 .text._ZN10RingBufferC1Ev
                0x0008062a       0x16 arduino_build/RingBuffer.o
                0x0008062a                _ZN10RingBufferC1Ev
 .text._ZN9UARTClasscvbEv
                0x00080640        0x4 arduino_build/UARTClass.o
                0x00080640                _ZN9UARTClasscvbEv
 .text._ZN9UARTClassC1EP4Uart4IRQnmP10RingBuffer
                0x00080644       0x24 arduino_build/UARTClass.o
                0x00080644                _ZN9UARTClassC1EP4Uart4IRQnmP10RingBuffer
 .text._ZN9UARTClass9availableEv
                0x00080668        0xe arduino_build/UARTClass.o
                0x00080668                _ZN9UARTClass9availableEv
 .text._ZN9UARTClass4peekEv
                0x00080676       0x12 arduino_build/UARTClass.o
                0x00080676                _ZN9UARTClass4peekEv
 .text._ZN9UARTClass4readEv
                0x00080688       0x1c arduino_build/UARTClass.o
                0x00080688                _ZN9UARTClass4readEv
 .text._ZN9UARTClass5flushEv
                0x000806a4        0xc arduino_build/UARTClass.o
                0x000806a4                _ZN9UARTClass5flushEv
 .text._ZN9UARTClass5writeEh
                0x000806b0       0x10 arduino_build/UARTClass.o
                0x000806b0                _ZN9UARTClass5writeEh
 .text._ZN9UARTClass10IrqHandlerEv
                0x000806c0       0x2a arduino_build/UARTClass.o
                0x000806c0                _ZN9UARTClass10IrqHandlerEv
 *fill*         0x000806ea        0x2 00
 .text._ZN9UARTClass5beginEm
                0x000806ec       0x5c arduino_build/UARTClass.o
                0x000806ec                _ZN9UARTClass5beginEm
 .text._ZN10USARTClasscvbEv
                0x00080748        0x4 arduino_build/USARTClass.o
                0x00080748                _ZN10USARTClasscvbEv
 .text._ZN10USARTClassC1EP5Usart4IRQnmP10RingBuffer
                0x0008074c       0x24 arduino_build/USARTClass.o
                0x0008074c                _ZN10USARTClassC1EP5Usart4IRQnmP10RingBuffer
 .text._ZN10USARTClass9availableEv
                0x00080770        0xe arduino_build/USARTClass.o
                0x00080770                _ZN10USARTClass9availableEv
 .text._ZN10USARTClass4peekEv
                0x0008077e       0x12 arduino_build/USARTClass.o
                0x0008077e                _ZN10USARTClass4peekEv
 .text._ZN10USARTClass4readEv
                0x00080790       0x1c arduino_build/USARTClass.o
                0x00080790                _ZN10USARTClass4readEv
 .text._ZN10USARTClass5flushEv
                0x000807ac        0xc arduino_build/USARTClass.o
                0x000807ac                _ZN10USARTClass5flushEv
 .text._ZN10USARTClass5writeEh
                0x000807b8       0x10 arduino_build/USARTClass.o
                0x000807b8                _ZN10USARTClass5writeEh
 .text._ZN10USARTClass10IrqHandlerEv
                0x000807c8       0x2a arduino_build/USARTClass.o
                0x000807c8                _ZN10USARTClass10IrqHandlerEv
 *fill*         0x000807f2        0x2 00
 .text.PIOA_Handler
                0x000807f4       0x2c arduino_build/WInterrupts.o
                0x000807f4                PIOA_Handler
 .text.PIOB_Handler
                0x00080820       0x2c arduino_build/WInterrupts.o
                0x00080820                PIOB_Handler
 .text.PIOC_Handler
                0x0008084c       0x2c arduino_build/WInterrupts.o
                0x0008084c                PIOC_Handler
 .text.adc_init
                0x00080878       0x3a arduino_build/adc.o
                0x00080878                adc_init
 .text.adc_configure_trigger
                0x000808b2       0x10 arduino_build/adc.o
                0x000808b2                adc_configure_trigger
 .text.adc_configure_timing
                0x000808c2       0x1a arduino_build/adc.o
                0x000808c2                adc_configure_timing
 .text.adc_disable_all_channel
                0x000808dc        0x8 arduino_build/adc.o
                0x000808dc                adc_disable_all_channel
 .text.adc_disable_interrupt
                0x000808e4        0x4 arduino_build/adc.o
                0x000808e4                adc_disable_interrupt
 .text.NMI_Handler
                0x000808e8        0x2 arduino_build/cortex_handlers.o
                0x000808e8                NMI_Handler
 .text.HardFault_Handler
                0x000808ea        0x2 arduino_build/cortex_handlers.o
                0x000808ea                HardFault_Handler
 .text.MemManage_Handler
                0x000808ec        0x2 arduino_build/cortex_handlers.o
                0x000808ec                MemManage_Handler
 .text.BusFault_Handler
                0x000808ee        0x2 arduino_build/cortex_handlers.o
                0x000808ee                BusFault_Handler
 .text.UsageFault_Handler
                0x000808f0        0x2 arduino_build/cortex_handlers.o
                0x000808f0                UsageFault_Handler
 .text.SVC_Handler
                0x000808f2        0x2 arduino_build/cortex_handlers.o
                0x000808f2                SVC_Handler
 .text.DebugMon_Handler
                0x000808f4        0x2 arduino_build/cortex_handlers.o
                0x000808f4                DebugMon_Handler
 .text.PendSV_Handler
                0x000808f6        0x2 arduino_build/cortex_handlers.o
                0x000808f6                PendSV_Handler
 .text.dacc_reset
                0x000808f8        0x6 arduino_build/dacc.o
                0x000808f8                dacc_reset
 .text.dacc_set_transfer_mode
                0x000808fe       0x16 arduino_build/dacc.o
                0x000808fe                dacc_set_transfer_mode
 .text.dacc_get_interrupt_status
                0x00080914        0x4 arduino_build/dacc.o
                0x00080914                dacc_get_interrupt_status
 .text.dacc_write_conversion_data
                0x00080918        0x4 arduino_build/dacc.o
                0x00080918                dacc_write_conversion_data
 .text.dacc_set_channel_selection
                0x0008091c       0x18 arduino_build/dacc.o
                0x0008091c                dacc_set_channel_selection
 .text.dacc_set_power_save
                0x00080934       0x28 arduino_build/dacc.o
                0x00080934                dacc_set_power_save
 .text.dacc_set_timing
                0x0008095c       0x30 arduino_build/dacc.o
                0x0008095c                dacc_set_timing
 .text.dacc_enable_channel
                0x0008098c       0x14 arduino_build/dacc.o
                0x0008098c                dacc_enable_channel
 .text.dacc_get_channel_status
                0x000809a0        0x4 arduino_build/dacc.o
                0x000809a0                dacc_get_channel_status
 .text.dacc_set_analog_control
                0x000809a4        0x8 arduino_build/dacc.o
                0x000809a4                dacc_set_analog_control
 .text.__empty  0x000809ac        0x2 arduino_build/hooks.o
                0x000809ac                yield
 .text.PIO_DisableInterrupt
                0x000809ae        0x4 arduino_build/pio.o
                0x000809ae                PIO_DisableInterrupt
 .text.PIO_PullUp
                0x000809b2        0xa arduino_build/pio.o
                0x000809b2                PIO_PullUp
 .text.PIO_SetPeripheral
                0x000809bc       0x2a arduino_build/pio.o
                0x000809bc                PIO_SetPeripheral
 .text.PIO_SetInput
                0x000809e6       0x38 arduino_build/pio.o
                0x000809e6                PIO_SetInput
 .text.PIO_SetOutput
                0x00080a1e       0x2e arduino_build/pio.o
                0x00080a1e                PIO_SetOutput
 .text.PIO_Configure
                0x00080a4c       0x64 arduino_build/pio.o
                0x00080a4c                PIO_Configure
 .text.PIO_GetOutputDataStatus
                0x00080ab0       0x16 arduino_build/pio.o
                0x00080ab0                PIO_GetOutputDataStatus
 *fill*         0x00080ac6        0x2 00
 .text.pmc_enable_periph_clk
                0x00080ac8       0x48 arduino_build/pmc.o
                0x00080ac8                pmc_enable_periph_clk
 .text.pmc_disable_periph_clk
                0x00080b10       0x48 arduino_build/pmc.o
                0x00080b10                pmc_disable_periph_clk
 .text.PWMC_SetPeriod
                0x00080b58       0x22 arduino_build/pwmc.o
                0x00080b58                PWMC_SetPeriod
 .text.PWMC_EnableChannel
                0x00080b7a        0x8 arduino_build/pwmc.o
                0x00080b7a                PWMC_EnableChannel
 *fill*         0x00080b82        0x2 00
 .text.PWMC_SetDutyCycle
                0x00080b84       0x48 arduino_build/pwmc.o
                0x00080b84                PWMC_SetDutyCycle
 .text.FindClockConfiguration
                0x00080bcc       0x80 arduino_build/pwmc.o
 .text.PWMC_ConfigureClocks
                0x00080c4c       0x4c arduino_build/pwmc.o
                0x00080c4c                PWMC_ConfigureClocks
 .text.PWMC_ConfigureChannel
                0x00080c98       0x5c arduino_build/pwmc.o
                0x00080c98                PWMC_ConfigureChannel
 .text.Dummy_Handler
                0x00080cf4        0x2 arduino_build/startup_sam3xa.o
                0x00080cf4                DACC_Handler
                0x00080cf4                DMAC_Handler
                0x00080cf4                TRNG_Handler
                0x00080cf4                TC2_Handler
                0x00080cf4                TWI1_Handler
                0x00080cf4                TC7_Handler
                0x00080cf4                ADC_Handler
                0x00080cf4                SMC_Handler
                0x00080cf4                RTT_Handler
                0x00080cf4                EFC1_Handler
                0x00080cf4                RTC_Handler
                0x00080cf4                TC6_Handler
                0x00080cf4                WDT_Handler
                0x00080cf4                CAN0_Handler
                0x00080cf4                TC4_Handler
                0x00080cf4                TC1_Handler
                0x00080cf4                HSMCI_Handler
                0x00080cf4                TC3_Handler
                0x00080cf4                Dummy_Handler
                0x00080cf4                TWI0_Handler
                0x00080cf4                SSC_Handler
                0x00080cf4                EFC0_Handler
                0x00080cf4                PMC_Handler
                0x00080cf4                PWM_Handler
                0x00080cf4                CAN1_Handler
                0x00080cf4                SUPC_Handler
                0x00080cf4                TC8_Handler
                0x00080cf4                USART2_Handler
                0x00080cf4                PIOD_Handler
                0x00080cf4                EMAC_Handler
                0x00080cf4                RSTC_Handler
                0x00080cf4                TC0_Handler
                0x00080cf4                TC5_Handler
                0x00080cf4                SPI0_Handler
 *fill*         0x00080cf6        0x2 00
 .text.Reset_Handler
                0x00080cf8       0x74 arduino_build/startup_sam3xa.o
                0x00080cf8                Reset_Handler
 .text._sbrk    0x00080d6c       0x20 arduino_build/syscalls_sam3.o
                0x00080d6c                _sbrk
 .text._close   0x00080d8c        0x6 arduino_build/syscalls_sam3.o
                0x00080d8c                _close
 .text._fstat   0x00080d92        0xa arduino_build/syscalls_sam3.o
                0x00080d92                _fstat
 .text._isatty  0x00080d9c        0x4 arduino_build/syscalls_sam3.o
                0x00080d9c                _isatty
 .text._lseek   0x00080da0        0x4 arduino_build/syscalls_sam3.o
                0x00080da0                _lseek
 .text._read    0x00080da4        0x4 arduino_build/syscalls_sam3.o
                0x00080da4                _read
 .text._write   0x00080da8       0x20 arduino_build/syscalls_sam3.o
                0x00080da8                _write
 .text._kill    0x00080dc8        0x2 arduino_build/syscalls_sam3.o
                0x00080dc8                _kill
 .text._getpid  0x00080dca        0x6 arduino_build/syscalls_sam3.o
                0x00080dca                _getpid
 .text._exit    0x00080dd0       0x10 arduino_build/syscalls_sam3.o
                0x00080dd0                _exit
 .text.SystemInit
                0x00080de0       0x9c arduino_build/system_sam3xa.o
                0x00080de0                SystemInit
 .text.TC_SetRA
                0x00080e7c        0xa arduino_build/tc.o
                0x00080e7c                TC_SetRA
 .text.TC_SetRB
                0x00080e86        0x8 arduino_build/tc.o
                0x00080e86                TC_SetRB
 .text.TC_SetRC
                0x00080e8e        0x8 arduino_build/tc.o
                0x00080e8e                TC_SetRC
 *fill*         0x00080e96        0x2 00
 .text.TC_Start
                0x00080e98       0x28 arduino_build/tc.o
                0x00080e98                TC_Start
 .text.TC_Configure
                0x00080ec0       0x3c arduino_build/tc.o
                0x00080ec0                TC_Configure
 .text.TimeTick_Increment
                0x00080efc       0x10 arduino_build/timetick.o
                0x00080efc                TimeTick_Increment
 .text.GetTickCount
                0x00080f0c        0xc arduino_build/timetick.o
                0x00080f0c                GetTickCount
 .text.UOTGHS_Handler
                0x00080f18       0x10 arduino_build/uotghs.o
                0x00080f18                UOTGHS_Handler
 .text.init     0x00080f28       0xfc arduino_build/variant.o
                0x00080f28                init
 .text.USART3_Handler
                0x00081024        0xc arduino_build/variant.o
                0x00081024                USART3_Handler
 .text.USART1_Handler
                0x00081030        0xc arduino_build/variant.o
                0x00081030                USART1_Handler
 .text.USART0_Handler
                0x0008103c        0xc arduino_build/variant.o
                0x0008103c                USART0_Handler
 .text.UART_Handler
                0x00081048        0xc arduino_build/variant.o
                0x00081048                UART_Handler
 .text._GLOBAL__I_g_APinDescription
                0x00081054       0x8c arduino_build/variant.o
 .text.WDT_Disable
                0x000810e0        0x8 arduino_build/wdt.o
                0x000810e0                WDT_Disable
 .text.SysTick_Handler
                0x000810e8        0xe arduino_build/wiring.o
                0x000810e8                SysTick_Handler
 .text.delay    0x000810f6       0x1a arduino_build/wiring.o
                0x000810f6                delay
 .text.TC_SetCMR_ChannelA
                0x00081110       0x12 arduino_build/wiring_analog.o
 .text.TC_SetCMR_ChannelB
                0x00081122       0x12 arduino_build/wiring_analog.o
 .text.analogOutputInit
                0x00081134       0x14 arduino_build/wiring_analog.o
                0x00081134                analogOutputInit
 .text.analogWrite
                0x00081148      0x2c0 arduino_build/wiring_analog.o
                0x00081148                analogWrite
 .text.digitalWrite
                0x00081408       0x48 arduino_build/wiring_digital.o
                0x00081408                digitalWrite
 .text.pinMode  0x00081450       0x68 arduino_build/wiring_digital.o
                0x00081450                pinMode
 .text          0x000814b8        0xc /project/arduino-1.5.1/hardware/tools/g++_arm_none_eabi/bin/../lib/gcc/arm-none-eabi/4.4.1/../../../../arm-none-eabi/lib/thumb2/libstdc++.a(eh_arm.o)
                0x000814b8                __cxa_end_cleanup
 .text.__cxa_type_match
                0x000814c4      0x100 /project/arduino-1.5.1/hardware/tools/g++_arm_none_eabi/bin/../lib/gcc/arm-none-eabi/4.4.1/../../../../arm-none-eabi/lib/thumb2/libstdc++.a(eh_arm.o)
                0x000814c4                __cxa_type_match
 .text.__cxa_begin_cleanup
                0x000815c4       0x70 /project/arduino-1.5.1/hardware/tools/g++_arm_none_eabi/bin/../lib/gcc/arm-none-eabi/4.4.1/../../../../arm-none-eabi/lib/thumb2/libstdc++.a(eh_arm.o)
                0x000815c4                __cxa_begin_cleanup
 .text.__gnu_end_cleanup
                0x00081634       0x74 /project/arduino-1.5.1/hardware/tools/g++_arm_none_eabi/bin/../lib/gcc/arm-none-eabi/4.4.1/../../../../arm-none-eabi/lib/thumb2/libstdc++.a(eh_arm.o)
                0x00081634                __gnu_end_cleanup
 .text._ZNSt9type_infoD2Ev
                0x000816a8        0xc /project/arduino-1.5.1/hardware/tools/g++_arm_none_eabi/bin/../lib/gcc/arm-none-eabi/4.4.1/../../../../arm-none-eabi/lib/thumb2/libstdc++.a(tinfo.o)
                0x000816a8                _ZNSt9type_infoD2Ev
 .text._ZNSt9type_infoD1Ev
                0x000816b4        0xc /project/arduino-1.5.1/hardware/tools/g++_arm_none_eabi/bin/../lib/gcc/arm-none-eabi/4.4.1/../../../../arm-none-eabi/lib/thumb2/libstdc++.a(tinfo.o)
                0x000816b4                _ZNSt9type_infoD1Ev
 .text._ZNKSt9type_infoeqERKS_
                0x000816c0       0x10 /project/arduino-1.5.1/hardware/tools/g++_arm_none_eabi/bin/../lib/gcc/arm-none-eabi/4.4.1/../../../../arm-none-eabi/lib/thumb2/libstdc++.a(tinfo.o)
                0x000816c0                _ZNKSt9type_infoeqERKS_
 .text._ZNKSt9type_info14__is_pointer_pEv
                0x000816d0        0x4 /project/arduino-1.5.1/hardware/tools/g++_arm_none_eabi/bin/../lib/gcc/arm-none-eabi/4.4.1/../../../../arm-none-eabi/lib/thumb2/libstdc++.a(tinfo.o)
                0x000816d0                _ZNKSt9type_info14__is_pointer_pEv
 .text._ZNKSt9type_info15__is_function_pEv
                0x000816d4        0x4 /project/arduino-1.5.1/hardware/tools/g++_arm_none_eabi/bin/../lib/gcc/arm-none-eabi/4.4.1/../../../../arm-none-eabi/lib/thumb2/libstdc++.a(tinfo.o)
                0x000816d4                _ZNKSt9type_info15__is_function_pEv
 .text._ZNKSt9type_info10__do_catchEPKS_PPvj
                0x000816d8       0x10 /project/arduino-1.5.1/hardware/tools/g++_arm_none_eabi/bin/../lib/gcc/arm-none-eabi/4.4.1/../../../../arm-none-eabi/lib/thumb2/libstdc++.a(tinfo.o)
                0x000816d8                _ZNKSt9type_info10__do_catchEPKS_PPvj
 .text._ZNKSt9type_info11__do_upcastEPKN10__cxxabiv117__class_type_infoEPPv
                0x000816e8        0x4 /project/arduino-1.5.1/hardware/tools/g++_arm_none_eabi/bin/../lib/gcc/arm-none-eabi/4.4.1/../../../../arm-none-eabi/lib/thumb2/libstdc++.a(tinfo.o)
                0x000816e8                _ZNKSt9type_info11__do_upcastEPKN10__cxxabiv117__class_type_infoEPPv
 .text._ZNSt9type_infoD0Ev
                0x000816ec       0x14 /project/arduino-1.5.1/hardware/tools/g++_arm_none_eabi/bin/../lib/gcc/arm-none-eabi/4.4.1/../../../../arm-none-eabi/lib/thumb2/libstdc++.a(tinfo.o)
                0x000816ec                _ZNSt9type_infoD0Ev
 .text.__cxa_bad_typeid
                0x00081700       0x24 /project/arduino-1.5.1/hardware/tools/g++_arm_none_eabi/bin/../lib/gcc/arm-none-eabi/4.4.1/../../../../arm-none-eabi/lib/thumb2/libstdc++.a(eh_aux_runtime.o)
                0x00081700                __cxa_bad_typeid
 .text._ZN10__cxxabiv123__fundamental_type_infoD1Ev
                0x00081724       0x14 /project/arduino-1.5.1/hardware/tools/g++_arm_none_eabi/bin/../lib/gcc/arm-none-eabi/4.4.1/../../../../arm-none-eabi/lib/thumb2/libstdc++.a(fundamental_type_info.o)
                0x00081724                _ZN10__cxxabiv123__fundamental_type_infoD1Ev
 .text._ZN10__cxxabiv123__fundamental_type_infoD0Ev
                0x00081738       0x1c /project/arduino-1.5.1/hardware/tools/g++_arm_none_eabi/bin/../lib/gcc/arm-none-eabi/4.4.1/../../../../arm-none-eabi/lib/thumb2/libstdc++.a(fundamental_type_info.o)
                0x00081738                _ZN10__cxxabiv123__fundamental_type_infoD0Ev
 .text._ZNK10__cxxabiv117__class_type_info11__do_upcastEPKS0_PPv
                0x00081754       0x38 /project/arduino-1.5.1/hardware/tools/g++_arm_none_eabi/bin/../lib/gcc/arm-none-eabi/4.4.1/../../../../arm-none-eabi/lib/thumb2/libstdc++.a(class_type_info.o)
                0x00081754                _ZNK10__cxxabiv117__class_type_info11__do_upcastEPKS0_PPv
 .text._ZNK10__cxxabiv117__class_type_info20__do_find_public_srcEiPKvPKS0_S2_
                0x0008178c        0xc /project/arduino-1.5.1/hardware/tools/g++_arm_none_eabi/bin/../lib/gcc/arm-none-eabi/4.4.1/../../../../arm-none-eabi/lib/thumb2/libstdc++.a(class_type_info.o)
                0x0008178c                _ZNK10__cxxabiv117__class_type_info20__do_find_public_srcEiPKvPKS0_S2_
 .text._ZNK10__cxxabiv117__class_type_info11__do_upcastEPKS0_PKvRNS0_15__upcast_resultE
                0x00081798       0x1c /project/arduino-1.5.1/hardware/tools/g++_arm_none_eabi/bin/../lib/gcc/arm-none-eabi/4.4.1/../../../../arm-none-eabi/lib/thumb2/libstdc++.a(class_type_info.o)
                0x00081798                _ZNK10__cxxabiv117__class_type_info11__do_upcastEPKS0_PKvRNS0_15__upcast_resultE
 .text._ZNK10__cxxabiv117__class_type_info12__do_dyncastEiNS0_10__sub_kindEPKS0_PKvS3_S5_RNS0_16__dyncast_resultE
                0x000817b4       0x3c /project/arduino-1.5.1/hardware/tools/g++_arm_none_eabi/bin/../lib/gcc/arm-none-eabi/4.4.1/../../../../arm-none-eabi/lib/thumb2/libstdc++.a(class_type_info.o)
                0x000817b4                _ZNK10__cxxabiv117__class_type_info12__do_dyncastEiNS0_10__sub_kindEPKS0_PKvS3_S5_RNS0_16__dyncast_resultE
 .text._ZNK10__cxxabiv117__class_type_info10__do_catchEPKSt9type_infoPPvj
                0x000817f0       0x28 /project/arduino-1.5.1/hardware/tools/g++_arm_none_eabi/bin/../lib/gcc/arm-none-eabi/4.4.1/../../../../arm-none-eabi/lib/thumb2/libstdc++.a(class_type_info.o)
                0x000817f0                _ZNK10__cxxabiv117__class_type_info10__do_catchEPKSt9type_infoPPvj
 .text._ZN10__cxxabiv117__class_type_infoD1Ev
                0x00081818       0x14 /project/arduino-1.5.1/hardware/tools/g++_arm_none_eabi/bin/../lib/gcc/arm-none-eabi/4.4.1/../../../../arm-none-eabi/lib/thumb2/libstdc++.a(class_type_info.o)
                0x00081818                _ZN10__cxxabiv117__class_type_infoD1Ev
 .text._ZN10__cxxabiv117__class_type_infoD2Ev
                0x0008182c       0x14 /project/arduino-1.5.1/hardware/tools/g++_arm_none_eabi/bin/../lib/gcc/arm-none-eabi/4.4.1/../../../../arm-none-eabi/lib/thumb2/libstdc++.a(class_type_info.o)
                0x0008182c                _ZN10__cxxabiv117__class_type_infoD2Ev
 .text._ZN10__cxxabiv117__class_type_infoD0Ev
                0x00081840       0x1c /project/arduino-1.5.1/hardware/tools/g++_arm_none_eabi/bin/../lib/gcc/arm-none-eabi/4.4.1/../../../../arm-none-eabi/lib/thumb2/libstdc++.a(class_type_info.o)
                0x00081840                _ZN10__cxxabiv117__class_type_infoD0Ev
 .text._ZNSt9exceptionD2Ev
                0x0008185c        0xc /project/arduino-1.5.1/hardware/tools/g++_arm_none_eabi/bin/../lib/gcc/arm-none-eabi/4.4.1/../../../../arm-none-eabi/lib/thumb2/libstdc++.a(eh_exception.o)
                0x0008185c                _ZNSt9exceptionD2Ev
 .text._ZNSt9exceptionD1Ev
                0x00081868        0xc /project/arduino-1.5.1/hardware/tools/g++_arm_none_eabi/bin/../lib/gcc/arm-none-eabi/4.4.1/../../../../arm-none-eabi/lib/thumb2/libstdc++.a(eh_exception.o)
                0x00081868                _ZNSt9exceptionD1Ev
 .text._ZNSt13bad_exceptionD1Ev
                0x00081874        0xc /project/arduino-1.5.1/hardware/tools/g++_arm_none_eabi/bin/../lib/gcc/arm-none-eabi/4.4.1/../../../../arm-none-eabi/lib/thumb2/libstdc++.a(eh_exception.o)
                0x00081874                _ZNSt13bad_exceptionD1Ev
 .text._ZNKSt9exception4whatEv
                0x00081880        0xc /project/arduino-1.5.1/hardware/tools/g++_arm_none_eabi/bin/../lib/gcc/arm-none-eabi/4.4.1/../../../../arm-none-eabi/lib/thumb2/libstdc++.a(eh_exception.o)
                0x00081880                _ZNKSt9exception4whatEv
 .text._ZNKSt13bad_exception4whatEv
                0x0008188c        0xc /project/arduino-1.5.1/hardware/tools/g++_arm_none_eabi/bin/../lib/gcc/arm-none-eabi/4.4.1/../../../../arm-none-eabi/lib/thumb2/libstdc++.a(eh_exception.o)
                0x0008188c                _ZNKSt13bad_exception4whatEv
 .text._ZNSt9exceptionD0Ev
                0x00081898       0x14 /project/arduino-1.5.1/hardware/tools/g++_arm_none_eabi/bin/../lib/gcc/arm-none-eabi/4.4.1/../../../../arm-none-eabi/lib/thumb2/libstdc++.a(eh_exception.o)
                0x00081898                _ZNSt9exceptionD0Ev
 .text._ZNSt13bad_exceptionD0Ev
                0x000818ac       0x14 /project/arduino-1.5.1/hardware/tools/g++_arm_none_eabi/bin/../lib/gcc/arm-none-eabi/4.4.1/../../../../arm-none-eabi/lib/thumb2/libstdc++.a(eh_exception.o)
                0x000818ac                _ZNSt13bad_exceptionD0Ev
 .text.__cxa_rethrow
                0x000818c0       0x74 /project/arduino-1.5.1/hardware/tools/g++_arm_none_eabi/bin/../lib/gcc/arm-none-eabi/4.4.1/../../../../arm-none-eabi/lib/thumb2/libstdc++.a(eh_throw.o)
                0x000818c0                __cxa_rethrow
 .text.__cxa_throw
                0x00081934       0x68 /project/arduino-1.5.1/hardware/tools/g++_arm_none_eabi/bin/../lib/gcc/arm-none-eabi/4.4.1/../../../../arm-none-eabi/lib/thumb2/libstdc++.a(eh_throw.o)
                0x00081934                __cxa_throw
 .text._ZL23__gxx_exception_cleanup19_Unwind_Reason_CodeP21_Unwind_Control_Block
                0x0008199c       0x2c /project/arduino-1.5.1/hardware/tools/g++_arm_none_eabi/bin/../lib/gcc/arm-none-eabi/4.4.1/../../../../arm-none-eabi/lib/thumb2/libstdc++.a(eh_throw.o)
 .text._ZdlPv   0x000819c8        0x8 /project/arduino-1.5.1/hardware/tools/g++_arm_none_eabi/bin/../lib/gcc/arm-none-eabi/4.4.1/../../../../arm-none-eabi/lib/thumb2/libstdc++.a(del_op.o)
                0x000819c8                _ZdlPv
 .text.__cxa_end_catch
                0x000819d0       0x94 /project/arduino-1.5.1/hardware/tools/g++_arm_none_eabi/bin/../lib/gcc/arm-none-eabi/4.4.1/../../../../arm-none-eabi/lib/thumb2/libstdc++.a(eh_catch.o)
                0x000819d0                __cxa_end_catch
 .text.__cxa_begin_catch
                0x00081a64       0x94 /project/arduino-1.5.1/hardware/tools/g++_arm_none_eabi/bin/../lib/gcc/arm-none-eabi/4.4.1/../../../../arm-none-eabi/lib/thumb2/libstdc++.a(eh_catch.o)
                0x00081a64                __cxa_begin_catch
 .text._ZNK10__cxxabiv120__si_class_type_info11__do_upcastEPKNS_17__class_type_infoEPKvRNS1_15__upcast_resultE
                0x00081af8       0x28 /project/arduino-1.5.1/hardware/tools/g++_arm_none_eabi/bin/../lib/gcc/arm-none-eabi/4.4.1/../../../../arm-none-eabi/lib/thumb2/libstdc++.a(si_class_type_info.o)
                0x00081af8                _ZNK10__cxxabiv120__si_class_type_info11__do_upcastEPKNS_17__class_type_infoEPKvRNS1_15__upcast_resultE
 .text._ZNK10__cxxabiv120__si_class_type_info12__do_dyncastEiNS_17__class_type_info10__sub_kindEPKS1_PKvS4_S6_RNS1_16__dyncast_resultE
                0x00081b20       0x88 /project/arduino-1.5.1/hardware/tools/g++_arm_none_eabi/bin/../lib/gcc/arm-none-eabi/4.4.1/../../../../arm-none-eabi/lib/thumb2/libstdc++.a(si_class_type_info.o)
                0x00081b20                _ZNK10__cxxabiv120__si_class_type_info12__do_dyncastEiNS_17__class_type_info10__sub_kindEPKS1_PKvS4_S6_RNS1_16__dyncast_resultE
 .text._ZNK10__cxxabiv120__si_class_type_info20__do_find_public_srcEiPKvPKNS_17__class_type_infoES2_
                0x00081ba8       0x38 /project/arduino-1.5.1/hardware/tools/g++_arm_none_eabi/bin/../lib/gcc/arm-none-eabi/4.4.1/../../../../arm-none-eabi/lib/thumb2/libstdc++.a(si_class_type_info.o)
                0x00081ba8                _ZNK10__cxxabiv120__si_class_type_info20__do_find_public_srcEiPKvPKNS_17__class_type_infoES2_
 .text._ZN10__cxxabiv120__si_class_type_infoD1Ev
                0x00081be0       0x14 /project/arduino-1.5.1/hardware/tools/g++_arm_none_eabi/bin/../lib/gcc/arm-none-eabi/4.4.1/../../../../arm-none-eabi/lib/thumb2/libstdc++.a(si_class_type_info.o)
                0x00081be0                _ZN10__cxxabiv120__si_class_type_infoD1Ev
 .text._ZN10__cxxabiv120__si_class_type_infoD0Ev
                0x00081bf4       0x1c /project/arduino-1.5.1/hardware/tools/g++_arm_none_eabi/bin/../lib/gcc/arm-none-eabi/4.4.1/../../../../arm-none-eabi/lib/thumb2/libstdc++.a(si_class_type_info.o)
                0x00081bf4                _ZN10__cxxabiv120__si_class_type_infoD0Ev
 .text._ZNKSt10bad_typeid4whatEv
                0x00081c10        0xc /project/arduino-1.5.1/hardware/tools/g++_arm_none_eabi/bin/../lib/gcc/arm-none-eabi/4.4.1/../../../../arm-none-eabi/lib/thumb2/libstdc++.a(bad_typeid.o)
                0x00081c10                _ZNKSt10bad_typeid4whatEv
 .text._ZNSt10bad_typeidD1Ev
                0x00081c1c       0x14 /project/arduino-1.5.1/hardware/tools/g++_arm_none_eabi/bin/../lib/gcc/arm-none-eabi/4.4.1/../../../../arm-none-eabi/lib/thumb2/libstdc++.a(bad_typeid.o)
                0x00081c1c                _ZNSt10bad_typeidD1Ev
 .text._ZNSt10bad_typeidD0Ev
                0x00081c30       0x1c /project/arduino-1.5.1/hardware/tools/g++_arm_none_eabi/bin/../lib/gcc/arm-none-eabi/4.4.1/../../../../arm-none-eabi/lib/thumb2/libstdc++.a(bad_typeid.o)
                0x00081c30                _ZNSt10bad_typeidD0Ev
 .text.__cxa_get_globals_fast
                0x00081c4c        0xc /project/arduino-1.5.1/hardware/tools/g++_arm_none_eabi/bin/../lib/gcc/arm-none-eabi/4.4.1/../../../../arm-none-eabi/lib/thumb2/libstdc++.a(eh_globals.o)
                0x00081c4c                __cxa_get_globals_fast
 .text.__cxa_get_globals
                0x00081c58        0xc /project/arduino-1.5.1/hardware/tools/g++_arm_none_eabi/bin/../lib/gcc/arm-none-eabi/4.4.1/../../../../arm-none-eabi/lib/thumb2/libstdc++.a(eh_globals.o)
                0x00081c58                __cxa_get_globals
 .text._ZL21base_of_encoded_valuehP15_Unwind_Context
                0x00081c64       0x4c /project/arduino-1.5.1/hardware/tools/g++_arm_none_eabi/bin/../lib/gcc/arm-none-eabi/4.4.1/../../../../arm-none-eabi/lib/thumb2/libstdc++.a(eh_personality.o)
 .text._ZL17parse_lsda_headerP15_Unwind_ContextPKhP16lsda_header_info
                0x00081cb0      0x190 /project/arduino-1.5.1/hardware/tools/g++_arm_none_eabi/bin/../lib/gcc/arm-none-eabi/4.4.1/../../../../arm-none-eabi/lib/thumb2/libstdc++.a(eh_personality.o)
 .text.__gxx_personality_v0
                0x00081e40      0x754 /project/arduino-1.5.1/hardware/tools/g++_arm_none_eabi/bin/../lib/gcc/arm-none-eabi/4.4.1/../../../../arm-none-eabi/lib/thumb2/libstdc++.a(eh_personality.o)
                0x00081e40                __gxx_personality_v0
 .text.__cxa_call_terminate
                0x00082594       0x50 /project/arduino-1.5.1/hardware/tools/g++_arm_none_eabi/bin/../lib/gcc/arm-none-eabi/4.4.1/../../../../arm-none-eabi/lib/thumb2/libstdc++.a(eh_call.o)
                0x00082594                __cxa_call_terminate
 .text.__cxa_call_unexpected
                0x000825e4      0x128 /project/arduino-1.5.1/hardware/tools/g++_arm_none_eabi/bin/../lib/gcc/arm-none-eabi/4.4.1/../../../../arm-none-eabi/lib/thumb2/libstdc++.a(eh_call.o)
                0x000825e4                __cxa_call_unexpected
 .text._GLOBAL__I___cxa_allocate_exception
                0x0008270c        0x4 /project/arduino-1.5.1/hardware/tools/g++_arm_none_eabi/bin/../lib/gcc/arm-none-eabi/4.4.1/../../../../arm-none-eabi/lib/thumb2/libstdc++.a(eh_alloc.o)
 .text.__cxa_free_exception
                0x00082710       0x38 /project/arduino-1.5.1/hardware/tools/g++_arm_none_eabi/bin/../lib/gcc/arm-none-eabi/4.4.1/../../../../arm-none-eabi/lib/thumb2/libstdc++.a(eh_alloc.o)
                0x00082710                __cxa_free_exception
 .text.__cxa_allocate_exception
                0x00082748       0x90 /project/arduino-1.5.1/hardware/tools/g++_arm_none_eabi/bin/../lib/gcc/arm-none-eabi/4.4.1/../../../../arm-none-eabi/lib/thumb2/libstdc++.a(eh_alloc.o)
                0x00082748                __cxa_allocate_exception
 .text._ZN10__cxxabiv111__terminateEPFvvE
                0x000827d8       0x20 /project/arduino-1.5.1/hardware/tools/g++_arm_none_eabi/bin/../lib/gcc/arm-none-eabi/4.4.1/../../../../arm-none-eabi/lib/thumb2/libstdc++.a(eh_terminate.o)
                0x000827d8                _ZN10__cxxabiv111__terminateEPFvvE
 .text._ZSt9terminatev
                0x000827f8       0x10 /project/arduino-1.5.1/hardware/tools/g++_arm_none_eabi/bin/../lib/gcc/arm-none-eabi/4.4.1/../../../../arm-none-eabi/lib/thumb2/libstdc++.a(eh_terminate.o)
                0x000827f8                _ZSt9terminatev
 .text._ZN10__cxxabiv112__unexpectedEPFvvE
                0x00082808        0x8 /project/arduino-1.5.1/hardware/tools/g++_arm_none_eabi/bin/../lib/gcc/arm-none-eabi/4.4.1/../../../../arm-none-eabi/lib/thumb2/libstdc++.a(eh_terminate.o)
                0x00082808                _ZN10__cxxabiv112__unexpectedEPFvvE
 .text._ZSt10unexpectedv
                0x00082810       0x10 /project/arduino-1.5.1/hardware/tools/g++_arm_none_eabi/bin/../lib/gcc/arm-none-eabi/4.4.1/../../../../arm-none-eabi/lib/thumb2/libstdc++.a(eh_terminate.o)
                0x00082810                _ZSt10unexpectedv
 .text._ZNK10__cxxabiv119__pointer_type_info14__is_pointer_pEv
                0x00082820        0x4 /project/arduino-1.5.1/hardware/tools/g++_arm_none_eabi/bin/../lib/gcc/arm-none-eabi/4.4.1/../../../../arm-none-eabi/lib/thumb2/libstdc++.a(pointer_type_info.o)
                0x00082820                _ZNK10__cxxabiv119__pointer_type_info14__is_pointer_pEv
 .text._ZNK10__cxxabiv119__pointer_type_info15__pointer_catchEPKNS_17__pbase_type_infoEPPvj
                0x00082824       0x4c /project/arduino-1.5.1/hardware/tools/g++_arm_none_eabi/bin/../lib/gcc/arm-none-eabi/4.4.1/../../../../arm-none-eabi/lib/thumb2/libstdc++.a(pointer_type_info.o)
                0x00082824                _ZNK10__cxxabiv119__pointer_type_info15__pointer_catchEPKNS_17__pbase_type_infoEPPvj
 .text._ZN10__cxxabiv119__pointer_type_infoD1Ev
                0x00082870       0x14 /project/arduino-1.5.1/hardware/tools/g++_arm_none_eabi/bin/../lib/gcc/arm-none-eabi/4.4.1/../../../../arm-none-eabi/lib/thumb2/libstdc++.a(pointer_type_info.o)
                0x00082870                _ZN10__cxxabiv119__pointer_type_infoD1Ev
 .text._ZN10__cxxabiv119__pointer_type_infoD0Ev
                0x00082884       0x1c /project/arduino-1.5.1/hardware/tools/g++_arm_none_eabi/bin/../lib/gcc/arm-none-eabi/4.4.1/../../../../arm-none-eabi/lib/thumb2/libstdc++.a(pointer_type_info.o)
                0x00082884                _ZN10__cxxabiv119__pointer_type_infoD0Ev
 .text._ZN9__gnu_cxx27__verbose_terminate_handlerEv
                0x000828a0      0x140 /project/arduino-1.5.1/hardware/tools/g++_arm_none_eabi/bin/../lib/gcc/arm-none-eabi/4.4.1/../../../../arm-none-eabi/lib/thumb2/libstdc++.a(vterminate.o)
                0x000828a0                _ZN9__gnu_cxx27__verbose_terminate_handlerEv
 .text._ZNK10__cxxabiv117__pbase_type_info15__pointer_catchEPKS0_PPvj
                0x000829e0       0x14 /project/arduino-1.5.1/hardware/tools/g++_arm_none_eabi/bin/../lib/gcc/arm-none-eabi/4.4.1/../../../../arm-none-eabi/lib/thumb2/libstdc++.a(pbase_type_info.o)
                0x000829e0                _ZNK10__cxxabiv117__pbase_type_info15__pointer_catchEPKS0_PPvj
 .text._ZNK10__cxxabiv117__pbase_type_info10__do_catchEPKSt9type_infoPPvj
                0x000829f4       0x68 /project/arduino-1.5.1/hardware/tools/g++_arm_none_eabi/bin/../lib/gcc/arm-none-eabi/4.4.1/../../../../arm-none-eabi/lib/thumb2/libstdc++.a(pbase_type_info.o)
                0x000829f4                _ZNK10__cxxabiv117__pbase_type_info10__do_catchEPKSt9type_infoPPvj
 .text._ZN10__cxxabiv117__pbase_type_infoD1Ev
                0x00082a5c       0x14 /project/arduino-1.5.1/hardware/tools/g++_arm_none_eabi/bin/../lib/gcc/arm-none-eabi/4.4.1/../../../../arm-none-eabi/lib/thumb2/libstdc++.a(pbase_type_info.o)
                0x00082a5c                _ZN10__cxxabiv117__pbase_type_infoD1Ev
 .text._ZN10__cxxabiv117__pbase_type_infoD2Ev
                0x00082a70       0x14 /project/arduino-1.5.1/hardware/tools/g++_arm_none_eabi/bin/../lib/gcc/arm-none-eabi/4.4.1/../../../../arm-none-eabi/lib/thumb2/libstdc++.a(pbase_type_info.o)
                0x00082a70                _ZN10__cxxabiv117__pbase_type_infoD2Ev
 .text._ZN10__cxxabiv117__pbase_type_infoD0Ev
                0x00082a84       0x1c /project/arduino-1.5.1/hardware/tools/g++_arm_none_eabi/bin/../lib/gcc/arm-none-eabi/4.4.1/../../../../arm-none-eabi/lib/thumb2/libstdc++.a(pbase_type_info.o)
                0x00082a84                _ZN10__cxxabiv117__pbase_type_infoD0Ev
 .text.__cxa_current_exception_type
                0x00082aa0       0x1c /project/arduino-1.5.1/hardware/tools/g++_arm_none_eabi/bin/../lib/gcc/arm-none-eabi/4.4.1/../../../../arm-none-eabi/lib/thumb2/libstdc++.a(eh_type.o)
                0x00082aa0                __cxa_current_exception_type
 .text          0x00082abc     0x38b8 /project/arduino-1.5.1/hardware/tools/g++_arm_none_eabi/bin/../lib/gcc/arm-none-eabi/4.4.1/../../../../arm-none-eabi/lib/thumb2/libstdc++.a(cp-demangle.o)
                0x00085ee4                __gcclibcxx_demangle_callback
                0x00085f14                __cxa_demangle
 .text          0x00086374       0x24 /project/arduino-1.5.1/hardware/tools/g++_arm_none_eabi/bin/../lib/gcc/arm-none-eabi/4.4.1/../../../../arm-none-eabi/lib/thumb2/libm.a(lib_a-s_isinfd.o)
                0x00086374                __isinfd
 .text          0x00086398       0x1c /project/arduino-1.5.1/hardware/tools/g++_arm_none_eabi/bin/../lib/gcc/arm-none-eabi/4.4.1/../../../../arm-none-eabi/lib/thumb2/libm.a(lib_a-s_isnand.o)
                0x00086398                __isnand
 .text          0x000863b4      0x370 /project/arduino-1.5.1/hardware/tools/g++_arm_none_eabi/bin/../lib/gcc/arm-none-eabi/4.4.1/thumb2/libgcc.a(_arm_addsubdf3.o)
                0x000863b4                __aeabi_drsub
                0x000863bc                __aeabi_dsub
                0x000863bc                __subdf3
                0x000863c0                __adddf3
                0x000863c0                __aeabi_dadd
                0x00086638                __aeabi_ui2d
                0x00086638                __floatunsidf
                0x00086658                __floatsidf
                0x00086658                __aeabi_i2d
                0x0008667c                __extendsfdf2
                0x0008667c                __aeabi_f2d
                0x000866b8                __aeabi_ul2d
                0x000866b8                __floatundidf
                0x000866c8                __floatdidf
                0x000866c8                __aeabi_l2d
 .text          0x00086724      0x424 /project/arduino-1.5.1/hardware/tools/g++_arm_none_eabi/bin/../lib/gcc/arm-none-eabi/4.4.1/thumb2/libgcc.a(_arm_muldivdf3.o)
                0x00086724                __aeabi_dmul
                0x00086724                __muldf3
                0x00086978                __aeabi_ddiv
                0x00086978                __divdf3
 .text          0x00086b48      0x110 /project/arduino-1.5.1/hardware/tools/g++_arm_none_eabi/bin/../lib/gcc/arm-none-eabi/4.4.1/thumb2/libgcc.a(_arm_cmpdf2.o)
                0x00086b48                __gtdf2
                0x00086b48                __gedf2
                0x00086b50                __ltdf2
                0x00086b50                __ledf2
                0x00086b58                __cmpdf2
                0x00086b58                __eqdf2
                0x00086b58                __nedf2
                0x00086bd4                __aeabi_cdrcmple
                0x00086be4                __aeabi_cdcmple
                0x00086be4                __aeabi_cdcmpeq
                0x00086bf4                __aeabi_dcmpeq
                0x00086c08                __aeabi_dcmplt
                0x00086c1c                __aeabi_dcmple
                0x00086c30                __aeabi_dcmpge
                0x00086c44                __aeabi_dcmpgt
 .text          0x00086c58       0x50 /project/arduino-1.5.1/hardware/tools/g++_arm_none_eabi/bin/../lib/gcc/arm-none-eabi/4.4.1/thumb2/libgcc.a(_arm_fixdfsi.o)
                0x00086c58                __fixdfsi
                0x00086c58                __aeabi_d2iz
 .text          0x00086ca8      0xc58 /project/arduino-1.5.1/hardware/tools/g++_arm_none_eabi/bin/../lib/gcc/arm-none-eabi/4.4.1/thumb2/libgcc.a(unwind-arm.o)
                0x00086cb4                _Unwind_VRS_Get
                0x00086cfc                _Unwind_VRS_Set
                0x00086dbc                _Unwind_GetCFA
                0x00086dc0                _Unwind_Complete
                0x00086dc4                _Unwind_DeleteException
                0x00087114                __aeabi_unwind_cpp_pr2
                0x00087118                __aeabi_unwind_cpp_pr1
                0x0008711c                __aeabi_unwind_cpp_pr0
                0x00087258                __gnu_Unwind_Backtrace
                0x00087424                __gnu_Unwind_ForcedUnwind
                0x00087468                __gnu_Unwind_RaiseException
                0x000874ec                __gnu_Unwind_Resume_or_Rethrow
                0x00087500                __gnu_Unwind_Resume
                0x0008753c                _Unwind_VRS_Pop
 .text          0x00087900      0x1ac /project/arduino-1.5.1/hardware/tools/g++_arm_none_eabi/bin/../lib/gcc/arm-none-eabi/4.4.1/thumb2/libgcc.a(libunwind.o)
                0x00087900                __restore_core_regs
                0x00087900                restore_core_regs
                0x00087918                __gnu_Unwind_Restore_VFP
                0x00087920                __gnu_Unwind_Save_VFP
                0x00087928                __gnu_Unwind_Restore_VFP_D
                0x00087930                __gnu_Unwind_Save_VFP_D
                0x00087938                __gnu_Unwind_Restore_VFP_D_16_to_31
                0x00087940                __gnu_Unwind_Save_VFP_D_16_to_31
                0x00087948                __gnu_Unwind_Restore_WMMXD
                0x0008798c                __gnu_Unwind_Save_WMMXD
                0x000879d0                __gnu_Unwind_Restore_WMMXC
                0x000879e4                __gnu_Unwind_Save_WMMXC
                0x000879f8                ___Unwind_RaiseException
                0x000879f8                _Unwind_RaiseException
                0x00087a1c                ___Unwind_Resume
                0x00087a1c                _Unwind_Resume
                0x00087a40                _Unwind_Resume_or_Rethrow
                0x00087a40                ___Unwind_Resume_or_Rethrow
                0x00087a64                ___Unwind_ForcedUnwind
                0x00087a64                _Unwind_ForcedUnwind
                0x00087a88                _Unwind_Backtrace
                0x00087a88                ___Unwind_Backtrace
 .text          0x00087aac      0x3b8 /project/arduino-1.5.1/hardware/tools/g++_arm_none_eabi/bin/../lib/gcc/arm-none-eabi/4.4.1/thumb2/libgcc.a(pr-support.o)
                0x00087ae4                _Unwind_GetTextRelBase
                0x00087aec                _Unwind_GetDataRelBase
                0x00087b10                _Unwind_GetLanguageSpecificData
                0x00087b24                _Unwind_GetRegionStart
                0x00087b30                __gnu_unwind_execute
                0x00087e38                __gnu_unwind_frame
 .text          0x00087e64       0x10 /project/arduino-1.5.1/hardware/tools/g++_arm_none_eabi/bin/../lib/gcc/arm-none-eabi/4.4.1/../../../../arm-none-eabi/lib/thumb2/libc.a(lib_a-abort.o)
                0x00087e64                abort
 .text          0x00087e74       0x54 /project/arduino-1.5.1/hardware/tools/g++_arm_none_eabi/bin/../lib/gcc/arm-none-eabi/4.4.1/../../../../arm-none-eabi/lib/thumb2/libc.a(lib_a-assert.o)
                0x00087e74                __assert_func
                0x00087ebc                __assert
 .text          0x00087ec8       0x4c /project/arduino-1.5.1/hardware/tools/g++_arm_none_eabi/bin/../lib/gcc/arm-none-eabi/4.4.1/../../../../arm-none-eabi/lib/thumb2/libc.a(lib_a-fiprintf.o)
                0x00087ec8                fiprintf
                0x00087ef4                _fiprintf_r
 .text          0x00087f14       0xac /project/arduino-1.5.1/hardware/tools/g++_arm_none_eabi/bin/../lib/gcc/arm-none-eabi/4.4.1/../../../../arm-none-eabi/lib/thumb2/libc.a(lib_a-fputc.o)
                0x00087f14                fputc
                0x00087f6c                _fputc_r
 .text          0x00087fc0       0x90 /project/arduino-1.5.1/hardware/tools/g++_arm_none_eabi/bin/../lib/gcc/arm-none-eabi/4.4.1/../../../../arm-none-eabi/lib/thumb2/libc.a(lib_a-fputs.o)
                0x00087fc0                _fputs_r
                0x00088040                fputs
 .text          0x00088050      0x334 /project/arduino-1.5.1/hardware/tools/g++_arm_none_eabi/bin/../lib/gcc/arm-none-eabi/4.4.1/../../../../arm-none-eabi/lib/thumb2/libc.a(lib_a-fvwrite.o)
                0x00088050                __sfvwrite_r
 .text          0x00088384       0xc0 /project/arduino-1.5.1/hardware/tools/g++_arm_none_eabi/bin/../lib/gcc/arm-none-eabi/4.4.1/../../../../arm-none-eabi/lib/thumb2/libc.a(lib_a-fwrite.o)
                0x00088384                _fwrite_r
                0x00088420                fwrite
 .text          0x00088444       0x50 /project/arduino-1.5.1/hardware/tools/g++_arm_none_eabi/bin/../lib/gcc/arm-none-eabi/4.4.1/../../../../arm-none-eabi/lib/thumb2/libc.a(lib_a-init.o)
                0x00088444                __libc_init_array
 .text          0x00088494       0x64 /project/arduino-1.5.1/hardware/tools/g++_arm_none_eabi/bin/../lib/gcc/arm-none-eabi/4.4.1/../../../../arm-none-eabi/lib/thumb2/libc.a(lib_a-iprintf.o)
                0x00088494                _iprintf_r
                0x000884c0                iprintf
 .text          0x000884f8       0x20 /project/arduino-1.5.1/hardware/tools/g++_arm_none_eabi/bin/../lib/gcc/arm-none-eabi/4.4.1/../../../../arm-none-eabi/lib/thumb2/libc.a(lib_a-malloc.o)
                0x000884f8                free
                0x00088508                malloc
 .text          0x00088518      0x5a4 /project/arduino-1.5.1/hardware/tools/g++_arm_none_eabi/bin/../lib/gcc/arm-none-eabi/4.4.1/../../../../arm-none-eabi/lib/thumb2/libc.a(lib_a-mallocr.o)
                0x00088518                _malloc_r
 .text          0x00088abc       0x74 /project/arduino-1.5.1/hardware/tools/g++_arm_none_eabi/bin/../lib/gcc/arm-none-eabi/4.4.1/../../../../arm-none-eabi/lib/thumb2/libc.a(lib_a-memchr.o)
                0x00088abc                memchr
 .text          0x00088b30       0x64 /project/arduino-1.5.1/hardware/tools/g++_arm_none_eabi/bin/../lib/gcc/arm-none-eabi/4.4.1/../../../../arm-none-eabi/lib/thumb2/libc.a(lib_a-memcmp.o)
                0x00088b30                memcmp
 .text          0x00088b94      0x190 /project/arduino-1.5.1/hardware/tools/g++_arm_none_eabi/bin/../lib/gcc/arm-none-eabi/4.4.1/../../../../arm-none-eabi/lib/thumb2/libc.a(lib_a-memcpy.o)
                0x00088b94                memcpy
 .text          0x00088d24       0xb8 /project/arduino-1.5.1/hardware/tools/g++_arm_none_eabi/bin/../lib/gcc/arm-none-eabi/4.4.1/../../../../arm-none-eabi/lib/thumb2/libc.a(lib_a-memmove.o)
                0x00088d24                memmove
 .text          0x00088ddc       0xd4 /project/arduino-1.5.1/hardware/tools/g++_arm_none_eabi/bin/../lib/gcc/arm-none-eabi/4.4.1/../../../../arm-none-eabi/lib/thumb2/libc.a(lib_a-memset.o)
                0x00088ddc                memset
 .text          0x00088eb0        0x8 /project/arduino-1.5.1/hardware/tools/g++_arm_none_eabi/bin/../lib/gcc/arm-none-eabi/4.4.1/../../../../arm-none-eabi/lib/thumb2/libc.a(lib_a-mlock.o)
                0x00088eb0                __malloc_lock
                0x00088eb4                __malloc_unlock
 .text          0x00088eb8      0x138 /project/arduino-1.5.1/hardware/tools/g++_arm_none_eabi/bin/../lib/gcc/arm-none-eabi/4.4.1/../../../../arm-none-eabi/lib/thumb2/libc.a(lib_a-putc.o)
                0x00088eb8                putc
                0x00088f60                _putc_r
 .text          0x00088ff0       0x14 /project/arduino-1.5.1/hardware/tools/g++_arm_none_eabi/bin/../lib/gcc/arm-none-eabi/4.4.1/../../../../arm-none-eabi/lib/thumb2/libc.a(lib_a-realloc.o)
                0x00088ff0                realloc
 .text          0x00089004      0x3b4 /project/arduino-1.5.1/hardware/tools/g++_arm_none_eabi/bin/../lib/gcc/arm-none-eabi/4.4.1/../../../../arm-none-eabi/lib/thumb2/libc.a(lib_a-reallocr.o)
                0x00089004                _realloc_r
 .text          0x000893b8       0x28 /project/arduino-1.5.1/hardware/tools/g++_arm_none_eabi/bin/../lib/gcc/arm-none-eabi/4.4.1/../../../../arm-none-eabi/lib/thumb2/libc.a(lib_a-sbrkr.o)
                0x000893b8                _sbrk_r
 .text          0x000893e0      0x14c /project/arduino-1.5.1/hardware/tools/g++_arm_none_eabi/bin/../lib/gcc/arm-none-eabi/4.4.1/../../../../arm-none-eabi/lib/thumb2/libc.a(lib_a-signal.o)
                0x000893e0                _raise_r
                0x00089438                raise
                0x00089448                _init_signal_r
                0x00089470                _init_signal
                0x0008947c                __sigtramp_r
                0x000894d0                __sigtramp
                0x000894e0                _signal_r
                0x0008951c                signal
 .text          0x0008952c       0x30 /project/arduino-1.5.1/hardware/tools/g++_arm_none_eabi/bin/../lib/gcc/arm-none-eabi/4.4.1/../../../../arm-none-eabi/lib/thumb2/libc.a(lib_a-signalr.o)
                0x0008952c                _getpid_r
                0x00089530                _kill_r
 .text          0x0008955c       0x94 /project/arduino-1.5.1/hardware/tools/g++_arm_none_eabi/bin/../lib/gcc/arm-none-eabi/4.4.1/../../../../arm-none-eabi/lib/thumb2/libc.a(lib_a-sprintf.o)
                0x0008955c                sprintf
                0x000895ac                _sprintf_r
 .text          0x000895f0      0x1dc /project/arduino-1.5.1/hardware/tools/g++_arm_none_eabi/bin/../lib/gcc/arm-none-eabi/4.4.1/../../../../arm-none-eabi/lib/thumb2/libc.a(lib_a-strcmp.o)
                0x000895f0                strcmp
 .text          0x000897cc       0xbc /project/arduino-1.5.1/hardware/tools/g++_arm_none_eabi/bin/../lib/gcc/arm-none-eabi/4.4.1/../../../../arm-none-eabi/lib/thumb2/libc.a(lib_a-strcpy.o)
                0x000897cc                strcpy
 .text          0x00089888       0x60 /project/arduino-1.5.1/hardware/tools/g++_arm_none_eabi/bin/../lib/gcc/arm-none-eabi/4.4.1/../../../../arm-none-eabi/lib/thumb2/libc.a(lib_a-strlen.o)
                0x00089888                strlen
 .text          0x000898e8       0xa8 /project/arduino-1.5.1/hardware/tools/g++_arm_none_eabi/bin/../lib/gcc/arm-none-eabi/4.4.1/../../../../arm-none-eabi/lib/thumb2/libc.a(lib_a-strncmp.o)
                0x000898e8                strncmp
 .text          0x00089990     0x15a8 /project/arduino-1.5.1/hardware/tools/g++_arm_none_eabi/bin/../lib/gcc/arm-none-eabi/4.4.1/../../../../arm-none-eabi/lib/thumb2/libc.a(lib_a-svfprintf.o)
                0x00089aac                _svfprintf_r
 .text          0x0008af38      0xd38 /project/arduino-1.5.1/hardware/tools/g++_arm_none_eabi/bin/../lib/gcc/arm-none-eabi/4.4.1/../../../../arm-none-eabi/lib/thumb2/libc.a(lib_a-vfiprintf.o)
                0x0008af54                _vfiprintf_r
                0x0008bc54                vfiprintf
 .text          0x0008bc70       0xf8 /project/arduino-1.5.1/hardware/tools/g++_arm_none_eabi/bin/../lib/gcc/arm-none-eabi/4.4.1/../../../../arm-none-eabi/lib/thumb2/libc.a(lib_a-wbuf.o)
                0x0008bc70                __swbuf_r
                0x0008bd58                __swbuf
 .text          0x0008bd68      0x104 /project/arduino-1.5.1/hardware/tools/g++_arm_none_eabi/bin/../lib/gcc/arm-none-eabi/4.4.1/../../../../arm-none-eabi/lib/thumb2/libc.a(lib_a-wsetup.o)
                0x0008bd68                __swsetup_r
 *fill*         0x0008be6c        0x4 00
 .text          0x0008be70      0xfb8 /project/arduino-1.5.1/hardware/tools/g++_arm_none_eabi/bin/../lib/gcc/arm-none-eabi/4.4.1/../../../../arm-none-eabi/lib/thumb2/libc.a(lib_a-dtoa.o)
                0x0008bf90                _dtoa_r
 .text          0x0008ce28      0x178 /project/arduino-1.5.1/hardware/tools/g++_arm_none_eabi/bin/../lib/gcc/arm-none-eabi/4.4.1/../../../../arm-none-eabi/lib/thumb2/libc.a(lib_a-fflush.o)
                0x0008ce28                _fflush_r
                0x0008cf78                fflush
 .text          0x0008cfa0      0x1c8 /project/arduino-1.5.1/hardware/tools/g++_arm_none_eabi/bin/../lib/gcc/arm-none-eabi/4.4.1/../../../../arm-none-eabi/lib/thumb2/libc.a(lib_a-findfp.o)
                0x0008cfa0                __sfp_lock_acquire
                0x0008cfa4                __sfp_lock_release
                0x0008cfa8                __sinit_lock_acquire
                0x0008cfac                __sinit_lock_release
                0x0008cfb8                __fp_unlock_all
                0x0008cfd0                __fp_lock_all
                0x0008cfe8                _cleanup_r
                0x0008cff4                _cleanup
                0x0008d050                __sfmoreglue
                0x0008d080                __sfp
                0x0008d108                __sinit
 .text          0x0008d168      0x268 /project/arduino-1.5.1/hardware/tools/g++_arm_none_eabi/bin/../lib/gcc/arm-none-eabi/4.4.1/../../../../arm-none-eabi/lib/thumb2/libc.a(lib_a-freer.o)
                0x0008d168                _malloc_trim_r
                0x0008d210                _free_r
 .text          0x0008d3d0       0xa0 /project/arduino-1.5.1/hardware/tools/g++_arm_none_eabi/bin/../lib/gcc/arm-none-eabi/4.4.1/../../../../arm-none-eabi/lib/thumb2/libc.a(lib_a-fwalk.o)
                0x0008d3d0                _fwalk_reent
                0x0008d424                _fwalk
 .text          0x0008d470       0x74 /project/arduino-1.5.1/hardware/tools/g++_arm_none_eabi/bin/../lib/gcc/arm-none-eabi/4.4.1/../../../../arm-none-eabi/lib/thumb2/libc.a(lib_a-locale.o)
                0x0008d470                __locale_charset
                0x0008d47c                _localeconv_r
                0x0008d484                localeconv
                0x0008d48c                _setlocale_r
                0x0008d4d4                setlocale
 .text          0x0008d4e4       0xdc /project/arduino-1.5.1/hardware/tools/g++_arm_none_eabi/bin/../lib/gcc/arm-none-eabi/4.4.1/../../../../arm-none-eabi/lib/thumb2/libc.a(lib_a-makebuf.o)
                0x0008d4e4                __smakebuf_r
 .text          0x0008d5c0      0x958 /project/arduino-1.5.1/hardware/tools/g++_arm_none_eabi/bin/../lib/gcc/arm-none-eabi/4.4.1/../../../../arm-none-eabi/lib/thumb2/libc.a(lib_a-mprec.o)
                0x0008d5c0                __hi0bits
                0x0008d600                __lo0bits
                0x0008d664                __mcmp
                0x0008d6a4                __ulp
                0x0008d6f0                __b2d
                0x0008d798                __ratio
                0x0008d7f8                _mprec_log10
                0x0008d830                __copybits
                0x0008d880                __any_on
                0x0008d8d8                _Bfree
                0x0008d910                _Balloc
                0x0008d97c                __d2b
                0x0008da4c                __mdiff
                0x0008db44                __lshift
                0x0008dc00                __multiply
                0x0008dd34                __i2b
                0x0008dd48                __multadd
                0x0008ddd0                __pow5mult
                0x0008de7c                __s2b
 .text          0x0008df18       0x90 /project/arduino-1.5.1/hardware/tools/g++_arm_none_eabi/bin/../lib/gcc/arm-none-eabi/4.4.1/../../../../arm-none-eabi/lib/thumb2/libc.a(lib_a-stdio.o)
                0x0008df18                __sclose
                0x0008df20                __sseek
                0x0008df48                __swrite
                0x0008df84                __sread
 .text          0x0008dfa8       0x2c /project/arduino-1.5.1/hardware/tools/g++_arm_none_eabi/bin/../lib/gcc/arm-none-eabi/4.4.1/../../../../arm-none-eabi/lib/thumb2/libc.a(lib_a-writer.o)
                0x0008dfa8                _write_r
 .text          0x0008dfd4       0x5c /project/arduino-1.5.1/hardware/tools/g++_arm_none_eabi/bin/../lib/gcc/arm-none-eabi/4.4.1/../../../../arm-none-eabi/lib/thumb2/libc.a(lib_a-callocr.o)
                0x0008dfd4                _calloc_r
 .text          0x0008e030       0x28 /project/arduino-1.5.1/hardware/tools/g++_arm_none_eabi/bin/../lib/gcc/arm-none-eabi/4.4.1/../../../../arm-none-eabi/lib/thumb2/libc.a(lib_a-closer.o)
                0x0008e030                _close_r
 .text          0x0008e058       0xcc /project/arduino-1.5.1/hardware/tools/g++_arm_none_eabi/bin/../lib/gcc/arm-none-eabi/4.4.1/../../../../arm-none-eabi/lib/thumb2/libc.a(lib_a-fclose.o)
                0x0008e058                _fclose_r
                0x0008e114                fclose
 .text          0x0008e124       0x2c /project/arduino-1.5.1/hardware/tools/g++_arm_none_eabi/bin/../lib/gcc/arm-none-eabi/4.4.1/../../../../arm-none-eabi/lib/thumb2/libc.a(lib_a-fstatr.o)
                0x0008e124                _fstat_r
 .text          0x0008e150       0x28 /project/arduino-1.5.1/hardware/tools/g++_arm_none_eabi/bin/../lib/gcc/arm-none-eabi/4.4.1/../../../../arm-none-eabi/lib/thumb2/libc.a(lib_a-isattyr.o)
                0x0008e150                _isatty_r
 .text          0x0008e178       0x2c /project/arduino-1.5.1/hardware/tools/g++_arm_none_eabi/bin/../lib/gcc/arm-none-eabi/4.4.1/../../../../arm-none-eabi/lib/thumb2/libc.a(lib_a-lseekr.o)
                0x0008e178                _lseek_r
 .text          0x0008e1a4       0x2c /project/arduino-1.5.1/hardware/tools/g++_arm_none_eabi/bin/../lib/gcc/arm-none-eabi/4.4.1/../../../../arm-none-eabi/lib/thumb2/libc.a(lib_a-readr.o)
                0x0008e1a4                _read_r
 .text          0x0008e1d0      0x278 /project/arduino-1.5.1/hardware/tools/g++_arm_none_eabi/bin/../lib/gcc/arm-none-eabi/4.4.1/thumb2/libgcc.a(_udivsi3.o)
                0x0008e1d0                __udivsi3
                0x0008e1d0                __aeabi_uidiv
                0x0008e42c                __aeabi_uidivmod
 .text          0x0008e448        0x4 /project/arduino-1.5.1/hardware/tools/g++_arm_none_eabi/bin/../lib/gcc/arm-none-eabi/4.4.1/thumb2/libgcc.a(_dvmd_tls.o)
                0x0008e448                __aeabi_ldiv0
                0x0008e448                __aeabi_idiv0
 .text          0x0008e44c       0x2c /project/arduino-1.5.1/hardware/tools/g++_arm_none_eabi/bin/../lib/gcc/arm-none-eabi/4.4.1/thumb2/libgcc.a(_aeabi_uldivmod.o)
                0x0008e44c                __aeabi_uldivmod
 .text          0x0008e478       0x58 /project/arduino-1.5.1/hardware/tools/g++_arm_none_eabi/bin/../lib/gcc/arm-none-eabi/4.4.1/thumb2/libgcc.a(bpabi.o)
                0x0008e478                __gnu_uldivmod_helper
                0x0008e4a4                __gnu_ldivmod_helper
 .text          0x0008e4d0      0x364 /project/arduino-1.5.1/hardware/tools/g++_arm_none_eabi/bin/../lib/gcc/arm-none-eabi/4.4.1/thumb2/libgcc.a(_divdi3.o)
                0x0008e4d0                __divdi3
 .text          0x0008e834      0x300 /project/arduino-1.5.1/hardware/tools/g++_arm_none_eabi/bin/../lib/gcc/arm-none-eabi/4.4.1/thumb2/libgcc.a(_udivdi3.o)
                0x0008e834                __udivdi3
 *(.glue_7t)
 .glue_7t       0x00000000        0x0 linker stubs
 *(.glue_7)
 .glue_7        0x00000000        0x0 linker stubs
 *(.rodata .rodata* .gnu.linkonce.r.*)
 .rodata._ZTI9Printable
                0x0008eb34        0x8 arduino_build/IPAddress.o
                0x0008eb34                _ZTI9Printable
 .rodata._ZTS9Printable
                0x0008eb3c        0xc arduino_build/IPAddress.o
                0x0008eb3c                _ZTS9Printable
 .rodata._ZTI9IPAddress
                0x0008eb48        0xc arduino_build/IPAddress.o
                0x0008eb48                _ZTI9IPAddress
 .rodata._ZTS9IPAddress
                0x0008eb54        0xc arduino_build/IPAddress.o
                0x0008eb54                _ZTS9IPAddress
 .rodata._ZTV9IPAddress
                0x0008eb60       0x10 arduino_build/IPAddress.o
                0x0008eb60                _ZTV9IPAddress
 .rodata._ZTI5Print
                0x0008eb70        0x8 arduino_build/Print.o
                0x0008eb70                _ZTI5Print
 .rodata._ZTS5Print
                0x0008eb78        0x8 arduino_build/Print.o
                0x0008eb78                _ZTS5Print
 .rodata._ZTI14HardwareSerial
                0x0008eb80        0xc arduino_build/UARTClass.o
                0x0008eb80                _ZTI14HardwareSerial
 .rodata._ZTS14HardwareSerial
                0x0008eb8c       0x14 arduino_build/UARTClass.o
                0x0008eb8c                _ZTS14HardwareSerial
 .rodata._ZTI6Stream
                0x0008eba0        0xc arduino_build/UARTClass.o
                0x0008eba0                _ZTI6Stream
 .rodata._ZTS6Stream
                0x0008ebac        0x8 arduino_build/UARTClass.o
                0x0008ebac                _ZTS6Stream
 .rodata._ZTS9UARTClass
                0x0008ebb4        0xc arduino_build/UARTClass.o
                0x0008ebb4                _ZTS9UARTClass
 .rodata._ZTV9UARTClass
                0x0008ebc0       0x28 arduino_build/UARTClass.o
                0x0008ebc0                _ZTV9UARTClass
 .rodata._ZTI9UARTClass
                0x0008ebe8        0xc arduino_build/UARTClass.o
                0x0008ebe8                _ZTI9UARTClass
 *fill*         0x0008ebf4        0x4 00
 .rodata._ZTV10USARTClass
                0x0008ebf8       0x28 arduino_build/USARTClass.o
                0x0008ebf8                _ZTV10USARTClass
 .rodata._ZTI10USARTClass
                0x0008ec20        0xc arduino_build/USARTClass.o
                0x0008ec20                _ZTI10USARTClass
 .rodata._ZTS10USARTClass
                0x0008ec2c       0x10 arduino_build/USARTClass.o
                0x0008ec2c                _ZTS10USARTClass
 .rodata.C.17.3627
                0x0008ec3c       0x2c arduino_build/pwmc.o
 .rodata.__FUNCTION__.3760
                0x0008ec68       0x14 arduino_build/pwmc.o
 .rodata.__FUNCTION__.3647
                0x0008ec7c       0x18 arduino_build/pwmc.o
 .rodata.str1.1
                0x0008ec94      0x203 arduino_build/pwmc.o
 *fill*         0x0008ee97        0x1 00
 .rodata.__FUNCTION__.3727
                0x0008ee98       0x18 arduino_build/pwmc.o
 .rodata.__FUNCTION__.3623
                0x0008eeb0       0x18 arduino_build/pwmc.o
 .rodata.str1.1
                0x0008eec8       0x19 arduino_build/syscalls_sam3.o
 *fill*         0x0008eee1        0x3 00
 .rodata.__FUNCTION__.3633
                0x0008eee4        0xc arduino_build/tc.o
 .rodata.str1.1
                0x0008eef0       0x8b arduino_build/tc.o
 *fill*         0x0008ef7b        0x1 00
 .rodata.__FUNCTION__.3622
                0x0008ef7c       0x10 arduino_build/tc.o
 .rodata.g_APinDescription
                0x0008ef8c      0x9bc arduino_build/variant.o
                0x0008ef8c                g_APinDescription
 .rodata.channelToChNo.5931
                0x0008f948       0x48 arduino_build/wiring_analog.o
 .rodata.channelToId.5934
                0x0008f990       0x48 arduino_build/wiring_analog.o
 .rodata.channelToTC.5933
                0x0008f9d8       0x48 arduino_build/wiring_analog.o
 .rodata.channelToAB.5932
                0x0008fa20       0x48 arduino_build/wiring_analog.o
 .rodata._ZTISt9type_info
                0x0008fa68        0x8 /project/arduino-1.5.1/hardware/tools/g++_arm_none_eabi/bin/../lib/gcc/arm-none-eabi/4.4.1/../../../../arm-none-eabi/lib/thumb2/libstdc++.a(tinfo.o)
                0x0008fa68                _ZTISt9type_info
 .rodata._ZTSSt9type_info
                0x0008fa70       0x10 /project/arduino-1.5.1/hardware/tools/g++_arm_none_eabi/bin/../lib/gcc/arm-none-eabi/4.4.1/../../../../arm-none-eabi/lib/thumb2/libstdc++.a(tinfo.o)
                0x0008fa70                _ZTSSt9type_info
 .rodata._ZTVSt9type_info
                0x0008fa80       0x20 /project/arduino-1.5.1/hardware/tools/g++_arm_none_eabi/bin/../lib/gcc/arm-none-eabi/4.4.1/../../../../arm-none-eabi/lib/thumb2/libstdc++.a(tinfo.o)
                0x0008fa80                _ZTVSt9type_info
 .rodata._ZTIPv
                0x0008faa0       0x10 /project/arduino-1.5.1/hardware/tools/g++_arm_none_eabi/bin/../lib/gcc/arm-none-eabi/4.4.1/../../../../arm-none-eabi/lib/thumb2/libstdc++.a(fundamental_type_info.o)
                0x0008faa0                _ZTIPv
 .rodata._ZTIv  0x0008fab0        0x8 /project/arduino-1.5.1/hardware/tools/g++_arm_none_eabi/bin/../lib/gcc/arm-none-eabi/4.4.1/../../../../arm-none-eabi/lib/thumb2/libstdc++.a(fundamental_type_info.o)
                0x0008fab0                _ZTIv
 .rodata._ZTSPv
                0x0008fab8        0x4 /project/arduino-1.5.1/hardware/tools/g++_arm_none_eabi/bin/../lib/gcc/arm-none-eabi/4.4.1/../../../../arm-none-eabi/lib/thumb2/libstdc++.a(fundamental_type_info.o)
                0x0008fab8                _ZTSPv
 .rodata._ZTSv  0x0008fabc        0x4 /project/arduino-1.5.1/hardware/tools/g++_arm_none_eabi/bin/../lib/gcc/arm-none-eabi/4.4.1/../../../../arm-none-eabi/lib/thumb2/libstdc++.a(fundamental_type_info.o)
                0x0008fabc                _ZTSv
 .rodata._ZTIN10__cxxabiv123__fundamental_type_infoE
                0x0008fac0        0xc /project/arduino-1.5.1/hardware/tools/g++_arm_none_eabi/bin/../lib/gcc/arm-none-eabi/4.4.1/../../../../arm-none-eabi/lib/thumb2/libstdc++.a(fundamental_type_info.o)
                0x0008fac0                _ZTIN10__cxxabiv123__fundamental_type_infoE
 .rodata._ZTSN10__cxxabiv123__fundamental_type_infoE
                0x0008facc       0x28 /project/arduino-1.5.1/hardware/tools/g++_arm_none_eabi/bin/../lib/gcc/arm-none-eabi/4.4.1/../../../../arm-none-eabi/lib/thumb2/libstdc++.a(fundamental_type_info.o)
                0x0008facc                _ZTSN10__cxxabiv123__fundamental_type_infoE
 *fill*         0x0008faf4        0x4 00
 .rodata._ZTVN10__cxxabiv123__fundamental_type_infoE
                0x0008faf8       0x20 /project/arduino-1.5.1/hardware/tools/g++_arm_none_eabi/bin/../lib/gcc/arm-none-eabi/4.4.1/../../../../arm-none-eabi/lib/thumb2/libstdc++.a(fundamental_type_info.o)
                0x0008faf8                _ZTVN10__cxxabiv123__fundamental_type_infoE
 .rodata._ZTVN10__cxxabiv117__class_type_infoE
                0x0008fb18       0x30 /project/arduino-1.5.1/hardware/tools/g++_arm_none_eabi/bin/../lib/gcc/arm-none-eabi/4.4.1/../../../../arm-none-eabi/lib/thumb2/libstdc++.a(class_type_info.o)
                0x0008fb18                _ZTVN10__cxxabiv117__class_type_infoE
 .rodata._ZTIN10__cxxabiv117__class_type_infoE
                0x0008fb48        0xc /project/arduino-1.5.1/hardware/tools/g++_arm_none_eabi/bin/../lib/gcc/arm-none-eabi/4.4.1/../../../../arm-none-eabi/lib/thumb2/libstdc++.a(class_type_info.o)
                0x0008fb48                _ZTIN10__cxxabiv117__class_type_infoE
 .rodata._ZTSN10__cxxabiv117__class_type_infoE
                0x0008fb54       0x24 /project/arduino-1.5.1/hardware/tools/g++_arm_none_eabi/bin/../lib/gcc/arm-none-eabi/4.4.1/../../../../arm-none-eabi/lib/thumb2/libstdc++.a(class_type_info.o)
                0x0008fb54                _ZTSN10__cxxabiv117__class_type_infoE
 .rodata._ZTISt9exception
                0x0008fb78        0x8 /project/arduino-1.5.1/hardware/tools/g++_arm_none_eabi/bin/../lib/gcc/arm-none-eabi/4.4.1/../../../../arm-none-eabi/lib/thumb2/libstdc++.a(eh_exception.o)
                0x0008fb78                _ZTISt9exception
 .rodata._ZTVSt9exception
                0x0008fb80       0x18 /project/arduino-1.5.1/hardware/tools/g++_arm_none_eabi/bin/../lib/gcc/arm-none-eabi/4.4.1/../../../../arm-none-eabi/lib/thumb2/libstdc++.a(eh_exception.o)
                0x0008fb80                _ZTVSt9exception
 .rodata._ZTIN10__cxxabiv115__forced_unwindE
                0x0008fb98        0x8 /project/arduino-1.5.1/hardware/tools/g++_arm_none_eabi/bin/../lib/gcc/arm-none-eabi/4.4.1/../../../../arm-none-eabi/lib/thumb2/libstdc++.a(eh_exception.o)
                0x0008fb98                _ZTIN10__cxxabiv115__forced_unwindE
 .rodata._ZTSSt13bad_exception
                0x0008fba0       0x14 /project/arduino-1.5.1/hardware/tools/g++_arm_none_eabi/bin/../lib/gcc/arm-none-eabi/4.4.1/../../../../arm-none-eabi/lib/thumb2/libstdc++.a(eh_exception.o)
                0x0008fba0                _ZTSSt13bad_exception
 .rodata._ZTSN10__cxxabiv119__foreign_exceptionE
                0x0008fbb4       0x24 /project/arduino-1.5.1/hardware/tools/g++_arm_none_eabi/bin/../lib/gcc/arm-none-eabi/4.4.1/../../../../arm-none-eabi/lib/thumb2/libstdc++.a(eh_exception.o)
                0x0008fbb4                _ZTSN10__cxxabiv119__foreign_exceptionE
 .rodata.str1.4
                0x0008fbd8       0x23 /project/arduino-1.5.1/hardware/tools/g++_arm_none_eabi/bin/../lib/gcc/arm-none-eabi/4.4.1/../../../../arm-none-eabi/lib/thumb2/libstdc++.a(eh_exception.o)
                                 0x24 (size before relaxing)
 *fill*         0x0008fbfb        0x1 00
 .rodata._ZTIN10__cxxabiv119__foreign_exceptionE
                0x0008fbfc        0x8 /project/arduino-1.5.1/hardware/tools/g++_arm_none_eabi/bin/../lib/gcc/arm-none-eabi/4.4.1/../../../../arm-none-eabi/lib/thumb2/libstdc++.a(eh_exception.o)
                0x0008fbfc                _ZTIN10__cxxabiv119__foreign_exceptionE
 *fill*         0x0008fc04        0x4 00
 .rodata._ZTVSt13bad_exception
                0x0008fc08       0x18 /project/arduino-1.5.1/hardware/tools/g++_arm_none_eabi/bin/../lib/gcc/arm-none-eabi/4.4.1/../../../../arm-none-eabi/lib/thumb2/libstdc++.a(eh_exception.o)
                0x0008fc08                _ZTVSt13bad_exception
 .rodata._ZTSSt9exception
                0x0008fc20       0x10 /project/arduino-1.5.1/hardware/tools/g++_arm_none_eabi/bin/../lib/gcc/arm-none-eabi/4.4.1/../../../../arm-none-eabi/lib/thumb2/libstdc++.a(eh_exception.o)
                0x0008fc20                _ZTSSt9exception
 .rodata._ZTSN10__cxxabiv115__forced_unwindE
                0x0008fc30       0x20 /project/arduino-1.5.1/hardware/tools/g++_arm_none_eabi/bin/../lib/gcc/arm-none-eabi/4.4.1/../../../../arm-none-eabi/lib/thumb2/libstdc++.a(eh_exception.o)
                0x0008fc30                _ZTSN10__cxxabiv115__forced_unwindE
 .rodata._ZTISt13bad_exception
                0x0008fc50        0xc /project/arduino-1.5.1/hardware/tools/g++_arm_none_eabi/bin/../lib/gcc/arm-none-eabi/4.4.1/../../../../arm-none-eabi/lib/thumb2/libstdc++.a(eh_exception.o)
                0x0008fc50                _ZTISt13bad_exception
 *fill*         0x0008fc5c        0x4 00
 .rodata._ZTVN10__cxxabiv120__si_class_type_infoE
                0x0008fc60       0x30 /project/arduino-1.5.1/hardware/tools/g++_arm_none_eabi/bin/../lib/gcc/arm-none-eabi/4.4.1/../../../../arm-none-eabi/lib/thumb2/libstdc++.a(si_class_type_info.o)
                0x0008fc60                _ZTVN10__cxxabiv120__si_class_type_infoE
 .rodata._ZTIN10__cxxabiv120__si_class_type_infoE
                0x0008fc90        0xc /project/arduino-1.5.1/hardware/tools/g++_arm_none_eabi/bin/../lib/gcc/arm-none-eabi/4.4.1/../../../../arm-none-eabi/lib/thumb2/libstdc++.a(si_class_type_info.o)
                0x0008fc90                _ZTIN10__cxxabiv120__si_class_type_infoE
 .rodata._ZTSN10__cxxabiv120__si_class_type_infoE
                0x0008fc9c       0x28 /project/arduino-1.5.1/hardware/tools/g++_arm_none_eabi/bin/../lib/gcc/arm-none-eabi/4.4.1/../../../../arm-none-eabi/lib/thumb2/libstdc++.a(si_class_type_info.o)
                0x0008fc9c                _ZTSN10__cxxabiv120__si_class_type_infoE
 *fill*         0x0008fcc4        0x4 00
 .rodata._ZTVSt10bad_typeid
                0x0008fcc8       0x18 /project/arduino-1.5.1/hardware/tools/g++_arm_none_eabi/bin/../lib/gcc/arm-none-eabi/4.4.1/../../../../arm-none-eabi/lib/thumb2/libstdc++.a(bad_typeid.o)
                0x0008fcc8                _ZTVSt10bad_typeid
 .rodata._ZTISt10bad_typeid
                0x0008fce0        0xc /project/arduino-1.5.1/hardware/tools/g++_arm_none_eabi/bin/../lib/gcc/arm-none-eabi/4.4.1/../../../../arm-none-eabi/lib/thumb2/libstdc++.a(bad_typeid.o)
                0x0008fce0                _ZTISt10bad_typeid
 .rodata.str1.4
                0x0008fcec       0x10 /project/arduino-1.5.1/hardware/tools/g++_arm_none_eabi/bin/../lib/gcc/arm-none-eabi/4.4.1/../../../../arm-none-eabi/lib/thumb2/libstdc++.a(bad_typeid.o)
 .rodata._ZTSSt10bad_typeid
                0x0008fcfc       0x10 /project/arduino-1.5.1/hardware/tools/g++_arm_none_eabi/bin/../lib/gcc/arm-none-eabi/4.4.1/../../../../arm-none-eabi/lib/thumb2/libstdc++.a(bad_typeid.o)
                0x0008fcfc                _ZTSSt10bad_typeid
 .rodata._ZTSN10__cxxabiv119__pointer_type_infoE
                0x0008fd0c       0x24 /project/arduino-1.5.1/hardware/tools/g++_arm_none_eabi/bin/../lib/gcc/arm-none-eabi/4.4.1/../../../../arm-none-eabi/lib/thumb2/libstdc++.a(pointer_type_info.o)
                0x0008fd0c                _ZTSN10__cxxabiv119__pointer_type_infoE
 .rodata._ZTIN10__cxxabiv119__pointer_type_infoE
                0x0008fd30        0xc /project/arduino-1.5.1/hardware/tools/g++_arm_none_eabi/bin/../lib/gcc/arm-none-eabi/4.4.1/../../../../arm-none-eabi/lib/thumb2/libstdc++.a(pointer_type_info.o)
                0x0008fd30                _ZTIN10__cxxabiv119__pointer_type_infoE
 *fill*         0x0008fd3c        0x4 00
 .rodata._ZTVN10__cxxabiv119__pointer_type_infoE
                0x0008fd40       0x28 /project/arduino-1.5.1/hardware/tools/g++_arm_none_eabi/bin/../lib/gcc/arm-none-eabi/4.4.1/../../../../arm-none-eabi/lib/thumb2/libstdc++.a(pointer_type_info.o)
                0x0008fd40                _ZTVN10__cxxabiv119__pointer_type_infoE
 .rodata.str1.4
                0x0008fd68       0x92 /project/arduino-1.5.1/hardware/tools/g++_arm_none_eabi/bin/../lib/gcc/arm-none-eabi/4.4.1/../../../../arm-none-eabi/lib/thumb2/libstdc++.a(vterminate.o)
                                 0x94 (size before relaxing)
 *fill*         0x0008fdfa        0x2 00
 .rodata._ZTIN10__cxxabiv117__pbase_type_infoE
                0x0008fdfc        0xc /project/arduino-1.5.1/hardware/tools/g++_arm_none_eabi/bin/../lib/gcc/arm-none-eabi/4.4.1/../../../../arm-none-eabi/lib/thumb2/libstdc++.a(pbase_type_info.o)
                0x0008fdfc                _ZTIN10__cxxabiv117__pbase_type_infoE
 .rodata._ZTSN10__cxxabiv117__pbase_type_infoE
                0x0008fe08       0x24 /project/arduino-1.5.1/hardware/tools/g++_arm_none_eabi/bin/../lib/gcc/arm-none-eabi/4.4.1/../../../../arm-none-eabi/lib/thumb2/libstdc++.a(pbase_type_info.o)
                0x0008fe08                _ZTSN10__cxxabiv117__pbase_type_infoE
 *fill*         0x0008fe2c        0x4 00
 .rodata._ZTVN10__cxxabiv117__pbase_type_infoE
                0x0008fe30       0x28 /project/arduino-1.5.1/hardware/tools/g++_arm_none_eabi/bin/../lib/gcc/arm-none-eabi/4.4.1/../../../../arm-none-eabi/lib/thumb2/libstdc++.a(pbase_type_info.o)
                0x0008fe30                _ZTVN10__cxxabiv117__pbase_type_infoE
 .rodata        0x0008fe58      0x694 /project/arduino-1.5.1/hardware/tools/g++_arm_none_eabi/bin/../lib/gcc/arm-none-eabi/4.4.1/../../../../arm-none-eabi/lib/thumb2/libstdc++.a(cp-demangle.o)
 .rodata.str1.4
                0x000904ec      0x6a3 /project/arduino-1.5.1/hardware/tools/g++_arm_none_eabi/bin/../lib/gcc/arm-none-eabi/4.4.1/../../../../arm-none-eabi/lib/thumb2/libstdc++.a(cp-demangle.o)
                                0x6cc (size before relaxing)
 *fill*         0x00090b8f        0x1 00
 .rodata.str1.4
                0x00090b90       0x3f /project/arduino-1.5.1/hardware/tools/g++_arm_none_eabi/bin/../lib/gcc/arm-none-eabi/4.4.1/../../../../arm-none-eabi/lib/thumb2/libc.a(lib_a-assert.o)
                                 0x44 (size before relaxing)
 *fill*         0x00090bcf        0x1 00
 .rodata        0x00090bd0        0x4 /project/arduino-1.5.1/hardware/tools/g++_arm_none_eabi/bin/../lib/gcc/arm-none-eabi/4.4.1/../../../../arm-none-eabi/lib/thumb2/libc.a(lib_a-impure.o)
                0x00090bd0                _global_impure_ptr
 .rodata.str1.4
                0x00090bd4        0x2 /project/arduino-1.5.1/hardware/tools/g++_arm_none_eabi/bin/../lib/gcc/arm-none-eabi/4.4.1/../../../../arm-none-eabi/lib/thumb2/libc.a(lib_a-impure.o)
                                  0x4 (size before relaxing)
 *fill*         0x00090bd6        0x2 00
 .rodata        0x00090bd8       0x20 /project/arduino-1.5.1/hardware/tools/g++_arm_none_eabi/bin/../lib/gcc/arm-none-eabi/4.4.1/../../../../arm-none-eabi/lib/thumb2/libc.a(lib_a-svfprintf.o)
 .rodata.str1.4
                0x00090bf8       0x42 /project/arduino-1.5.1/hardware/tools/g++_arm_none_eabi/bin/../lib/gcc/arm-none-eabi/4.4.1/../../../../arm-none-eabi/lib/thumb2/libc.a(lib_a-svfprintf.o)
                                 0x44 (size before relaxing)
 *fill*         0x00090c3a        0x2 00
 .rodata        0x00090c3c       0x20 /project/arduino-1.5.1/hardware/tools/g++_arm_none_eabi/bin/../lib/gcc/arm-none-eabi/4.4.1/../../../../arm-none-eabi/lib/thumb2/libc.a(lib_a-vfiprintf.o)
 .rodata.str1.4
                0x00000000       0x30 /project/arduino-1.5.1/hardware/tools/g++_arm_none_eabi/bin/../lib/gcc/arm-none-eabi/4.4.1/../../../../arm-none-eabi/lib/thumb2/libc.a(lib_a-vfiprintf.o)
 .rodata.str1.4
                0x00090c5c       0x10 /project/arduino-1.5.1/hardware/tools/g++_arm_none_eabi/bin/../lib/gcc/arm-none-eabi/4.4.1/../../../../arm-none-eabi/lib/thumb2/libc.a(lib_a-dtoa.o)
                                 0x14 (size before relaxing)
 .rodata        0x00090c6c       0x60 /project/arduino-1.5.1/hardware/tools/g++_arm_none_eabi/bin/../lib/gcc/arm-none-eabi/4.4.1/../../../../arm-none-eabi/lib/thumb2/libc.a(lib_a-findfp.o)
                0x00090c6c                __sf_fake_stdin
                0x00090c8c                __sf_fake_stdout
                0x00090cac                __sf_fake_stderr
 .rodata        0x00090ccc       0x34 /project/arduino-1.5.1/hardware/tools/g++_arm_none_eabi/bin/../lib/gcc/arm-none-eabi/4.4.1/../../../../arm-none-eabi/lib/thumb2/libc.a(lib_a-locale.o)
 .rodata.str1.4
                0x00090d00        0xc /project/arduino-1.5.1/hardware/tools/g++_arm_none_eabi/bin/../lib/gcc/arm-none-eabi/4.4.1/../../../../arm-none-eabi/lib/thumb2/libc.a(lib_a-locale.o)
                                 0x18 (size before relaxing)
 *fill*         0x00090d0c        0x4 00
 .rodata        0x00090d10      0x128 /project/arduino-1.5.1/hardware/tools/g++_arm_none_eabi/bin/../lib/gcc/arm-none-eabi/4.4.1/../../../../arm-none-eabi/lib/thumb2/libc.a(lib_a-mprec.o)
                0x00090d10                __mprec_tens
                0x00090de8                __mprec_bigtens
                0x00090e10                __mprec_tinytens
 *(.ARM.extab* .gnu.linkonce.armextab.*)
 .ARM.extab.text.main
                0x00090e38        0xc build/HelloWorld.o
 .ARM.extab.text._ZN5Print5printEc
                0x00090e44        0xc arduino_build/Print.o
 .ARM.extab.text._ZN5Print5writeEPKc
                0x00090e50        0x0 arduino_build/Print.o
 .ARM.extab.text._ZN9UARTClasscvbEv
                0x00090e50        0x0 arduino_build/UARTClass.o
 .ARM.extab.text._ZN10USARTClasscvbEv
                0x00090e50        0x0 arduino_build/USARTClass.o
 .ARM.extab.text.__gnu_end_cleanup
                0x00090e50        0xc /project/arduino-1.5.1/hardware/tools/g++_arm_none_eabi/bin/../lib/gcc/arm-none-eabi/4.4.1/../../../../arm-none-eabi/lib/thumb2/libstdc++.a(eh_arm.o)
 .ARM.extab.text.__cxa_bad_typeid
                0x00090e5c        0xc /project/arduino-1.5.1/hardware/tools/g++_arm_none_eabi/bin/../lib/gcc/arm-none-eabi/4.4.1/../../../../arm-none-eabi/lib/thumb2/libstdc++.a(eh_aux_runtime.o)
 .ARM.extab.text.__cxa_begin_catch
                0x00090e68       0x20 /project/arduino-1.5.1/hardware/tools/g++_arm_none_eabi/bin/../lib/gcc/arm-none-eabi/4.4.1/../../../../arm-none-eabi/lib/thumb2/libstdc++.a(eh_catch.o)
 .ARM.extab.text.__gxx_personality_v0
                0x00090e88       0x30 /project/arduino-1.5.1/hardware/tools/g++_arm_none_eabi/bin/../lib/gcc/arm-none-eabi/4.4.1/../../../../arm-none-eabi/lib/thumb2/libstdc++.a(eh_personality.o)
 .ARM.extab.text.__cxa_call_unexpected
                0x00090eb8       0x28 /project/arduino-1.5.1/hardware/tools/g++_arm_none_eabi/bin/../lib/gcc/arm-none-eabi/4.4.1/../../../../arm-none-eabi/lib/thumb2/libstdc++.a(eh_call.o)
 .ARM.extab.text.__cxa_allocate_exception
                0x00090ee0       0x20 /project/arduino-1.5.1/hardware/tools/g++_arm_none_eabi/bin/../lib/gcc/arm-none-eabi/4.4.1/../../../../arm-none-eabi/lib/thumb2/libstdc++.a(eh_alloc.o)
 .ARM.extab.text._ZN10__cxxabiv111__terminateEPFvvE
                0x00090f00       0x20 /project/arduino-1.5.1/hardware/tools/g++_arm_none_eabi/bin/../lib/gcc/arm-none-eabi/4.4.1/../../../../arm-none-eabi/lib/thumb2/libstdc++.a(eh_terminate.o)
 .ARM.extab.text._ZSt9terminatev
                0x00090f20        0xc /project/arduino-1.5.1/hardware/tools/g++_arm_none_eabi/bin/../lib/gcc/arm-none-eabi/4.4.1/../../../../arm-none-eabi/lib/thumb2/libstdc++.a(eh_terminate.o)
 .ARM.extab.text._ZN10__cxxabiv112__unexpectedEPFvvE
                0x00090f2c        0xc /project/arduino-1.5.1/hardware/tools/g++_arm_none_eabi/bin/../lib/gcc/arm-none-eabi/4.4.1/../../../../arm-none-eabi/lib/thumb2/libstdc++.a(eh_terminate.o)
 .ARM.extab.text._ZSt10unexpectedv
                0x00090f38        0xc /project/arduino-1.5.1/hardware/tools/g++_arm_none_eabi/bin/../lib/gcc/arm-none-eabi/4.4.1/../../../../arm-none-eabi/lib/thumb2/libstdc++.a(eh_terminate.o)
 .ARM.extab.text._ZN9__gnu_cxx27__verbose_terminate_handlerEv
                0x00090f44       0x44 /project/arduino-1.5.1/hardware/tools/g++_arm_none_eabi/bin/../lib/gcc/arm-none-eabi/4.4.1/../../../../arm-none-eabi/lib/thumb2/libstdc++.a(vterminate.o)
 .ARM.extab.text._ZNK10__cxxabiv117__pbase_type_info15__pointer_catchEPKS0_PPvj
                0x00090f88        0x0 /project/arduino-1.5.1/hardware/tools/g++_arm_none_eabi/bin/../lib/gcc/arm-none-eabi/4.4.1/../../../../arm-none-eabi/lib/thumb2/libstdc++.a(pbase_type_info.o)
 .ARM.extab     0x00090f88       0x24 /project/arduino-1.5.1/hardware/tools/g++_arm_none_eabi/bin/../lib/gcc/arm-none-eabi/4.4.1/thumb2/libgcc.a(unwind-arm.o)
 .ARM.extab     0x00090fac       0x18 /project/arduino-1.5.1/hardware/tools/g++_arm_none_eabi/bin/../lib/gcc/arm-none-eabi/4.4.1/thumb2/libgcc.a(pr-support.o)
                0x00090fc4                . = ALIGN (0x4)
 *(.init)
 .init          0x00090fc4        0x4 /project/arduino-1.5.1/hardware/tools/g++_arm_none_eabi/bin/../lib/gcc/arm-none-eabi/4.4.1/thumb2/crti.o
                0x00090fc4                _init
 .init          0x00090fc8        0x8 /project/arduino-1.5.1/hardware/tools/g++_arm_none_eabi/bin/../lib/gcc/arm-none-eabi/4.4.1/thumb2/crtn.o
                0x00090fd0                . = ALIGN (0x4)
                0x00090fd0                __preinit_array_start = .
 *(.preinit_array)
                0x00090fd0                __preinit_array_end = .
                0x00090fd0                . = ALIGN (0x4)
                0x00090fd0                __init_array_start = .
 *(SORT(.init_array.*))
 *(.init_array)
 .init_array    0x00090fd0        0x4 /project/arduino-1.5.1/hardware/tools/g++_arm_none_eabi/bin/../lib/gcc/arm-none-eabi/4.4.1/thumb2/crtbegin.o
 .init_array    0x00090fd4        0x4 arduino_build/IPAddress.o
 .init_array    0x00090fd8        0x4 arduino_build/variant.o
 .init_array    0x00090fdc        0x4 /project/arduino-1.5.1/hardware/tools/g++_arm_none_eabi/bin/../lib/gcc/arm-none-eabi/4.4.1/../../../../arm-none-eabi/lib/thumb2/libstdc++.a(eh_alloc.o)
                0x00090fe0                __init_array_end = .
                0x00090fe0                . = ALIGN (0x4)
 *crtbegin.o(.ctors)
 *(EXCLUDE_FILE(*crtend.o) .ctors)
 *(SORT(.ctors.*))
 *crtend.o(.ctors)
                0x00090fe0                . = ALIGN (0x4)
 *(.fini)
 .fini          0x00090fe0        0x4 /project/arduino-1.5.1/hardware/tools/g++_arm_none_eabi/bin/../lib/gcc/arm-none-eabi/4.4.1/thumb2/crti.o
                0x00090fe0                _fini
 .fini          0x00090fe4        0x8 /project/arduino-1.5.1/hardware/tools/g++_arm_none_eabi/bin/../lib/gcc/arm-none-eabi/4.4.1/thumb2/crtn.o
                0x00090fec                . = ALIGN (0x4)
                0x00090fec                __fini_array_start = .
 *(.fini_array)
 .fini_array    0x00090fec        0x4 /project/arduino-1.5.1/hardware/tools/g++_arm_none_eabi/bin/../lib/gcc/arm-none-eabi/4.4.1/thumb2/crtbegin.o
 *(SORT(.fini_array.*))
                0x00090ff0                __fini_array_end = .
 *crtbegin.o(.dtors)
 *(EXCLUDE_FILE(*crtend.o) .dtors)
 *(SORT(.dtors.*))
 *crtend.o(.dtors)
                0x00090ff0                . = ALIGN (0x4)
                0x00090ff0                _efixed = .
                0x00090ff0                PROVIDE (__exidx_start, .)

.jcr            0x00090ff0        0x0
 .jcr           0x00090ff0        0x0 /project/arduino-1.5.1/hardware/tools/g++_arm_none_eabi/bin/../lib/gcc/arm-none-eabi/4.4.1/thumb2/crtbegin.o

.vfp11_veneer   0x00090ff0        0x0
 .vfp11_veneer  0x00000000        0x0 linker stubs

.v4_bx          0x00090ff0        0x0
 .v4_bx         0x00000000        0x0 linker stubs

.ARM.exidx      0x00090ff0      0x2a0
 *(.ARM.exidx* .gnu.linkonce.armexidx.*)
 .ARM.exidx.text._Z9turn_leftv
                0x00090ff0        0x8 build/HelloWorld.o
 .ARM.exidx.text._Z10turn_rightv
                0x00090ff8        0x0 build/HelloWorld.o
                                  0x8 (size before relaxing)
 .ARM.exidx.text._Z9set_speedi
                0x00090ff8        0x0 build/HelloWorld.o
                                  0x8 (size before relaxing)
 .ARM.exidx.text.main
                0x00090ff8        0x8 build/HelloWorld.o
 .ARM.exidx.text._ZN9IPAddressC1Ehhhh
                0x00091000        0x8 arduino_build/IPAddress.o
 .ARM.exidx.text._ZNK9IPAddress7printToER5Print
                0x00091008        0x8 arduino_build/IPAddress.o
 .ARM.exidx.text._GLOBAL__I__ZN9IPAddressC2Ev
                0x00091010        0x8 arduino_build/IPAddress.o
 .ARM.exidx.text._ZN5Print5writeEPKhj
                0x00091018        0x8 arduino_build/Print.o
 .ARM.exidx.text._ZN5Print5printEc
                0x00091020        0x8 arduino_build/Print.o
 .ARM.exidx.text._ZN5Print5writeEPKc
                0x00091028        0x8 arduino_build/Print.o
 .ARM.exidx.text._ZN5Print11printNumberEmh
                0x00091030        0x8 arduino_build/Print.o
 .ARM.exidx.text._ZN5Print5printEmi
                0x00091038        0x8 arduino_build/Print.o
 .ARM.exidx.text._ZN5Print5printEhi
                0x00091040        0x8 arduino_build/Print.o
 .ARM.exidx.ramfunc
                0x00091290        0x0 arduino_build/Reset.o
                                  0x8 (size before relaxing)
 .ARM.exidx.text.tickReset
                0x00091048        0x0 arduino_build/Reset.o
                                  0x8 (size before relaxing)
 .ARM.exidx.text._ZN10RingBuffer10store_charEh
                0x00091048        0x0 arduino_build/RingBuffer.o
                                  0x8 (size before relaxing)
 .ARM.exidx.text._ZN10RingBufferC1Ev
                0x00091048        0x0 arduino_build/RingBuffer.o
                                  0x8 (size before relaxing)
 .ARM.exidx.text._ZN9UARTClasscvbEv
                0x00091048        0x0 arduino_build/UARTClass.o
                                  0x8 (size before relaxing)
 .ARM.exidx.text._ZN9UARTClassC1EP4Uart4IRQnmP10RingBuffer
                0x00091048        0x0 arduino_build/UARTClass.o
                                  0x8 (size before relaxing)
 .ARM.exidx.text._ZN9UARTClass9availableEv
                0x00091048        0x0 arduino_build/UARTClass.o
                                  0x8 (size before relaxing)
 .ARM.exidx.text._ZN9UARTClass4peekEv
                0x00091048        0x0 arduino_build/UARTClass.o
                                  0x8 (size before relaxing)
 .ARM.exidx.text._ZN9UARTClass4readEv
                0x00091048        0x0 arduino_build/UARTClass.o
                                  0x8 (size before relaxing)
 .ARM.exidx.text._ZN9UARTClass5flushEv