Archive member included because of file (symbol)

/project/arduino-1.5.1/hardware/tools/g++_arm_none_eabi/bin/../lib/gcc/arm-none-eabi/4.4.1/../../../../arm-none-eabi/lib/thumb2/libstdc++.a(eh_arm.o)
                              arduino_build/Stream.o (__cxa_end_cleanup)
/project/arduino-1.5.1/hardware/tools/g++_arm_none_eabi/bin/../lib/gcc/arm-none-eabi/4.4.1/../../../../arm-none-eabi/lib/thumb2/libstdc++.a(tinfo.o)
                              /project/arduino-1.5.1/hardware/tools/g++_arm_none_eabi/bin/../lib/gcc/arm-none-eabi/4.4.1/../../../../arm-none-eabi/lib/thumb2/libstdc++.a(eh_arm.o) (_ZNKSt9type_infoeqERKS_)
/project/arduino-1.5.1/hardware/tools/g++_arm_none_eabi/bin/../lib/gcc/arm-none-eabi/4.4.1/../../../../arm-none-eabi/lib/thumb2/libstdc++.a(eh_aux_runtime.o)
                              /project/arduino-1.5.1/hardware/tools/g++_arm_none_eabi/bin/../lib/gcc/arm-none-eabi/4.4.1/../../../../arm-none-eabi/lib/thumb2/libstdc++.a(eh_arm.o) (__cxa_bad_typeid)
/project/arduino-1.5.1/hardware/tools/g++_arm_none_eabi/bin/../lib/gcc/arm-none-eabi/4.4.1/../../../../arm-none-eabi/lib/thumb2/libstdc++.a(fundamental_type_info.o)
                              /project/arduino-1.5.1/hardware/tools/g++_arm_none_eabi/bin/../lib/gcc/arm-none-eabi/4.4.1/../../../../arm-none-eabi/lib/thumb2/libstdc++.a(eh_arm.o) (_ZTIv)
/project/arduino-1.5.1/hardware/tools/g++_arm_none_eabi/bin/../lib/gcc/arm-none-eabi/4.4.1/../../../../arm-none-eabi/lib/thumb2/libstdc++.a(class_type_info.o)
                              arduino_build/IPAddress.o (_ZTVN10__cxxabiv117__class_type_infoE)
/project/arduino-1.5.1/hardware/tools/g++_arm_none_eabi/bin/../lib/gcc/arm-none-eabi/4.4.1/../../../../arm-none-eabi/lib/thumb2/libstdc++.a(eh_exception.o)
                              /project/arduino-1.5.1/hardware/tools/g++_arm_none_eabi/bin/../lib/gcc/arm-none-eabi/4.4.1/../../../../arm-none-eabi/lib/thumb2/libstdc++.a(eh_arm.o) (_ZTIN10__cxxabiv119__foreign_exceptionE)
/project/arduino-1.5.1/hardware/tools/g++_arm_none_eabi/bin/../lib/gcc/arm-none-eabi/4.4.1/../../../../arm-none-eabi/lib/thumb2/libstdc++.a(eh_throw.o)
                              /project/arduino-1.5.1/hardware/tools/g++_arm_none_eabi/bin/../lib/gcc/arm-none-eabi/4.4.1/../../../../arm-none-eabi/lib/thumb2/libstdc++.a(eh_aux_runtime.o) (__cxa_throw)
/project/arduino-1.5.1/hardware/tools/g++_arm_none_eabi/bin/../lib/gcc/arm-none-eabi/4.4.1/../../../../arm-none-eabi/lib/thumb2/libstdc++.a(del_op.o)
                              /project/arduino-1.5.1/hardware/tools/g++_arm_none_eabi/bin/../lib/gcc/arm-none-eabi/4.4.1/../../../../arm-none-eabi/lib/thumb2/libstdc++.a(tinfo.o) (_ZdlPv)
/project/arduino-1.5.1/hardware/tools/g++_arm_none_eabi/bin/../lib/gcc/arm-none-eabi/4.4.1/../../../../arm-none-eabi/lib/thumb2/libstdc++.a(eh_catch.o)
                              /project/arduino-1.5.1/hardware/tools/g++_arm_none_eabi/bin/../lib/gcc/arm-none-eabi/4.4.1/../../../../arm-none-eabi/lib/thumb2/libstdc++.a(eh_throw.o) (__cxa_begin_catch)
/project/arduino-1.5.1/hardware/tools/g++_arm_none_eabi/bin/../lib/gcc/arm-none-eabi/4.4.1/../../../../arm-none-eabi/lib/thumb2/libstdc++.a(si_class_type_info.o)
                              arduino_build/IPAddress.o (_ZTVN10__cxxabiv120__si_class_type_infoE)
/project/arduino-1.5.1/hardware/tools/g++_arm_none_eabi/bin/../lib/gcc/arm-none-eabi/4.4.1/../../../../arm-none-eabi/lib/thumb2/libstdc++.a(bad_typeid.o)
                              /project/arduino-1.5.1/hardware/tools/g++_arm_none_eabi/bin/../lib/gcc/arm-none-eabi/4.4.1/../../../../arm-none-eabi/lib/thumb2/libstdc++.a(eh_aux_runtime.o) (_ZNSt10bad_typeidD1Ev)
/project/arduino-1.5.1/hardware/tools/g++_arm_none_eabi/bin/../lib/gcc/arm-none-eabi/4.4.1/../../../../arm-none-eabi/lib/thumb2/libstdc++.a(eh_globals.o)
                              /project/arduino-1.5.1/hardware/tools/g++_arm_none_eabi/bin/../lib/gcc/arm-none-eabi/4.4.1/../../../../arm-none-eabi/lib/thumb2/libstdc++.a(eh_catch.o) (__cxa_get_globals_fast)
/project/arduino-1.5.1/hardware/tools/g++_arm_none_eabi/bin/../lib/gcc/arm-none-eabi/4.4.1/../../../../arm-none-eabi/lib/thumb2/libstdc++.a(eh_personality.o)
                              build/HelloWorld.o (__gxx_personality_v0)
/project/arduino-1.5.1/hardware/tools/g++_arm_none_eabi/bin/../lib/gcc/arm-none-eabi/4.4.1/../../../../arm-none-eabi/lib/thumb2/libstdc++.a(bad_cast.o)
                              /project/arduino-1.5.1/hardware/tools/g++_arm_none_eabi/bin/../lib/gcc/arm-none-eabi/4.4.1/../../../../arm-none-eabi/lib/thumb2/libstdc++.a(eh_aux_runtime.o) (_ZNSt8bad_castD1Ev)
/project/arduino-1.5.1/hardware/tools/g++_arm_none_eabi/bin/../lib/gcc/arm-none-eabi/4.4.1/../../../../arm-none-eabi/lib/thumb2/libstdc++.a(eh_call.o)
                              /project/arduino-1.5.1/hardware/tools/g++_arm_none_eabi/bin/../lib/gcc/arm-none-eabi/4.4.1/../../../../arm-none-eabi/lib/thumb2/libstdc++.a(eh_personality.o) (__cxa_call_terminate)
[...]
Memory Configuration

Name             Origin             Length             Attributes
rom              0x00080000         0x00080000         xr
sram0            0x20000000         0x00010000         xrw
sram1            0x20080000         0x00008000         xrw
ram              0x20070000         0x00018000         xrw
*default*        0x00000000         0xffffffff

Linker script and memory map

LOAD /project/arduino-1.5.1/hardware/tools/g++_arm_none_eabi/bin/../lib/gcc/arm-none-eabi/4.4.1/thumb2/crti.o
LOAD /project/arduino-1.5.1/hardware/tools/g++_arm_none_eabi/bin/../lib/gcc/arm-none-eabi/4.4.1/thumb2/crtbegin.o
LOAD /project/arduino-1.5.1/hardware/tools/g++_arm_none_eabi/bin/../lib/gcc/arm-none-eabi/4.4.1/thumb2/libgcc.a
START GROUP
LOAD build/HelloWorld.o
LOAD arduino_build/IPAddress.o
LOAD arduino_build/Print.o
LOAD arduino_build/Reset.o
LOAD arduino_build/RingBuffer.o
LOAD arduino_build/Stream.o
LOAD arduino_build/UARTClass.o
LOAD arduino_build/USARTClass.o
LOAD arduino_build/WInterrupts.o
LOAD arduino_build/WMath.o
LOAD arduino_build/WString.o
LOAD arduino_build/adc.o
LOAD arduino_build/adc12_sam3u.o
LOAD arduino_build/cortex_handlers.o
LOAD arduino_build/cxxabi-compat.o
LOAD arduino_build/dacc.o
LOAD arduino_build/hooks.o
LOAD arduino_build/iar_calls_sam3.o
LOAD arduino_build/interrupt_sam_nvic.o
LOAD arduino_build/itoa.o
LOAD arduino_build/pio.o
LOAD arduino_build/pmc.o
LOAD arduino_build/pwmc.o
LOAD arduino_build/rtc.o
LOAD arduino_build/rtt.o
LOAD arduino_build/spi.o
LOAD arduino_build/startup_sam3xa.o
LOAD arduino_build/syscalls_sam3.o
LOAD arduino_build/system_sam3xa.o
LOAD arduino_build/tc.o
LOAD arduino_build/timetick.o
LOAD arduino_build/twi.o
LOAD arduino_build/udp.o
LOAD arduino_build/udphs.o
LOAD arduino_build/uotghs.o
LOAD arduino_build/uotghs_device.o
LOAD arduino_build/uotghs_host.o
LOAD arduino_build/usart.o
LOAD arduino_build/variant.o
LOAD arduino_build/wdt.o
LOAD arduino_build/wiring.o
LOAD arduino_build/wiring_analog.o
LOAD arduino_build/wiring_digital.o
LOAD arduino_build/wiring_pulse.o
LOAD arduino_build/wiring_shift.o
END GROUP
LOAD /project/arduino-1.5.1/hardware/tools/g++_arm_none_eabi/bin/../lib/gcc/arm-none-eabi/4.4.1/../../../../arm-none-eabi/lib/thumb2/libstdc++.a
LOAD /project/arduino-1.5.1/hardware/tools/g++_arm_none_eabi/bin/../lib/gcc/arm-none-eabi/4.4.1/../../../../arm-none-eabi/lib/thumb2/libm.a
START GROUP
LOAD /project/arduino-1.5.1/hardware/tools/g++_arm_none_eabi/bin/../lib/gcc/arm-none-eabi/4.4.1/thumb2/libgcc.a
LOAD /project/arduino-1.5.1/hardware/tools/g++_arm_none_eabi/bin/../lib/gcc/arm-none-eabi/4.4.1/../../../../arm-none-eabi/lib/thumb2/libc.a
END GROUP
LOAD /project/arduino-1.5.1/hardware/tools/g++_arm_none_eabi/bin/../lib/gcc/arm-none-eabi/4.4.1/thumb2/crtend.o
LOAD /project/arduino-1.5.1/hardware/tools/g++_arm_none_eabi/bin/../lib/gcc/arm-none-eabi/4.4.1/thumb2/crtn.o

.text           0x00080000    0x10d58
                0x00080000                . = ALIGN (0x4)
                0x00080000                _sfixed = .
 *(.vectors .vectors.*)
 .vectors       0x00080000       0xf4 arduino_build/startup_sam3xa.o
                0x00080000                exception_table
 *(.text .text.* .gnu.linkonce.t.*)
 .text          0x000800f4       0x30 /project/arduino-1.5.1/hardware/tools/g++_arm_none_eabi/bin/../lib/gcc/arm-none-eabi/4.4.1/thumb2/crtbegin.o
 .text.main     0x00080124       0x6c build/HelloWorld.o
                0x00080124                main
 .text._ZN9IPAddressC1Ehhhh
                0x00080190       0x1c arduino_build/IPAddress.o
                0x00080190                _ZN9IPAddressC1Ehhhh
 .text._ZNK9IPAddress7printToER5Print
                0x000801ac       0x3c arduino_build/IPAddress.o
                0x000801ac                _ZNK9IPAddress7printToER5Print
 .text._GLOBAL__I__ZN9IPAddressC2Ev
                0x000801e8       0x18 arduino_build/IPAddress.o
 .text._ZN5Print5writeEPKhj
                0x00080200       0x2e arduino_build/Print.o
                0x00080200                _ZN5Print5writeEPKhj
 .text._ZN5Print5printEc
                0x0008022e        0xa arduino_build/Print.o
                0x0008022e                _ZN5Print5printEc
 .text._ZN5Print5writeEPKc
                0x00080238       0x20 arduino_build/Print.o
                0x00080238                _ZN5Print5writeEPKc
 .text._ZN5Print11printNumberEmh
                0x00080258       0x3e arduino_build/Print.o
                0x00080258                _ZN5Print11printNumberEmh
 .text._ZN5Print5printEmi
                0x00080296       0x1a arduino_build/Print.o
                0x00080296                _ZN5Print5printEmi
 .text._ZN5Print5printEhi
                0x000802b0        0x4 arduino_build/Print.o
                0x000802b0                _ZN5Print5printEhi
 .text._ZN5Print5printEPKc
                0x000802b4        0x4 arduino_build/Print.o
                0x000802b4                _ZN5Print5printEPKc
 .text.tickReset
                0x000802b8       0x20 arduino_build/Reset.o
                0x000802b8                tickReset
 .text._ZN10RingBuffer10store_charEh
                0x000802d8       0x16 arduino_build/RingBuffer.o
                0x000802d8                _ZN10RingBuffer10store_charEh
 .text._ZN10RingBufferC1Ev
                0x000802ee       0x16 arduino_build/RingBuffer.o
                0x000802ee                _ZN10RingBufferC1Ev
 .text._ZN9UARTClasscvbEv
                0x00080304        0x4 arduino_build/UARTClass.o
                0x00080304                _ZN9UARTClasscvbEv
 .text._ZN9UARTClassC1EP4Uart4IRQnmP10RingBuffer
                0x00080308       0x24 arduino_build/UARTClass.o
                0x00080308                _ZN9UARTClassC1EP4Uart4IRQnmP10RingBuffer
 .text._ZN9UARTClass9availableEv
                0x0008032c        0xe arduino_build/UARTClass.o
                0x0008032c                _ZN9UARTClass9availableEv
 .text._ZN9UARTClass4peekEv
                0x0008033a       0x12 arduino_build/UARTClass.o
                0x0008033a                _ZN9UARTClass4peekEv
 .text._ZN9UARTClass4readEv
                0x0008034c       0x1c arduino_build/UARTClass.o
                0x0008034c                _ZN9UARTClass4readEv
 .text._ZN9UARTClass5flushEv
                0x00080368        0xc arduino_build/UARTClass.o
                0x00080368                _ZN9UARTClass5flushEv
 .text._ZN9UARTClass5writeEh
                0x00080374       0x10 arduino_build/UARTClass.o
                0x00080374                _ZN9UARTClass5writeEh
 .text._ZN9UARTClass10IrqHandlerEv
                0x00080384       0x2a arduino_build/UARTClass.o
                0x00080384                _ZN9UARTClass10IrqHandlerEv
 *fill*         0x000803ae        0x2 00
 .text._ZN9UARTClass5beginEm
                0x000803b0       0x5c arduino_build/UARTClass.o
                0x000803b0                _ZN9UARTClass5beginEm
 .text._ZN10USARTClasscvbEv
                0x0008040c        0x4 arduino_build/USARTClass.o
                0x0008040c                _ZN10USARTClasscvbEv
 .text._ZN10USARTClassC1EP5Usart4IRQnmP10RingBuffer
                0x00080410       0x24 arduino_build/USARTClass.o
                0x00080410                _ZN10USARTClassC1EP5Usart4IRQnmP10RingBuffer
 .text._ZN10USARTClass9availableEv
                0x00080434        0xe arduino_build/USARTClass.o
                0x00080434                _ZN10USARTClass9availableEv
 .text._ZN10USARTClass4peekEv
                0x00080442       0x12 arduino_build/USARTClass.o
                0x00080442                _ZN10USARTClass4peekEv
 .text._ZN10USARTClass4readEv
                0x00080454       0x1c arduino_build/USARTClass.o
                0x00080454                _ZN10USARTClass4readEv
 .text._ZN10USARTClass5flushEv
                0x00080470        0xc arduino_build/USARTClass.o
                0x00080470                _ZN10USARTClass5flushEv
 .text._ZN10USARTClass5writeEh
                0x0008047c       0x10 arduino_build/USARTClass.o
                0x0008047c                _ZN10USARTClass5writeEh
 .text._ZN10USARTClass10IrqHandlerEv
                0x0008048c       0x2a arduino_build/USARTClass.o
                0x0008048c                _ZN10USARTClass10IrqHandlerEv
 *fill*         0x000804b6        0x2 00
 .text.PIOA_Handler
                0x000804b8       0x2c arduino_build/WInterrupts.o
                0x000804b8                PIOA_Handler
 .text.PIOB_Handler
                0x000804e4       0x2c arduino_build/WInterrupts.o
                0x000804e4                PIOB_Handler
 .text.PIOC_Handler
                0x00080510       0x2c arduino_build/WInterrupts.o
                0x00080510                PIOC_Handler
 .text.adc_init
                0x0008053c       0x3a arduino_build/adc.o
                0x0008053c                adc_init
 .text.adc_configure_trigger
                0x00080576       0x10 arduino_build/adc.o
                0x00080576                adc_configure_trigger
 .text.adc_configure_timing
                0x00080586       0x1a arduino_build/adc.o
                0x00080586                adc_configure_timing
 .text.adc_start
                0x000805a0        0x6 arduino_build/adc.o
                0x000805a0                adc_start
 .text.adc_enable_channel
                0x000805a6        0x8 arduino_build/adc.o
                0x000805a6                adc_enable_channel
 .text.adc_disable_channel
                0x000805ae        0x8 arduino_build/adc.o
                0x000805ae                adc_disable_channel
 .text.adc_disable_all_channel
                0x000805b6        0x8 arduino_build/adc.o
                0x000805b6                adc_disable_all_channel
 .text.adc_get_latest_value
                0x000805be        0x4 arduino_build/adc.o
                0x000805be                adc_get_latest_value
 .text.adc_disable_interrupt
                0x000805c2        0x4 arduino_build/adc.o
                0x000805c2                adc_disable_interrupt
 .text.adc_get_status
                0x000805c6        0x4 arduino_build/adc.o
                0x000805c6                adc_get_status
 .text.NMI_Handler
                0x000805ca        0x2 arduino_build/cortex_handlers.o
                0x000805ca                NMI_Handler
 .text.HardFault_Handler
                0x000805cc        0x2 arduino_build/cortex_handlers.o
                0x000805cc                HardFault_Handler
 .text.MemManage_Handler
                0x000805ce        0x2 arduino_build/cortex_handlers.o
                0x000805ce                MemManage_Handler
 .text.BusFault_Handler
                0x000805d0        0x2 arduino_build/cortex_handlers.o
                0x000805d0                BusFault_Handler
 .text.UsageFault_Handler
                0x000805d2        0x2 arduino_build/cortex_handlers.o
                0x000805d2                UsageFault_Handler
 .text.SVC_Handler
                0x000805d4        0x2 arduino_build/cortex_handlers.o
                0x000805d4                SVC_Handler
 .text.DebugMon_Handler
                0x000805d6        0x2 arduino_build/cortex_handlers.o
                0x000805d6                DebugMon_Handler
 .text.PendSV_Handler
                0x000805d8        0x2 arduino_build/cortex_handlers.o
                0x000805d8                PendSV_Handler
 .text.dacc_reset
                0x000805da        0x6 arduino_build/dacc.o
                0x000805da                dacc_reset
 .text.dacc_set_transfer_mode
                0x000805e0       0x16 arduino_build/dacc.o
                0x000805e0                dacc_set_transfer_mode
 .text.dacc_get_interrupt_status
                0x000805f6        0x4 arduino_build/dacc.o
                0x000805f6                dacc_get_interrupt_status
 .text.dacc_write_conversion_data
                0x000805fa        0x4 arduino_build/dacc.o
                0x000805fa                dacc_write_conversion_data
 .text.dacc_set_channel_selection
                0x000805fe       0x18 arduino_build/dacc.o
                0x000805fe                dacc_set_channel_selection
 .text.dacc_set_power_save
                0x00080616       0x28 arduino_build/dacc.o
                0x00080616                dacc_set_power_save
 *fill*         0x0008063e        0x2 00
 .text.dacc_set_timing
                0x00080640       0x30 arduino_build/dacc.o
                0x00080640                dacc_set_timing
 .text.dacc_enable_channel
                0x00080670       0x14 arduino_build/dacc.o
                0x00080670                dacc_enable_channel
 .text.dacc_get_channel_status
                0x00080684        0x4 arduino_build/dacc.o
                0x00080684                dacc_get_channel_status
 .text.dacc_set_analog_control
                0x00080688        0x8 arduino_build/dacc.o
                0x00080688                dacc_set_analog_control
 .text.__empty  0x00080690        0x2 arduino_build/hooks.o
                0x00080690                yield
 .text.PIO_DisableInterrupt
                0x00080692        0x4 arduino_build/pio.o
                0x00080692                PIO_DisableInterrupt
 .text.PIO_PullUp
                0x00080696        0xa arduino_build/pio.o
                0x00080696                PIO_PullUp
 .text.PIO_SetPeripheral
                0x000806a0       0x2a arduino_build/pio.o
                0x000806a0                PIO_SetPeripheral
 .text.PIO_SetInput
                0x000806ca       0x38 arduino_build/pio.o
                0x000806ca                PIO_SetInput
 .text.PIO_SetOutput
                0x00080702       0x2e arduino_build/pio.o
                0x00080702                PIO_SetOutput
 .text.PIO_Configure
                0x00080730       0x64 arduino_build/pio.o
                0x00080730                PIO_Configure
 .text.PIO_GetOutputDataStatus
                0x00080794       0x16 arduino_build/pio.o
                0x00080794                PIO_GetOutputDataStatus
 *fill*         0x000807aa        0x2 00
 .text.pmc_enable_periph_clk
                0x000807ac       0x48 arduino_build/pmc.o
                0x000807ac                pmc_enable_periph_clk
 .text.pmc_disable_periph_clk
                0x000807f4       0x48 arduino_build/pmc.o
                0x000807f4                pmc_disable_periph_clk
 .text.PWMC_SetPeriod
                0x0008083c       0x22 arduino_build/pwmc.o
                0x0008083c                PWMC_SetPeriod
 .text.PWMC_EnableChannel
                0x0008085e        0x8 arduino_build/pwmc.o
                0x0008085e                PWMC_EnableChannel
 *fill*         0x00080866        0x2 00
 .text.PWMC_SetDutyCycle
                0x00080868       0x48 arduino_build/pwmc.o
                0x00080868                PWMC_SetDutyCycle
 .text.FindClockConfiguration
                0x000808b0       0x80 arduino_build/pwmc.o
 .text.PWMC_ConfigureClocks
                0x00080930       0x4c arduino_build/pwmc.o
                0x00080930                PWMC_ConfigureClocks
 .text.PWMC_ConfigureChannel
                0x0008097c       0x5c arduino_build/pwmc.o
                0x0008097c                PWMC_ConfigureChannel
 .text.Dummy_Handler
                0x000809d8        0x2 arduino_build/startup_sam3xa.o
                0x000809d8                DACC_Handler
                0x000809d8                DMAC_Handler
                0x000809d8                TRNG_Handler
                0x000809d8                TC2_Handler
                0x000809d8                TWI1_Handler
                0x000809d8                TC7_Handler
                0x000809d8                ADC_Handler
                0x000809d8                SMC_Handler
                0x000809d8                RTT_Handler
                0x000809d8                EFC1_Handler
                0x000809d8                RTC_Handler
                0x000809d8                TC6_Handler
                0x000809d8                WDT_Handler
                0x000809d8                CAN0_Handler
                0x000809d8                TC4_Handler
                0x000809d8                TC1_Handler
                0x000809d8                HSMCI_Handler
                0x000809d8                TC3_Handler
                0x000809d8                Dummy_Handler
                0x000809d8                TWI0_Handler
                0x000809d8                SSC_Handler
                0x000809d8                EFC0_Handler
                0x000809d8                PMC_Handler
                0x000809d8                PWM_Handler
                0x000809d8                CAN1_Handler
                0x000809d8                SUPC_Handler
                0x000809d8                TC8_Handler
                0x000809d8                USART2_Handler
                0x000809d8                PIOD_Handler
                0x000809d8                EMAC_Handler
                0x000809d8                RSTC_Handler
                0x000809d8                TC0_Handler
                0x000809d8                TC5_Handler
                0x000809d8                SPI0_Handler
 *fill*         0x000809da        0x2 00
 .text.Reset_Handler
                0x000809dc       0x74 arduino_build/startup_sam3xa.o
                0x000809dc                Reset_Handler
 .text._sbrk    0x00080a50       0x20 arduino_build/syscalls_sam3.o
                0x00080a50                _sbrk
 .text._close   0x00080a70        0x6 arduino_build/syscalls_sam3.o
                0x00080a70                _close
 .text._fstat   0x00080a76        0xa arduino_build/syscalls_sam3.o
                0x00080a76                _fstat
 .text._isatty  0x00080a80        0x4 arduino_build/syscalls_sam3.o
                0x00080a80                _isatty
 .text._lseek   0x00080a84        0x4 arduino_build/syscalls_sam3.o
                0x00080a84                _lseek
 .text._read    0x00080a88        0x4 arduino_build/syscalls_sam3.o
                0x00080a88                _read
 .text._write   0x00080a8c       0x20 arduino_build/syscalls_sam3.o
                0x00080a8c                _write
 .text._kill    0x00080aac        0x2 arduino_build/syscalls_sam3.o
                0x00080aac                _kill
 .text._getpid  0x00080aae        0x6 arduino_build/syscalls_sam3.o
                0x00080aae                _getpid
 .text._exit    0x00080ab4       0x10 arduino_build/syscalls_sam3.o
                0x00080ab4                _exit
 .text.SystemInit
                0x00080ac4       0x9c arduino_build/system_sam3xa.o
                0x00080ac4                SystemInit
 .text.TC_SetRA
                0x00080b60        0xa arduino_build/tc.o
                0x00080b60                TC_SetRA
 .text.TC_SetRB
                0x00080b6a        0x8 arduino_build/tc.o
                0x00080b6a                TC_SetRB
 .text.TC_SetRC
                0x00080b72        0x8 arduino_build/tc.o
                0x00080b72                TC_SetRC
 *fill*         0x00080b7a        0x2 00
 .text.TC_Start
                0x00080b7c       0x28 arduino_build/tc.o
                0x00080b7c                TC_Start
 .text.TC_Configure
                0x00080ba4       0x3c arduino_build/tc.o
                0x00080ba4                TC_Configure
 .text.TimeTick_Increment
                0x00080be0       0x10 arduino_build/timetick.o
                0x00080be0                TimeTick_Increment
 .text.GetTickCount
                0x00080bf0        0xc arduino_build/timetick.o
                0x00080bf0                GetTickCount
 .text.UOTGHS_Handler
                0x00080bfc       0x10 arduino_build/uotghs.o
                0x00080bfc                UOTGHS_Handler
 .text.init     0x00080c0c       0xfc arduino_build/variant.o
                0x00080c0c                init
 .text.USART3_Handler
                0x00080d08        0xc arduino_build/variant.o
                0x00080d08                USART3_Handler
 .text.USART1_Handler
                0x00080d14        0xc arduino_build/variant.o
                0x00080d14                USART1_Handler
 .text.USART0_Handler
                0x00080d20        0xc arduino_build/variant.o
                0x00080d20                USART0_Handler
 .text.UART_Handler
                0x00080d2c        0xc arduino_build/variant.o
                0x00080d2c                UART_Handler
 .text._GLOBAL__I_g_APinDescription
                0x00080d38       0x8c arduino_build/variant.o
 .text.WDT_Disable
                0x00080dc4        0x8 arduino_build/wdt.o
                0x00080dc4                WDT_Disable
 .text.SysTick_Handler
                0x00080dcc        0xe arduino_build/wiring.o
                0x00080dcc                SysTick_Handler
 .text.delay    0x00080dda       0x1a arduino_build/wiring.o
                0x00080dda                delay
 .text.TC_SetCMR_ChannelA
                0x00080df4       0x12 arduino_build/wiring_analog.o
 .text.TC_SetCMR_ChannelB
                0x00080e06       0x12 arduino_build/wiring_analog.o
 .text.analogOutputInit
                0x00080e18       0x14 arduino_build/wiring_analog.o
                0x00080e18                analogOutputInit
 .text.analogWrite
                0x00080e2c      0x2c0 arduino_build/wiring_analog.o
                0x00080e2c                analogWrite
 .text.analogRead
                0x000810ec       0x74 arduino_build/wiring_analog.o
                0x000810ec                analogRead
 .text.digitalWrite
                0x00081160       0x48 arduino_build/wiring_digital.o
                0x00081160                digitalWrite
 .text.pinMode  0x000811a8       0x68 arduino_build/wiring_digital.o
                0x000811a8                pinMode
 .text          0x00081210        0xc /project/arduino-1.5.1/hardware/tools/g++_arm_none_eabi/bin/../lib/gcc/arm-none-eabi/4.4.1/../../../../arm-none-eabi/lib/thumb2/libstdc++.a(eh_arm.o)
                0x00081210                __cxa_end_cleanup
 .text.__cxa_type_match
                0x0008121c      0x100 /project/arduino-1.5.1/hardware/tools/g++_arm_none_eabi/bin/../lib/gcc/arm-none-eabi/4.4.1/../../../../arm-none-eabi/lib/thumb2/libstdc++.a(eh_arm.o)
                0x0008121c                __cxa_type_match
 .text.__cxa_begin_cleanup
                0x0008131c       0x70 /project/arduino-1.5.1/hardware/tools/g++_arm_none_eabi/bin/../lib/gcc/arm-none-eabi/4.4.1/../../../../arm-none-eabi/lib/thumb2/libstdc++.a(eh_arm.o)
                0x0008131c                __cxa_begin_cleanup
 .text.__gnu_end_cleanup
                0x0008138c       0x74 /project/arduino-1.5.1/hardware/tools/g++_arm_none_eabi/bin/../lib/gcc/arm-none-eabi/4.4.1/../../../../arm-none-eabi/lib/thumb2/libstdc++.a(eh_arm.o)
                0x0008138c                __gnu_end_cleanup
 .text._ZNSt9type_infoD2Ev
                0x00081400        0xc /project/arduino-1.5.1/hardware/tools/g++_arm_none_eabi/bin/../lib/gcc/arm-none-eabi/4.4.1/../../../../arm-none-eabi/lib/thumb2/libstdc++.a(tinfo.o)
                0x00081400                _ZNSt9type_infoD2Ev
 .text._ZNSt9type_infoD1Ev
                0x0008140c        0xc /project/arduino-1.5.1/hardware/tools/g++_arm_none_eabi/bin/../lib/gcc/arm-none-eabi/4.4.1/../../../../arm-none-eabi/lib/thumb2/libstdc++.a(tinfo.o)
                0x0008140c                _ZNSt9type_infoD1Ev
 .text._ZNKSt9type_infoeqERKS_
                0x00081418       0x10 /project/arduino-1.5.1/hardware/tools/g++_arm_none_eabi/bin/../lib/gcc/arm-none-eabi/4.4.1/../../../../arm-none-eabi/lib/thumb2/libstdc++.a(tinfo.o)
                0x00081418                _ZNKSt9type_infoeqERKS_
 .text._ZNKSt9type_info14__is_pointer_pEv
                0x00081428        0x4 /project/arduino-1.5.1/hardware/tools/g++_arm_none_eabi/bin/../lib/gcc/arm-none-eabi/4.4.1/../../../../arm-none-eabi/lib/thumb2/libstdc++.a(tinfo.o)
                0x00081428                _ZNKSt9type_info14__is_pointer_pEv
 .text._ZNKSt9type_info15__is_function_pEv
                0x0008142c        0x4 /project/arduino-1.5.1/hardware/tools/g++_arm_none_eabi/bin/../lib/gcc/arm-none-eabi/4.4.1/../../../../arm-none-eabi/lib/thumb2/libstdc++.a(tinfo.o)
                0x0008142c                _ZNKSt9type_info15__is_function_pEv
 .text._ZNKSt9type_info10__do_catchEPKS_PPvj
                0x00081430       0x10 /project/arduino-1.5.1/hardware/tools/g++_arm_none_eabi/bin/../lib/gcc/arm-none-eabi/4.4.1/../../../../arm-none-eabi/lib/thumb2/libstdc++.a(tinfo.o)
                0x00081430                _ZNKSt9type_info10__do_catchEPKS_PPvj
 .text._ZNKSt9type_info11__do_upcastEPKN10__cxxabiv117__class_type_infoEPPv
                0x00081440        0x4 /project/arduino-1.5.1/hardware/tools/g++_arm_none_eabi/bin/../lib/gcc/arm-none-eabi/4.4.1/../../../../arm-none-eabi/lib/thumb2/libstdc++.a(tinfo.o)
                0x00081440                _ZNKSt9type_info11__do_upcastEPKN10__cxxabiv117__class_type_infoEPPv
 .text._ZNSt9type_infoD0Ev
                0x00081444       0x14 /project/arduino-1.5.1/hardware/tools/g++_arm_none_eabi/bin/../lib/gcc/arm-none-eabi/4.4.1/../../../../arm-none-eabi/lib/thumb2/libstdc++.a(tinfo.o)
                0x00081444                _ZNSt9type_infoD0Ev
 .text.__cxa_bad_typeid
                0x00081458       0x24 /project/arduino-1.5.1/hardware/tools/g++_arm_none_eabi/bin/../lib/gcc/arm-none-eabi/4.4.1/../../../../arm-none-eabi/lib/thumb2/libstdc++.a(eh_aux_runtime.o)
                0x00081458                __cxa_bad_typeid
 .text._ZN10__cxxabiv123__fundamental_type_infoD1Ev
                0x0008147c       0x14 /project/arduino-1.5.1/hardware/tools/g++_arm_none_eabi/bin/../lib/gcc/arm-none-eabi/4.4.1/../../../../arm-none-eabi/lib/thumb2/libstdc++.a(fundamental_type_info.o)
                0x0008147c                _ZN10__cxxabiv123__fundamental_type_infoD1Ev
 .text._ZN10__cxxabiv123__fundamental_type_infoD0Ev
                0x00081490       0x1c /project/arduino-1.5.1/hardware/tools/g++_arm_none_eabi/bin/../lib/gcc/arm-none-eabi/4.4.1/../../../../arm-none-eabi/lib/thumb2/libstdc++.a(fundamental_type_info.o)
                0x00081490                _ZN10__cxxabiv123__fundamental_type_infoD0Ev
 .text._ZNK10__cxxabiv117__class_type_info11__do_upcastEPKS0_PPv
                0x000814ac       0x38 /project/arduino-1.5.1/hardware/tools/g++_arm_none_eabi/bin/../lib/gcc/arm-none-eabi/4.4.1/../../../../arm-none-eabi/lib/thumb2/libstdc++.a(class_type_info.o)
                0x000814ac                _ZNK10__cxxabiv117__class_type_info11__do_upcastEPKS0_PPv
 .text._ZNK10__cxxabiv117__class_type_info20__do_find_public_srcEiPKvPKS0_S2_
                0x000814e4        0xc /project/arduino-1.5.1/hardware/tools/g++_arm_none_eabi/bin/../lib/gcc/arm-none-eabi/4.4.1/../../../../arm-none-eabi/lib/thumb2/libstdc++.a(class_type_info.o)
                0x000814e4                _ZNK10__cxxabiv117__class_type_info20__do_find_public_srcEiPKvPKS0_S2_
 .text._ZNK10__cxxabiv117__class_type_info11__do_upcastEPKS0_PKvRNS0_15__upcast_resultE
                0x000814f0       0x1c /project/arduino-1.5.1/hardware/tools/g++_arm_none_eabi/bin/../lib/gcc/arm-none-eabi/4.4.1/../../../../arm-none-eabi/lib/thumb2/libstdc++.a(class_type_info.o)
                0x000814f0                _ZNK10__cxxabiv117__class_type_info11__do_upcastEPKS0_PKvRNS0_15__upcast_resultE
 .text._ZNK10__cxxabiv117__class_type_info12__do_dyncastEiNS0_10__sub_kindEPKS0_PKvS3_S5_RNS0_16__dyncast_resultE
                0x0008150c       0x3c /project/arduino-1.5.1/hardware/tools/g++_arm_none_eabi/bin/../lib/gcc/arm-none-eabi/4.4.1/../../../../arm-none-eabi/lib/thumb2/libstdc++.a(class_type_info.o)
                0x0008150c                _ZNK10__cxxabiv117__class_type_info12__do_dyncastEiNS0_10__sub_kindEPKS0_PKvS3_S5_RNS0_16__dyncast_resultE
 .text._ZNK10__cxxabiv117__class_type_info10__do_catchEPKSt9type_infoPPvj
                0x00081548       0x28 /project/arduino-1.5.1/hardware/tools/g++_arm_none_eabi/bin/../lib/gcc/arm-none-eabi/4.4.1/../../../../arm-none-eabi/lib/thumb2/libstdc++.a(class_type_info.o)
                0x00081548                _ZNK10__cxxabiv117__class_type_info10__do_catchEPKSt9type_infoPPvj
 .text._ZN10__cxxabiv117__class_type_infoD1Ev
                0x00081570       0x14 /project/arduino-1.5.1/hardware/tools/g++_arm_none_eabi/bin/../lib/gcc/arm-none-eabi/4.4.1/../../../../arm-none-eabi/lib/thumb2/libstdc++.a(class_type_info.o)
                0x00081570                _ZN10__cxxabiv117__class_type_infoD1Ev
 .text._ZN10__cxxabiv117__class_type_infoD2Ev
                0x00081584       0x14 /project/arduino-1.5.1/hardware/tools/g++_arm_none_eabi/bin/../lib/gcc/arm-none-eabi/4.4.1/../../../../arm-none-eabi/lib/thumb2/libstdc++.a(class_type_info.o)
                0x00081584                _ZN10__cxxabiv117__class_type_infoD2Ev
 .text._ZN10__cxxabiv117__class_type_infoD0Ev
                0x00081598       0x1c /project/arduino-1.5.1/hardware/tools/g++_arm_none_eabi/bin/../lib/gcc/arm-none-eabi/4.4.1/../../../../arm-none-eabi/lib/thumb2/libstdc++.a(class_type_info.o)
                0x00081598                _ZN10__cxxabiv117__class_type_infoD0Ev
 .text._ZNSt9exceptionD2Ev
                0x000815b4        0xc /project/arduino-1.5.1/hardware/tools/g++_arm_none_eabi/bin/../lib/gcc/arm-none-eabi/4.4.1/../../../../arm-none-eabi/lib/thumb2/libstdc++.a(eh_exception.o)
                0x000815b4                _ZNSt9exceptionD2Ev
 .text._ZNSt9exceptionD1Ev
                0x000815c0        0xc /project/arduino-1.5.1/hardware/tools/g++_arm_none_eabi/bin/../lib/gcc/arm-none-eabi/4.4.1/../../../../arm-none-eabi/lib/thumb2/libstdc++.a(eh_exception.o)
                0x000815c0                _ZNSt9exceptionD1Ev
 .text._ZNSt13bad_exceptionD1Ev
                0x000815cc        0xc /project/arduino-1.5.1/hardware/tools/g++_arm_none_eabi/bin/../lib/gcc/arm-none-eabi/4.4.1/../../../../arm-none-eabi/lib/thumb2/libstdc++.a(eh_exception.o)
                0x000815cc                _ZNSt13bad_exceptionD1Ev
 .text._ZNKSt9exception4whatEv
                0x000815d8        0xc /project/arduino-1.5.1/hardware/tools/g++_arm_none_eabi/bin/../lib/gcc/arm-none-eabi/4.4.1/../../../../arm-none-eabi/lib/thumb2/libstdc++.a(eh_exception.o)
                0x000815d8                _ZNKSt9exception4whatEv
 .text._ZNKSt13bad_exception4whatEv
                0x000815e4        0xc /project/arduino-1.5.1/hardware/tools/g++_arm_none_eabi/bin/../lib/gcc/arm-none-eabi/4.4.1/../../../../arm-none-eabi/lib/thumb2/libstdc++.a(eh_exception.o)
                0x000815e4                _ZNKSt13bad_exception4whatEv
 .text._ZNSt9exceptionD0Ev
                0x000815f0       0x14 /project/arduino-1.5.1/hardware/tools/g++_arm_none_eabi/bin/../lib/gcc/arm-none-eabi/4.4.1/../../../../arm-none-eabi/lib/thumb2/libstdc++.a(eh_exception.o)
                0x000815f0                _ZNSt9exceptionD0Ev
 .text._ZNSt13bad_exceptionD0Ev
                0x00081604       0x14 /project/arduino-1.5.1/hardware/tools/g++_arm_none_eabi/bin/../lib/gcc/arm-none-eabi/4.4.1/../../../../arm-none-eabi/lib/thumb2/libstdc++.a(eh_exception.o)
                0x00081604                _ZNSt13bad_exceptionD0Ev
 .text.__cxa_rethrow
                0x00081618       0x74 /project/arduino-1.5.1/hardware/tools/g++_arm_none_eabi/bin/../lib/gcc/arm-none-eabi/4.4.1/../../../../arm-none-eabi/lib/thumb2/libstdc++.a(eh_throw.o)
                0x00081618                __cxa_rethrow
 .text.__cxa_throw
                0x0008168c       0x68 /project/arduino-1.5.1/hardware/tools/g++_arm_none_eabi/bin/../lib/gcc/arm-none-eabi/4.4.1/../../../../arm-none-eabi/lib/thumb2/libstdc++.a(eh_throw.o)
                0x0008168c                __cxa_throw
 .text._ZL23__gxx_exception_cleanup19_Unwind_Reason_CodeP21_Unwind_Control_Block
                0x000816f4       0x2c /project/arduino-1.5.1/hardware/tools/g++_arm_none_eabi/bin/../lib/gcc/arm-none-eabi/4.4.1/../../../../arm-none-eabi/lib/thumb2/libstdc++.a(eh_throw.o)
 .text._ZdlPv   0x00081720        0x8 /project/arduino-1.5.1/hardware/tools/g++_arm_none_eabi/bin/../lib/gcc/arm-none-eabi/4.4.1/../../../../arm-none-eabi/lib/thumb2/libstdc++.a(del_op.o)
                0x00081720                _ZdlPv
 .text.__cxa_end_catch
                0x00081728       0x94 /project/arduino-1.5.1/hardware/tools/g++_arm_none_eabi/bin/../lib/gcc/arm-none-eabi/4.4.1/../../../../arm-none-eabi/lib/thumb2/libstdc++.a(eh_catch.o)
                0x00081728                __cxa_end_catch
 .text.__cxa_begin_catch
                0x000817bc       0x94 /project/arduino-1.5.1/hardware/tools/g++_arm_none_eabi/bin/../lib/gcc/arm-none-eabi/4.4.1/../../../../arm-none-eabi/lib/thumb2/libstdc++.a(eh_catch.o)
                0x000817bc                __cxa_begin_catch
 .text._ZNK10__cxxabiv120__si_class_type_info11__do_upcastEPKNS_17__class_type_infoEPKvRNS1_15__upcast_resultE
                0x00081850       0x28 /project/arduino-1.5.1/hardware/tools/g++_arm_none_eabi/bin/../lib/gcc/arm-none-eabi/4.4.1/../../../../arm-none-eabi/lib/thumb2/libstdc++.a(si_class_type_info.o)
                0x00081850                _ZNK10__cxxabiv120__si_class_type_info11__do_upcastEPKNS_17__class_type_infoEPKvRNS1_15__upcast_resultE
 .text._ZNK10__cxxabiv120__si_class_type_info12__do_dyncastEiNS_17__class_type_info10__sub_kindEPKS1_PKvS4_S6_RNS1_16__dyncast_resultE
                0x00081878       0x88 /project/arduino-1.5.1/hardware/tools/g++_arm_none_eabi/bin/../lib/gcc/arm-none-eabi/4.4.1/../../../../arm-none-eabi/lib/thumb2/libstdc++.a(si_class_type_info.o)
                0x00081878                _ZNK10__cxxabiv120__si_class_type_info12__do_dyncastEiNS_17__class_type_info10__sub_kindEPKS1_PKvS4_S6_RNS1_16__dyncast_resultE
 .text._ZNK10__cxxabiv120__si_class_type_info20__do_find_public_srcEiPKvPKNS_17__class_type_infoES2_
                0x00081900       0x38 /project/arduino-1.5.1/hardware/tools/g++_arm_none_eabi/bin/../lib/gcc/arm-none-eabi/4.4.1/../../../../arm-none-eabi/lib/thumb2/libstdc++.a(si_class_type_info.o)
                0x00081900                _ZNK10__cxxabiv120__si_class_type_info20__do_find_public_srcEiPKvPKNS_17__class_type_infoES2_
 .text._ZN10__cxxabiv120__si_class_type_infoD1Ev
                0x00081938       0x14 /project/arduino-1.5.1/hardware/tools/g++_arm_none_eabi/bin/../lib/gcc/arm-none-eabi/4.4.1/../../../../arm-none-eabi/lib/thumb2/libstdc++.a(si_class_type_info.o)
                0x00081938                _ZN10__cxxabiv120__si_class_type_infoD1Ev
 .text._ZN10__cxxabiv120__si_class_type_infoD0Ev
                0x0008194c       0x1c /project/arduino-1.5.1/hardware/tools/g++_arm_none_eabi/bin/../lib/gcc/arm-none-eabi/4.4.1/../../../../arm-none-eabi/lib/thumb2/libstdc++.a(si_class_type_info.o)
                0x0008194c                _ZN10__cxxabiv120__si_class_type_infoD0Ev
 .text._ZNKSt10bad_typeid4whatEv
                0x00081968        0xc /project/arduino-1.5.1/hardware/tools/g++_arm_none_eabi/bin/../lib/gcc/arm-none-eabi/4.4.1/../../../../arm-none-eabi/lib/thumb2/libstdc++.a(bad_typeid.o)
                0x00081968                _ZNKSt10bad_typeid4whatEv
 .text._ZNSt10bad_typeidD1Ev
                0x00081974       0x14 /project/arduino-1.5.1/hardware/tools/g++_arm_none_eabi/bin/../lib/gcc/arm-none-eabi/4.4.1/../../../../arm-none-eabi/lib/thumb2/libstdc++.a(bad_typeid.o)
                0x00081974                _ZNSt10bad_typeidD1Ev
 .text._ZNSt10bad_typeidD0Ev
                0x00081988       0x1c /project/arduino-1.5.1/hardware/tools/g++_arm_none_eabi/bin/../lib/gcc/arm-none-eabi/4.4.1/../../../../arm-none-eabi/lib/thumb2/libstdc++.a(bad_typeid.o)
                0x00081988                _ZNSt10bad_typeidD0Ev
 .text.__cxa_get_globals_fast
                0x000819a4        0xc /project/arduino-1.5.1/hardware/tools/g++_arm_none_eabi/bin/../lib/gcc/arm-none-eabi/4.4.1/../../../../arm-none-eabi/lib/thumb2/libstdc++.a(eh_globals.o)
                0x000819a4                __cxa_get_globals_fast
 .text.__cxa_get_globals
                0x000819b0        0xc /project/arduino-1.5.1/hardware/tools/g++_arm_none_eabi/bin/../lib/gcc/arm-none-eabi/4.4.1/../../../../arm-none-eabi/lib/thumb2/libstdc++.a(eh_globals.o)
                0x000819b0                __cxa_get_globals
 .text._ZL21base_of_encoded_valuehP15_Unwind_Context
                0x000819bc       0x4c /project/arduino-1.5.1/hardware/tools/g++_arm_none_eabi/bin/../lib/gcc/arm-none-eabi/4.4.1/../../../../arm-none-eabi/lib/thumb2/libstdc++.a(eh_personality.o)
 .text._ZL17parse_lsda_headerP15_Unwind_ContextPKhP16lsda_header_info
                0x00081a08      0x190 /project/arduino-1.5.1/hardware/tools/g++_arm_none_eabi/bin/../lib/gcc/arm-none-eabi/4.4.1/../../../../arm-none-eabi/lib/thumb2/libstdc++.a(eh_personality.o)
 .text.__gxx_personality_v0
                0x00081b98      0x754 /project/arduino-1.5.1/hardware/tools/g++_arm_none_eabi/bin/../lib/gcc/arm-none-eabi/4.4.1/../../../../arm-none-eabi/lib/thumb2/libstdc++.a(eh_personality.o)
                0x00081b98                __gxx_personality_v0
 .text.__cxa_call_terminate
                0x000822ec       0x50 /project/arduino-1.5.1/hardware/tools/g++_arm_none_eabi/bin/../lib/gcc/arm-none-eabi/4.4.1/../../../../arm-none-eabi/lib/thumb2/libstdc++.a(eh_call.o)
                0x000822ec                __cxa_call_terminate
 .text.__cxa_call_unexpected
                0x0008233c      0x128 /project/arduino-1.5.1/hardware/tools/g++_arm_none_eabi/bin/../lib/gcc/arm-none-eabi/4.4.1/../../../../arm-none-eabi/lib/thumb2/libstdc++.a(eh_call.o)
                0x0008233c                __cxa_call_unexpected
 .text._GLOBAL__I___cxa_allocate_exception
                0x00082464        0x4 /project/arduino-1.5.1/hardware/tools/g++_arm_none_eabi/bin/../lib/gcc/arm-none-eabi/4.4.1/../../../../arm-none-eabi/lib/thumb2/libstdc++.a(eh_alloc.o)
 .text.__cxa_free_exception
                0x00082468       0x38 /project/arduino-1.5.1/hardware/tools/g++_arm_none_eabi/bin/../lib/gcc/arm-none-eabi/4.4.1/../../../../arm-none-eabi/lib/thumb2/libstdc++.a(eh_alloc.o)
                0x00082468                __cxa_free_exception
 .text.__cxa_allocate_exception
                0x000824a0       0x90 /project/arduino-1.5.1/hardware/tools/g++_arm_none_eabi/bin/../lib/gcc/arm-none-eabi/4.4.1/../../../../arm-none-eabi/lib/thumb2/libstdc++.a(eh_alloc.o)
                0x000824a0                __cxa_allocate_exception
 .text._ZN10__cxxabiv111__terminateEPFvvE
                0x00082530       0x20 /project/arduino-1.5.1/hardware/tools/g++_arm_none_eabi/bin/../lib/gcc/arm-none-eabi/4.4.1/../../../../arm-none-eabi/lib/thumb2/libstdc++.a(eh_terminate.o)
                0x00082530                _ZN10__cxxabiv111__terminateEPFvvE
 .text._ZSt9terminatev
                0x00082550       0x10 /project/arduino-1.5.1/hardware/tools/g++_arm_none_eabi/bin/../lib/gcc/arm-none-eabi/4.4.1/../../../../arm-none-eabi/lib/thumb2/libstdc++.a(eh_terminate.o)
                0x00082550                _ZSt9terminatev
 .text._ZN10__cxxabiv112__unexpectedEPFvvE
                0x00082560        0x8 /project/arduino-1.5.1/hardware/tools/g++_arm_none_eabi/bin/../lib/gcc/arm-none-eabi/4.4.1/../../../../arm-none-eabi/lib/thumb2/libstdc++.a(eh_terminate.o)
                0x00082560                _ZN10__cxxabiv112__unexpectedEPFvvE
 .text._ZSt10unexpectedv
                0x00082568       0x10 /project/arduino-1.5.1/hardware/tools/g++_arm_none_eabi/bin/../lib/gcc/arm-none-eabi/4.4.1/../../../../arm-none-eabi/lib/thumb2/libstdc++.a(eh_terminate.o)
                0x00082568                _ZSt10unexpectedv
 .text._ZNK10__cxxabiv119__pointer_type_info14__is_pointer_pEv
                0x00082578        0x4 /project/arduino-1.5.1/hardware/tools/g++_arm_none_eabi/bin/../lib/gcc/arm-none-eabi/4.4.1/../../../../arm-none-eabi/lib/thumb2/libstdc++.a(pointer_type_info.o)
                0x00082578                _ZNK10__cxxabiv119__pointer_type_info14__is_pointer_pEv
 .text._ZNK10__cxxabiv119__pointer_type_info15__pointer_catchEPKNS_17__pbase_type_infoEPPvj
                0x0008257c       0x4c /project/arduino-1.5.1/hardware/tools/g++_arm_none_eabi/bin/../lib/gcc/arm-none-eabi/4.4.1/../../../../arm-none-eabi/lib/thumb2/libstdc++.a(pointer_type_info.o)
                0x0008257c                _ZNK10__cxxabiv119__pointer_type_info15__pointer_catchEPKNS_17__pbase_type_infoEPPvj
 .text._ZN10__cxxabiv119__pointer_type_infoD1Ev
                0x000825c8       0x14 /project/arduino-1.5.1/hardware/tools/g++_arm_none_eabi/bin/../lib/gcc/arm-none-eabi/4.4.1/../../../../arm-none-eabi/lib/thumb2/libstdc++.a(pointer_type_info.o)
                0x000825c8                _ZN10__cxxabiv119__pointer_type_infoD1Ev
 .text._ZN10__cxxabiv119__pointer_type_infoD0Ev
                0x000825dc       0x1c /project/arduino-1.5.1/hardware/tools/g++_arm_none_eabi/bin/../lib/gcc/arm-none-eabi/4.4.1/../../../../arm-none-eabi/lib/thumb2/libstdc++.a(pointer_type_info.o)
                0x000825dc                _ZN10__cxxabiv119__pointer_type_infoD0Ev
 .text._ZN9__gnu_cxx27__verbose_terminate_handlerEv
                0x000825f8      0x140 /project/arduino-1.5.1/hardware/tools/g++_arm_none_eabi/bin/../lib/gcc/arm-none-eabi/4.4.1/../../../../arm-none-eabi/lib/thumb2/libstdc++.a(vterminate.o)
                0x000825f8                _ZN9__gnu_cxx27__verbose_terminate_handlerEv
 .text._ZNK10__cxxabiv117__pbase_type_info15__pointer_catchEPKS0_PPvj
                0x00082738       0x14 /project/arduino-1.5.1/hardware/tools/g++_arm_none_eabi/bin/../lib/gcc/arm-none-eabi/4.4.1/../../../../arm-none-eabi/lib/thumb2/libstdc++.a(pbase_type_info.o)
                0x00082738                _ZNK10__cxxabiv117__pbase_type_info15__pointer_catchEPKS0_PPvj
 .text._ZNK10__cxxabiv117__pbase_type_info10__do_catchEPKSt9type_infoPPvj
                0x0008274c       0x68 /project/arduino-1.5.1/hardware/tools/g++_arm_none_eabi/bin/../lib/gcc/arm-none-eabi/4.4.1/../../../../arm-none-eabi/lib/thumb2/libstdc++.a(pbase_type_info.o)
                0x0008274c                _ZNK10__cxxabiv117__pbase_type_info10__do_catchEPKSt9type_infoPPvj
 .text._ZN10__cxxabiv117__pbase_type_infoD1Ev
                0x000827b4       0x14 /project/arduino-1.5.1/hardware/tools/g++_arm_none_eabi/bin/../lib/gcc/arm-none-eabi/4.4.1/../../../../arm-none-eabi/lib/thumb2/libstdc++.a(pbase_type_info.o)
                0x000827b4                _ZN10__cxxabiv117__pbase_type_infoD1Ev
 .text._ZN10__cxxabiv117__pbase_type_infoD2Ev
                0x000827c8       0x14 /project/arduino-1.5.1/hardware/tools/g++_arm_none_eabi/bin/../lib/gcc/arm-none-eabi/4.4.1/../../../../arm-none-eabi/lib/thumb2/libstdc++.a(pbase_type_info.o)
                0x000827c8                _ZN10__cxxabiv117__pbase_type_infoD2Ev
 .text._ZN10__cxxabiv117__pbase_type_infoD0Ev
                0x000827dc       0x1c /project/arduino-1.5.1/hardware/tools/g++_arm_none_eabi/bin/../lib/gcc/arm-none-eabi/4.4.1/../../../../arm-none-eabi/lib/thumb2/libstdc++.a(pbase_type_info.o)
                0x000827dc                _ZN10__cxxabiv117__pbase_type_infoD0Ev
 .text.__cxa_current_exception_type
                0x000827f8       0x1c /project/arduino-1.5.1/hardware/tools/g++_arm_none_eabi/bin/../lib/gcc/arm-none-eabi/4.4.1/../../../../arm-none-eabi/lib/thumb2/libstdc++.a(eh_type.o)
                0x000827f8                __cxa_current_exception_type
 .text          0x00082814     0x38b8 /project/arduino-1.5.1/hardware/tools/g++_arm_none_eabi/bin/../lib/gcc/arm-none-eabi/4.4.1/../../../../arm-none-eabi/lib/thumb2/libstdc++.a(cp-demangle.o)
                0x00085c3c                __gcclibcxx_demangle_callback
                0x00085c6c                __cxa_demangle
 .text          0x000860cc       0x24 /project/arduino-1.5.1/hardware/tools/g++_arm_none_eabi/bin/../lib/gcc/arm-none-eabi/4.4.1/../../../../arm-none-eabi/lib/thumb2/libm.a(lib_a-s_isinfd.o)
                0x000860cc                __isinfd
 .text          0x000860f0       0x1c /project/arduino-1.5.1/hardware/tools/g++_arm_none_eabi/bin/../lib/gcc/arm-none-eabi/4.4.1/../../../../arm-none-eabi/lib/thumb2/libm.a(lib_a-s_isnand.o)
                0x000860f0                __isnand
 .text          0x0008610c      0x370 /project/arduino-1.5.1/hardware/tools/g++_arm_none_eabi/bin/../lib/gcc/arm-none-eabi/4.4.1/thumb2/libgcc.a(_arm_addsubdf3.o)
                0x0008610c                __aeabi_drsub
                0x00086114                __aeabi_dsub
                0x00086114                __subdf3
                0x00086118                __adddf3
                0x00086118                __aeabi_dadd
                0x00086390                __aeabi_ui2d
                0x00086390                __floatunsidf
                0x000863b0                __floatsidf
                0x000863b0                __aeabi_i2d
                0x000863d4                __extendsfdf2
                0x000863d4                __aeabi_f2d
                0x00086410                __aeabi_ul2d
                0x00086410                __floatundidf
                0x00086420                __floatdidf
                0x00086420                __aeabi_l2d
 .text          0x0008647c      0x424 /project/arduino-1.5.1/hardware/tools/g++_arm_none_eabi/bin/../lib/gcc/arm-none-eabi/4.4.1/thumb2/libgcc.a(_arm_muldivdf3.o)
                0x0008647c                __aeabi_dmul
                0x0008647c                __muldf3
                0x000866d0                __aeabi_ddiv
                0x000866d0                __divdf3
 .text          0x000868a0      0x110 /project/arduino-1.5.1/hardware/tools/g++_arm_none_eabi/bin/../lib/gcc/arm-none-eabi/4.4.1/thumb2/libgcc.a(_arm_cmpdf2.o)
                0x000868a0                __gtdf2
                0x000868a0                __gedf2
                0x000868a8                __ltdf2
                0x000868a8                __ledf2
                0x000868b0                __cmpdf2
                0x000868b0                __eqdf2
                0x000868b0                __nedf2
                0x0008692c                __aeabi_cdrcmple
                0x0008693c                __aeabi_cdcmple
                0x0008693c                __aeabi_cdcmpeq
                0x0008694c                __aeabi_dcmpeq
                0x00086960                __aeabi_dcmplt
                0x00086974                __aeabi_dcmple
                0x00086988                __aeabi_dcmpge
                0x0008699c                __aeabi_dcmpgt
 .text          0x000869b0       0x50 /project/arduino-1.5.1/hardware/tools/g++_arm_none_eabi/bin/../lib/gcc/arm-none-eabi/4.4.1/thumb2/libgcc.a(_arm_fixdfsi.o)
                0x000869b0                __fixdfsi
                0x000869b0                __aeabi_d2iz
 .text          0x00086a00      0xc58 /project/arduino-1.5.1/hardware/tools/g++_arm_none_eabi/bin/../lib/gcc/arm-none-eabi/4.4.1/thumb2/libgcc.a(unwind-arm.o)
                0x00086a0c                _Unwind_VRS_Get
                0x00086a54                _Unwind_VRS_Set
                0x00086b14                _Unwind_GetCFA
                0x00086b18                _Unwind_Complete
                0x00086b1c                _Unwind_DeleteException
                0x00086e6c                __aeabi_unwind_cpp_pr2
                0x00086e70                __aeabi_unwind_cpp_pr1
                0x00086e74                __aeabi_unwind_cpp_pr0
                0x00086fb0                __gnu_Unwind_Backtrace
                0x0008717c                __gnu_Unwind_ForcedUnwind
                0x000871c0                __gnu_Unwind_RaiseException
                0x00087244                __gnu_Unwind_Resume_or_Rethrow
                0x00087258                __gnu_Unwind_Resume
                0x00087294                _Unwind_VRS_Pop
 .text          0x00087658      0x1ac /project/arduino-1.5.1/hardware/tools/g++_arm_none_eabi/bin/../lib/gcc/arm-none-eabi/4.4.1/thumb2/libgcc.a(libunwind.o)
                0x00087658                __restore_core_regs
                0x00087658                restore_core_regs
                0x00087670                __gnu_Unwind_Restore_VFP
                0x00087678                __gnu_Unwind_Save_VFP
                0x00087680                __gnu_Unwind_Restore_VFP_D
                0x00087688                __gnu_Unwind_Save_VFP_D
                0x00087690                __gnu_Unwind_Restore_VFP_D_16_to_31
                0x00087698                __gnu_Unwind_Save_VFP_D_16_to_31
                0x000876a0                __gnu_Unwind_Restore_WMMXD
                0x000876e4                __gnu_Unwind_Save_WMMXD
                0x00087728                __gnu_Unwind_Restore_WMMXC
                0x0008773c                __gnu_Unwind_Save_WMMXC
                0x00087750                ___Unwind_RaiseException
                0x00087750                _Unwind_RaiseException
                0x00087774                ___Unwind_Resume
                0x00087774                _Unwind_Resume
                0x00087798                _Unwind_Resume_or_Rethrow
                0x00087798                ___Unwind_Resume_or_Rethrow
                0x000877bc                ___Unwind_ForcedUnwind
                0x000877bc                _Unwind_ForcedUnwind
                0x000877e0                _Unwind_Backtrace
                0x000877e0                ___Unwind_Backtrace
 .text          0x00087804      0x3b8 /project/arduino-1.5.1/hardware/tools/g++_arm_none_eabi/bin/../lib/gcc/arm-none-eabi/4.4.1/thumb2/libgcc.a(pr-support.o)
                0x0008783c                _Unwind_GetTextRelBase
                0x00087844                _Unwind_GetDataRelBase
                0x00087868                _Unwind_GetLanguageSpecificData
                0x0008787c                _Unwind_GetRegionStart
                0x00087888                __gnu_unwind_execute
                0x00087b90                __gnu_unwind_frame
 .text          0x00087bbc       0x10 /project/arduino-1.5.1/hardware/tools/g++_arm_none_eabi/bin/../lib/gcc/arm-none-eabi/4.4.1/../../../../arm-none-eabi/lib/thumb2/libc.a(lib_a-abort.o)
                0x00087bbc                abort
 .text          0x00087bcc       0x54 /project/arduino-1.5.1/hardware/tools/g++_arm_none_eabi/bin/../lib/gcc/arm-none-eabi/4.4.1/../../../../arm-none-eabi/lib/thumb2/libc.a(lib_a-assert.o)
                0x00087bcc                __assert_func
                0x00087c14                __assert
 .text          0x00087c20       0x4c /project/arduino-1.5.1/hardware/tools/g++_arm_none_eabi/bin/../lib/gcc/arm-none-eabi/4.4.1/../../../../arm-none-eabi/lib/thumb2/libc.a(lib_a-fiprintf.o)
                0x00087c20                fiprintf
                0x00087c4c                _fiprintf_r
 .text          0x00087c6c       0xac /project/arduino-1.5.1/hardware/tools/g++_arm_none_eabi/bin/../lib/gcc/arm-none-eabi/4.4.1/../../../../arm-none-eabi/lib/thumb2/libc.a(lib_a-fputc.o)
                0x00087c6c                fputc
                0x00087cc4                _fputc_r
 .text          0x00087d18       0x90 /project/arduino-1.5.1/hardware/tools/g++_arm_none_eabi/bin/../lib/gcc/arm-none-eabi/4.4.1/../../../../arm-none-eabi/lib/thumb2/libc.a(lib_a-fputs.o)
                0x00087d18                _fputs_r
                0x00087d98                fputs
 .text          0x00087da8      0x334 /project/arduino-1.5.1/hardware/tools/g++_arm_none_eabi/bin/../lib/gcc/arm-none-eabi/4.4.1/../../../../arm-none-eabi/lib/thumb2/libc.a(lib_a-fvwrite.o)
                0x00087da8                __sfvwrite_r
 .text          0x000880dc       0xc0 /project/arduino-1.5.1/hardware/tools/g++_arm_none_eabi/bin/../lib/gcc/arm-none-eabi/4.4.1/../../../../arm-none-eabi/lib/thumb2/libc.a(lib_a-fwrite.o)
                0x000880dc                _fwrite_r
                0x00088178                fwrite
 .text          0x0008819c       0x50 /project/arduino-1.5.1/hardware/tools/g++_arm_none_eabi/bin/../lib/gcc/arm-none-eabi/4.4.1/../../../../arm-none-eabi/lib/thumb2/libc.a(lib_a-init.o)
                0x0008819c                __libc_init_array
 .text          0x000881ec       0x64 /project/arduino-1.5.1/hardware/tools/g++_arm_none_eabi/bin/../lib/gcc/arm-none-eabi/4.4.1/../../../../arm-none-eabi/lib/thumb2/libc.a(lib_a-iprintf.o)
                0x000881ec                _iprintf_r
                0x00088218                iprintf
 .text          0x00088250       0x20 /project/arduino-1.5.1/hardware/tools/g++_arm_none_eabi/bin/../lib/gcc/arm-none-eabi/4.4.1/../../../../arm-none-eabi/lib/thumb2/libc.a(lib_a-malloc.o)
                0x00088250                free
                0x00088260                malloc
 .text          0x00088270      0x5a4 /project/arduino-1.5.1/hardware/tools/g++_arm_none_eabi/bin/../lib/gcc/arm-none-eabi/4.4.1/../../../../arm-none-eabi/lib/thumb2/libc.a(lib_a-mallocr.o)
                0x00088270                _malloc_r
 .text          0x00088814       0x74 /project/arduino-1.5.1/hardware/tools/g++_arm_none_eabi/bin/../lib/gcc/arm-none-eabi/4.4.1/../../../../arm-none-eabi/lib/thumb2/libc.a(lib_a-memchr.o)
                0x00088814                memchr
 .text          0x00088888       0x64 /project/arduino-1.5.1/hardware/tools/g++_arm_none_eabi/bin/../lib/gcc/arm-none-eabi/4.4.1/../../../../arm-none-eabi/lib/thumb2/libc.a(lib_a-memcmp.o)
                0x00088888                memcmp
 .text          0x000888ec      0x190 /project/arduino-1.5.1/hardware/tools/g++_arm_none_eabi/bin/../lib/gcc/arm-none-eabi/4.4.1/../../../../arm-none-eabi/lib/thumb2/libc.a(lib_a-memcpy.o)
                0x000888ec                memcpy
 .text          0x00088a7c       0xb8 /project/arduino-1.5.1/hardware/tools/g++_arm_none_eabi/bin/../lib/gcc/arm-none-eabi/4.4.1/../../../../arm-none-eabi/lib/thumb2/libc.a(lib_a-memmove.o)
                0x00088a7c                memmove
 .text          0x00088b34       0xd4 /project/arduino-1.5.1/hardware/tools/g++_arm_none_eabi/bin/../lib/gcc/arm-none-eabi/4.4.1/../../../../arm-none-eabi/lib/thumb2/libc.a(lib_a-memset.o)
                0x00088b34                memset
 .text          0x00088c08        0x8 /project/arduino-1.5.1/hardware/tools/g++_arm_none_eabi/bin/../lib/gcc/arm-none-eabi/4.4.1/../../../../arm-none-eabi/lib/thumb2/libc.a(lib_a-mlock.o)
                0x00088c08                __malloc_lock
                0x00088c0c                __malloc_unlock
 .text          0x00088c10      0x138 /project/arduino-1.5.1/hardware/tools/g++_arm_none_eabi/bin/../lib/gcc/arm-none-eabi/4.4.1/../../../../arm-none-eabi/lib/thumb2/libc.a(lib_a-putc.o)
                0x00088c10                putc
                0x00088cb8                _putc_r
 .text          0x00088d48       0x14 /project/arduino-1.5.1/hardware/tools/g++_arm_none_eabi/bin/../lib/gcc/arm-none-eabi/4.4.1/../../../../arm-none-eabi/lib/thumb2/libc.a(lib_a-realloc.o)
                0x00088d48                realloc
 .text          0x00088d5c      0x3b4 /project/arduino-1.5.1/hardware/tools/g++_arm_none_eabi/bin/../lib/gcc/arm-none-eabi/4.4.1/../../../../arm-none-eabi/lib/thumb2/libc.a(lib_a-reallocr.o)
                0x00088d5c                _realloc_r
 .text          0x00089110       0x28 /project/arduino-1.5.1/hardware/tools/g++_arm_none_eabi/bin/../lib/gcc/arm-none-eabi/4.4.1/../../../../arm-none-eabi/lib/thumb2/libc.a(lib_a-sbrkr.o)
                0x00089110                _sbrk_r
 .text          0x00089138      0x14c /project/arduino-1.5.1/hardware/tools/g++_arm_none_eabi/bin/../lib/gcc/arm-none-eabi/4.4.1/../../../../arm-none-eabi/lib/thumb2/libc.a(lib_a-signal.o)
                0x00089138                _raise_r
                0x00089190                raise
                0x000891a0                _init_signal_r
                0x000891c8                _init_signal
                0x000891d4                __sigtramp_r
                0x00089228                __sigtramp
                0x00089238                _signal_r
                0x00089274                signal
 .text          0x00089284       0x30 /project/arduino-1.5.1/hardware/tools/g++_arm_none_eabi/bin/../lib/gcc/arm-none-eabi/4.4.1/../../../../arm-none-eabi/lib/thumb2/libc.a(lib_a-signalr.o)
                0x00089284                _getpid_r
                0x00089288                _kill_r
 .text          0x000892b4       0x94 /project/arduino-1.5.1/hardware/tools/g++_arm_none_eabi/bin/../lib/gcc/arm-none-eabi/4.4.1/../../../../arm-none-eabi/lib/thumb2/libc.a(lib_a-sprintf.o)
                0x000892b4                sprintf
                0x00089304                _sprintf_r
 .text          0x00089348      0x1dc /project/arduino-1.5.1/hardware/tools/g++_arm_none_eabi/bin/../lib/gcc/arm-none-eabi/4.4.1/../../../../arm-none-eabi/lib/thumb2/libc.a(lib_a-strcmp.o)
                0x00089348                strcmp
 .text          0x00089524       0xbc /project/arduino-1.5.1/hardware/tools/g++_arm_none_eabi/bin/../lib/gcc/arm-none-eabi/4.4.1/../../../../arm-none-eabi/lib/thumb2/libc.a(lib_a-strcpy.o)
                0x00089524                strcpy
 .text          0x000895e0       0x60 /project/arduino-1.5.1/hardware/tools/g++_arm_none_eabi/bin/../lib/gcc/arm-none-eabi/4.4.1/../../../../arm-none-eabi/lib/thumb2/libc.a(lib_a-strlen.o)
                0x000895e0                strlen
 .text          0x00089640       0xa8 /project/arduino-1.5.1/hardware/tools/g++_arm_none_eabi/bin/../lib/gcc/arm-none-eabi/4.4.1/../../../../arm-none-eabi/lib/thumb2/libc.a(lib_a-strncmp.o)
                0x00089640                strncmp
 .text          0x000896e8     0x15a8 /project/arduino-1.5.1/hardware/tools/g++_arm_none_eabi/bin/../lib/gcc/arm-none-eabi/4.4.1/../../../../arm-none-eabi/lib/thumb2/libc.a(lib_a-svfprintf.o)
                0x00089804                _svfprintf_r
 .text          0x0008ac90      0xd38 /project/arduino-1.5.1/hardware/tools/g++_arm_none_eabi/bin/../lib/gcc/arm-none-eabi/4.4.1/../../../../arm-none-eabi/lib/thumb2/libc.a(lib_a-vfiprintf.o)
                0x0008acac                _vfiprintf_r
                0x0008b9ac                vfiprintf
 .text          0x0008b9c8       0xf8 /project/arduino-1.5.1/hardware/tools/g++_arm_none_eabi/bin/../lib/gcc/arm-none-eabi/4.4.1/../../../../arm-none-eabi/lib/thumb2/libc.a(lib_a-wbuf.o)
                0x0008b9c8                __swbuf_r
                0x0008bab0                __swbuf
 .text          0x0008bac0      0x104 /project/arduino-1.5.1/hardware/tools/g++_arm_none_eabi/bin/../lib/gcc/arm-none-eabi/4.4.1/../../../../arm-none-eabi/lib/thumb2/libc.a(lib_a-wsetup.o)
                0x0008bac0                __swsetup_r
 *fill*         0x0008bbc4        0x4 00
 .text          0x0008bbc8      0xfb8 /project/arduino-1.5.1/hardware/tools/g++_arm_none_eabi/bin/../lib/gcc/arm-none-eabi/4.4.1/../../../../arm-none-eabi/lib/thumb2/libc.a(lib_a-dtoa.o)
                0x0008bce8                _dtoa_r
 .text          0x0008cb80      0x178 /project/arduino-1.5.1/hardware/tools/g++_arm_none_eabi/bin/../lib/gcc/arm-none-eabi/4.4.1/../../../../arm-none-eabi/lib/thumb2/libc.a(lib_a-fflush.o)
                0x0008cb80                _fflush_r
                0x0008ccd0                fflush
 .text          0x0008ccf8      0x1c8 /project/arduino-1.5.1/hardware/tools/g++_arm_none_eabi/bin/../lib/gcc/arm-none-eabi/4.4.1/../../../../arm-none-eabi/lib/thumb2/libc.a(lib_a-findfp.o)
                0x0008ccf8                __sfp_lock_acquire
                0x0008ccfc                __sfp_lock_release
                0x0008cd00                __sinit_lock_acquire
                0x0008cd04                __sinit_lock_release
                0x0008cd10                __fp_unlock_all
                0x0008cd28                __fp_lock_all
                0x0008cd40                _cleanup_r
                0x0008cd4c                _cleanup
                0x0008cda8                __sfmoreglue
                0x0008cdd8                __sfp
                0x0008ce60                __sinit
 .text          0x0008cec0      0x268 /project/arduino-1.5.1/hardware/tools/g++_arm_none_eabi/bin/../lib/gcc/arm-none-eabi/4.4.1/../../../../arm-none-eabi/lib/thumb2/libc.a(lib_a-freer.o)
                0x0008cec0                _malloc_trim_r
                0x0008cf68                _free_r
 .text          0x0008d128       0xa0 /project/arduino-1.5.1/hardware/tools/g++_arm_none_eabi/bin/../lib/gcc/arm-none-eabi/4.4.1/../../../../arm-none-eabi/lib/thumb2/libc.a(lib_a-fwalk.o)
                0x0008d128                _fwalk_reent
                0x0008d17c                _fwalk
 .text          0x0008d1c8       0x74 /project/arduino-1.5.1/hardware/tools/g++_arm_none_eabi/bin/../lib/gcc/arm-none-eabi/4.4.1/../../../../arm-none-eabi/lib/thumb2/libc.a(lib_a-locale.o)
                0x0008d1c8                __locale_charset
                0x0008d1d4                _localeconv_r
                0x0008d1dc                localeconv
                0x0008d1e4                _setlocale_r
                0x0008d22c                setlocale
 .text          0x0008d23c       0xdc /project/arduino-1.5.1/hardware/tools/g++_arm_none_eabi/bin/../lib/gcc/arm-none-eabi/4.4.1/../../../../arm-none-eabi/lib/thumb2/libc.a(lib_a-makebuf.o)
                0x0008d23c                __smakebuf_r
 .text          0x0008d318      0x958 /project/arduino-1.5.1/hardware/tools/g++_arm_none_eabi/bin/../lib/gcc/arm-none-eabi/4.4.1/../../../../arm-none-eabi/lib/thumb2/libc.a(lib_a-mprec.o)
                0x0008d318                __hi0bits
                0x0008d358                __lo0bits
                0x0008d3bc                __mcmp
                0x0008d3fc                __ulp
                0x0008d448                __b2d
                0x0008d4f0                __ratio
                0x0008d550                _mprec_log10
                0x0008d588                __copybits
                0x0008d5d8                __any_on
                0x0008d630                _Bfree
                0x0008d668                _Balloc
                0x0008d6d4                __d2b
                0x0008d7a4                __mdiff
                0x0008d89c                __lshift
                0x0008d958                __multiply
                0x0008da8c                __i2b
                0x0008daa0                __multadd
                0x0008db28                __pow5mult
                0x0008dbd4                __s2b
 .text          0x0008dc70       0x90 /project/arduino-1.5.1/hardware/tools/g++_arm_none_eabi/bin/../lib/gcc/arm-none-eabi/4.4.1/../../../../arm-none-eabi/lib/thumb2/libc.a(lib_a-stdio.o)
                0x0008dc70                __sclose
                0x0008dc78                __sseek
                0x0008dca0                __swrite
                0x0008dcdc                __sread
 .text          0x0008dd00       0x2c /project/arduino-1.5.1/hardware/tools/g++_arm_none_eabi/bin/../lib/gcc/arm-none-eabi/4.4.1/../../../../arm-none-eabi/lib/thumb2/libc.a(lib_a-writer.o)
                0x0008dd00                _write_r
 .text          0x0008dd2c       0x5c /project/arduino-1.5.1/hardware/tools/g++_arm_none_eabi/bin/../lib/gcc/arm-none-eabi/4.4.1/../../../../arm-none-eabi/lib/thumb2/libc.a(lib_a-callocr.o)
                0x0008dd2c                _calloc_r
 .text          0x0008dd88       0x28 /project/arduino-1.5.1/hardware/tools/g++_arm_none_eabi/bin/../lib/gcc/arm-none-eabi/4.4.1/../../../../arm-none-eabi/lib/thumb2/libc.a(lib_a-closer.o)
                0x0008dd88                _close_r
 .text          0x0008ddb0       0xcc /project/arduino-1.5.1/hardware/tools/g++_arm_none_eabi/bin/../lib/gcc/arm-none-eabi/4.4.1/../../../../arm-none-eabi/lib/thumb2/libc.a(lib_a-fclose.o)
                0x0008ddb0                _fclose_r
                0x0008de6c                fclose
 .text          0x0008de7c       0x2c /project/arduino-1.5.1/hardware/tools/g++_arm_none_eabi/bin/../lib/gcc/arm-none-eabi/4.4.1/../../../../arm-none-eabi/lib/thumb2/libc.a(lib_a-fstatr.o)
                0x0008de7c                _fstat_r
 .text          0x0008dea8       0x28 /project/arduino-1.5.1/hardware/tools/g++_arm_none_eabi/bin/../lib/gcc/arm-none-eabi/4.4.1/../../../../arm-none-eabi/lib/thumb2/libc.a(lib_a-isattyr.o)
                0x0008dea8                _isatty_r
 .text          0x0008ded0       0x2c /project/arduino-1.5.1/hardware/tools/g++_arm_none_eabi/bin/../lib/gcc/arm-none-eabi/4.4.1/../../../../arm-none-eabi/lib/thumb2/libc.a(lib_a-lseekr.o)
                0x0008ded0                _lseek_r
 .text          0x0008defc       0x2c /project/arduino-1.5.1/hardware/tools/g++_arm_none_eabi/bin/../lib/gcc/arm-none-eabi/4.4.1/../../../../arm-none-eabi/lib/thumb2/libc.a(lib_a-readr.o)
                0x0008defc                _read_r
 .text          0x0008df28      0x278 /project/arduino-1.5.1/hardware/tools/g++_arm_none_eabi/bin/../lib/gcc/arm-none-eabi/4.4.1/thumb2/libgcc.a(_udivsi3.o)
                0x0008df28                __udivsi3
                0x0008df28                __aeabi_uidiv
                0x0008e184                __aeabi_uidivmod
 .text          0x0008e1a0        0x4 /project/arduino-1.5.1/hardware/tools/g++_arm_none_eabi/bin/../lib/gcc/arm-none-eabi/4.4.1/thumb2/libgcc.a(_dvmd_tls.o)
                0x0008e1a0                __aeabi_ldiv0
                0x0008e1a0                __aeabi_idiv0
 .text          0x0008e1a4       0x2c /project/arduino-1.5.1/hardware/tools/g++_arm_none_eabi/bin/../lib/gcc/arm-none-eabi/4.4.1/thumb2/libgcc.a(_aeabi_uldivmod.o)
                0x0008e1a4                __aeabi_uldivmod
 .text          0x0008e1d0       0x58 /project/arduino-1.5.1/hardware/tools/g++_arm_none_eabi/bin/../lib/gcc/arm-none-eabi/4.4.1/thumb2/libgcc.a(bpabi.o)
                0x0008e1d0                __gnu_uldivmod_helper
                0x0008e1fc                __gnu_ldivmod_helper
 .text          0x0008e228      0x364 /project/arduino-1.5.1/hardware/tools/g++_arm_none_eabi/bin/../lib/gcc/arm-none-eabi/4.4.1/thumb2/libgcc.a(_divdi3.o)
                0x0008e228                __divdi3
 .text          0x0008e58c      0x300 /project/arduino-1.5.1/hardware/tools/g++_arm_none_eabi/bin/../lib/gcc/arm-none-eabi/4.4.1/thumb2/libgcc.a(_udivdi3.o)
                0x0008e58c                __udivdi3
 *(.glue_7t)
 .glue_7t       0x00000000        0x0 linker stubs
 *(.glue_7)
 .glue_7        0x00000000        0x0 linker stubs
 *(.rodata .rodata* .gnu.linkonce.r.*)
 .rodata.str1.1
                0x0008e88c        0xf build/HelloWorld.o
 *fill*         0x0008e89b        0x1 00
 .rodata._ZTI9Printable
                0x0008e89c        0x8 arduino_build/IPAddress.o
                0x0008e89c                _ZTI9Printable
 .rodata._ZTS9Printable
                0x0008e8a4        0xc arduino_build/IPAddress.o
                0x0008e8a4                _ZTS9Printable
 .rodata._ZTI9IPAddress
                0x0008e8b0        0xc arduino_build/IPAddress.o
                0x0008e8b0                _ZTI9IPAddress
 .rodata._ZTS9IPAddress
                0x0008e8bc        0xc arduino_build/IPAddress.o
                0x0008e8bc                _ZTS9IPAddress
 .rodata._ZTV9IPAddress
                0x0008e8c8       0x10 arduino_build/IPAddress.o
                0x0008e8c8                _ZTV9IPAddress
 .rodata._ZTI5Print
                0x0008e8d8        0x8 arduino_build/Print.o
                0x0008e8d8                _ZTI5Print
 .rodata._ZTS5Print
                0x0008e8e0        0x8 arduino_build/Print.o
                0x0008e8e0                _ZTS5Print
 .rodata._ZTI14HardwareSerial
                0x0008e8e8        0xc arduino_build/UARTClass.o
                0x0008e8e8                _ZTI14HardwareSerial
 .rodata._ZTS14HardwareSerial
                0x0008e8f4       0x14 arduino_build/UARTClass.o
                0x0008e8f4                _ZTS14HardwareSerial
 .rodata._ZTI6Stream
                0x0008e908        0xc arduino_build/UARTClass.o
                0x0008e908                _ZTI6Stream
 .rodata._ZTS6Stream
                0x0008e914        0x8 arduino_build/UARTClass.o
                0x0008e914                _ZTS6Stream
 .rodata._ZTS9UARTClass
                0x0008e91c        0xc arduino_build/UARTClass.o
                0x0008e91c                _ZTS9UARTClass
 .rodata._ZTV9UARTClass
                0x0008e928       0x28 arduino_build/UARTClass.o
                0x0008e928                _ZTV9UARTClass
 .rodata._ZTI9UARTClass
                0x0008e950        0xc arduino_build/UARTClass.o
                0x0008e950                _ZTI9UARTClass
 *fill*         0x0008e95c        0x4 00
 .rodata._ZTV10USARTClass
                0x0008e960       0x28 arduino_build/USARTClass.o
                0x0008e960                _ZTV10USARTClass
 .rodata._ZTI10USARTClass
                0x0008e988        0xc arduino_build/USARTClass.o
                0x0008e988                _ZTI10USARTClass
 .rodata._ZTS10USARTClass
                0x0008e994       0x10 arduino_build/USARTClass.o
                0x0008e994                _ZTS10USARTClass
 .rodata.C.17.3627
                0x0008e9a4       0x2c arduino_build/pwmc.o
 .rodata.__FUNCTION__.3760
                0x0008e9d0       0x14 arduino_build/pwmc.o
 .rodata.__FUNCTION__.3647
                0x0008e9e4       0x18 arduino_build/pwmc.o
 .rodata.str1.1
                0x0008e9fc      0x203 arduino_build/pwmc.o
 *fill*         0x0008ebff        0x1 00
 .rodata.__FUNCTION__.3727
                0x0008ec00       0x18 arduino_build/pwmc.o
 .rodata.__FUNCTION__.3623
                0x0008ec18       0x18 arduino_build/pwmc.o
 .rodata.str1.1
                0x0008ec30       0x19 arduino_build/syscalls_sam3.o
 *fill*         0x0008ec49        0x3 00
 .rodata.__FUNCTION__.3633
                0x0008ec4c        0xc arduino_build/tc.o
 .rodata.str1.1
                0x0008ec58       0x8b arduino_build/tc.o
 *fill*         0x0008ece3        0x1 00
 .rodata.__FUNCTION__.3622
                0x0008ece4       0x10 arduino_build/tc.o
 .rodata.g_APinDescription
                0x0008ecf4      0x9bc arduino_build/variant.o
                0x0008ecf4                g_APinDescription
 .rodata.channelToChNo.5931
                0x0008f6b0       0x48 arduino_build/wiring_analog.o
 .rodata.channelToId.5934
                0x0008f6f8       0x48 arduino_build/wiring_analog.o
 .rodata.channelToTC.5933
                0x0008f740       0x48 arduino_build/wiring_analog.o
 .rodata.channelToAB.5932
                0x0008f788       0x48 arduino_build/wiring_analog.o
 .rodata._ZTISt9type_info
                0x0008f7d0        0x8 /project/arduino-1.5.1/hardware/tools/g++_arm_none_eabi/bin/../lib/gcc/arm-none-eabi/4.4.1/../../../../arm-none-eabi/lib/thumb2/libstdc++.a(tinfo.o)
                0x0008f7d0                _ZTISt9type_info
 .rodata._ZTSSt9type_info
                0x0008f7d8       0x10 /project/arduino-1.5.1/hardware/tools/g++_arm_none_eabi/bin/../lib/gcc/arm-none-eabi/4.4.1/../../../../arm-none-eabi/lib/thumb2/libstdc++.a(tinfo.o)
                0x0008f7d8                _ZTSSt9type_info
 .rodata._ZTVSt9type_info
                0x0008f7e8       0x20 /project/arduino-1.5.1/hardware/tools/g++_arm_none_eabi/bin/../lib/gcc/arm-none-eabi/4.4.1/../../../../arm-none-eabi/lib/thumb2/libstdc++.a(tinfo.o)
                0x0008f7e8                _ZTVSt9type_info
 .rodata._ZTIPv
                0x0008f808       0x10 /project/arduino-1.5.1/hardware/tools/g++_arm_none_eabi/bin/../lib/gcc/arm-none-eabi/4.4.1/../../../../arm-none-eabi/lib/thumb2/libstdc++.a(fundamental_type_info.o)
                0x0008f808                _ZTIPv
 .rodata._ZTIv  0x0008f818        0x8 /project/arduino-1.5.1/hardware/tools/g++_arm_none_eabi/bin/../lib/gcc/arm-none-eabi/4.4.1/../../../../arm-none-eabi/lib/thumb2/libstdc++.a(fundamental_type_info.o)
                0x0008f818                _ZTIv
 .rodata._ZTSPv
                0x0008f820        0x4 /project/arduino-1.5.1/hardware/tools/g++_arm_none_eabi/bin/../lib/gcc/arm-none-eabi/4.4.1/../../../../arm-none-eabi/lib/thumb2/libstdc++.a(fundamental_type_info.o)
                0x0008f820                _ZTSPv
 .rodata._ZTSv  0x0008f824        0x4 /project/arduino-1.5.1/hardware/tools/g++_arm_none_eabi/bin/../lib/gcc/arm-none-eabi/4.4.1/../../../../arm-none-eabi/lib/thumb2/libstdc++.a(fundamental_type_info.o)
                0x0008f824                _ZTSv
 .rodata._ZTIN10__cxxabiv123__fundamental_type_infoE
                0x0008f828        0xc /project/arduino-1.5.1/hardware/tools/g++_arm_none_eabi/bin/../lib/gcc/arm-none-eabi/4.4.1/../../../../arm-none-eabi/lib/thumb2/libstdc++.a(fundamental_type_info.o)
                0x0008f828                _ZTIN10__cxxabiv123__fundamental_type_infoE
 .rodata._ZTSN10__cxxabiv123__fundamental_type_infoE
                0x0008f834       0x28 /project/arduino-1.5.1/hardware/tools/g++_arm_none_eabi/bin/../lib/gcc/arm-none-eabi/4.4.1/../../../../arm-none-eabi/lib/thumb2/libstdc++.a(fundamental_type_info.o)
                0x0008f834                _ZTSN10__cxxabiv123__fundamental_type_infoE
 *fill*         0x0008f85c        0x4 00
 .rodata._ZTVN10__cxxabiv123__fundamental_type_infoE
                0x0008f860       0x20 /project/arduino-1.5.1/hardware/tools/g++_arm_none_eabi/bin/../lib/gcc/arm-none-eabi/4.4.1/../../../../arm-none-eabi/lib/thumb2/libstdc++.a(fundamental_type_info.o)
                0x0008f860                _ZTVN10__cxxabiv123__fundamental_type_infoE
 .rodata._ZTVN10__cxxabiv117__class_type_infoE
                0x0008f880       0x30 /project/arduino-1.5.1/hardware/tools/g++_arm_none_eabi/bin/../lib/gcc/arm-none-eabi/4.4.1/../../../../arm-none-eabi/lib/thumb2/libstdc++.a(class_type_info.o)
                0x0008f880                _ZTVN10__cxxabiv117__class_type_infoE
 .rodata._ZTIN10__cxxabiv117__class_type_infoE
                0x0008f8b0        0xc /project/arduino-1.5.1/hardware/tools/g++_arm_none_eabi/bin/../lib/gcc/arm-none-eabi/4.4.1/../../../../arm-none-eabi/lib/thumb2/libstdc++.a(class_type_info.o)
                0x0008f8b0                _ZTIN10__cxxabiv117__class_type_infoE
 .rodata._ZTSN10__cxxabiv117__class_type_infoE
                0x0008f8bc       0x24 /project/arduino-1.5.1/hardware/tools/g++_arm_none_eabi/bin/../lib/gcc/arm-none-eabi/4.4.1/../../../../arm-none-eabi/lib/thumb2/libstdc++.a(class_type_info.o)
                0x0008f8bc                _ZTSN10__cxxabiv117__class_type_infoE
 .rodata._ZTISt9exception
                0x0008f8e0        0x8 /project/arduino-1.5.1/hardware/tools/g++_arm_none_eabi/bin/../lib/gcc/arm-none-eabi/4.4.1/../../../../arm-none-eabi/lib/thumb2/libstdc++.a(eh_exception.o)
                0x0008f8e0                _ZTISt9exception
 .rodata._ZTVSt9exception
                0x0008f8e8       0x18 /project/arduino-1.5.1/hardware/tools/g++_arm_none_eabi/bin/../lib/gcc/arm-none-eabi/4.4.1/../../../../arm-none-eabi/lib/thumb2/libstdc++.a(eh_exception.o)
                0x0008f8e8                _ZTVSt9exception
 .rodata._ZTIN10__cxxabiv115__forced_unwindE
                0x0008f900        0x8 /project/arduino-1.5.1/hardware/tools/g++_arm_none_eabi/bin/../lib/gcc/arm-none-eabi/4.4.1/../../../../arm-none-eabi/lib/thumb2/libstdc++.a(eh_exception.o)
                0x0008f900                _ZTIN10__cxxabiv115__forced_unwindE
 .rodata._ZTSSt13bad_exception
                0x0008f908       0x14 /project/arduino-1.5.1/hardware/tools/g++_arm_none_eabi/bin/../lib/gcc/arm-none-eabi/4.4.1/../../../../arm-none-eabi/lib/thumb2/libstdc++.a(eh_exception.o)
                0x0008f908                _ZTSSt13bad_exception
 .rodata._ZTSN10__cxxabiv119__foreign_exceptionE
                0x0008f91c       0x24 /project/arduino-1.5.1/hardware/tools/g++_arm_none_eabi/bin/../lib/gcc/arm-none-eabi/4.4.1/../../../../arm-none-eabi/lib/thumb2/libstdc++.a(eh_exception.o)
                0x0008f91c                _ZTSN10__cxxabiv119__foreign_exceptionE
 .rodata.str1.4
                0x0008f940       0x23 /project/arduino-1.5.1/hardware/tools/g++_arm_none_eabi/bin/../lib/gcc/arm-none-eabi/4.4.1/../../../../arm-none-eabi/lib/thumb2/libstdc++.a(eh_exception.o)
                                 0x24 (size before relaxing)
 *fill*         0x0008f963        0x1 00
 .rodata._ZTIN10__cxxabiv119__foreign_exceptionE
                0x0008f964        0x8 /project/arduino-1.5.1/hardware/tools/g++_arm_none_eabi/bin/../lib/gcc/arm-none-eabi/4.4.1/../../../../arm-none-eabi/lib/thumb2/libstdc++.a(eh_exception.o)
                0x0008f964                _ZTIN10__cxxabiv119__foreign_exceptionE
 *fill*         0x0008f96c        0x4 00
 .rodata._ZTVSt13bad_exception
                0x0008f970       0x18 /project/arduino-1.5.1/hardware/tools/g++_arm_none_eabi/bin/../lib/gcc/arm-none-eabi/4.4.1/../../../../arm-none-eabi/lib/thumb2/libstdc++.a(eh_exception.o)
                0x0008f970                _ZTVSt13bad_exception
 .rodata._ZTSSt9exception
                0x0008f988       0x10 /project/arduino-1.5.1/hardware/tools/g++_arm_none_eabi/bin/../lib/gcc/arm-none-eabi/4.4.1/../../../../arm-none-eabi/lib/thumb2/libstdc++.a(eh_exception.o)
                0x0008f988                _ZTSSt9exception
 .rodata._ZTSN10__cxxabiv115__forced_unwindE
                0x0008f998       0x20 /project/arduino-1.5.1/hardware/tools/g++_arm_none_eabi/bin/../lib/gcc/arm-none-eabi/4.4.1/../../../../arm-none-eabi/lib/thumb2/libstdc++.a(eh_exception.o)
                0x0008f998                _ZTSN10__cxxabiv115__forced_unwindE
 .rodata._ZTISt13bad_exception
                0x0008f9b8        0xc /project/arduino-1.5.1/hardware/tools/g++_arm_none_eabi/bin/../lib/gcc/arm-none-eabi/4.4.1/../../../../arm-none-eabi/lib/thumb2/libstdc++.a(eh_exception.o)
                0x0008f9b8                _ZTISt13bad_exception
 *fill*         0x0008f9c4        0x4 00
 .rodata._ZTVN10__cxxabiv120__si_class_type_infoE
                0x0008f9c8       0x30 /project/arduino-1.5.1/hardware/tools/g++_arm_none_eabi/bin/../lib/gcc/arm-none-eabi/4.4.1/../../../../arm-none-eabi/lib/thumb2/libstdc++.a(si_class_type_info.o)
                0x0008f9c8                _ZTVN10__cxxabiv120__si_class_type_infoE
 .rodata._ZTIN10__cxxabiv120__si_class_type_infoE
                0x0008f9f8        0xc /project/arduino-1.5.1/hardware/tools/g++_arm_none_eabi/bin/../lib/gcc/arm-none-eabi/4.4.1/../../../../arm-none-eabi/lib/thumb2/libstdc++.a(si_class_type_info.o)
                0x0008f9f8                _ZTIN10__cxxabiv120__si_class_type_infoE
 .rodata._ZTSN10__cxxabiv120__si_class_type_infoE
                0x0008fa04       0x28 /project/arduino-1.5.1/hardware/tools/g++_arm_none_eabi/bin/../lib/gcc/arm-none-eabi/4.4.1/../../../../arm-none-eabi/lib/thumb2/libstdc++.a(si_class_type_info.o)
                0x0008fa04                _ZTSN10__cxxabiv120__si_class_type_infoE
 *fill*         0x0008fa2c        0x4 00
 .rodata._ZTVSt10bad_typeid
                0x0008fa30       0x18 /project/arduino-1.5.1/hardware/tools/g++_arm_none_eabi/bin/../lib/gcc/arm-none-eabi/4.4.1/../../../../arm-none-eabi/lib/thumb2/libstdc++.a(bad_typeid.o)
                0x0008fa30                _ZTVSt10bad_typeid
 .rodata._ZTISt10bad_typeid
                0x0008fa48        0xc /project/arduino-1.5.1/hardware/tools/g++_arm_none_eabi/bin/../lib/gcc/arm-none-eabi/4.4.1/../../../../arm-none-eabi/lib/thumb2/libstdc++.a(bad_typeid.o)
                0x0008fa48                _ZTISt10bad_typeid
 .rodata.str1.4
                0x0008fa54       0x10 /project/arduino-1.5.1/hardware/tools/g++_arm_none_eabi/bin/../lib/gcc/arm-none-eabi/4.4.1/../../../../arm-none-eabi/lib/thumb2/libstdc++.a(bad_typeid.o)
 .rodata._ZTSSt10bad_typeid
                0x0008fa64       0x10 /project/arduino-1.5.1/hardware/tools/g++_arm_none_eabi/bin/../lib/gcc/arm-none-eabi/4.4.1/../../../../arm-none-eabi/lib/thumb2/libstdc++.a(bad_typeid.o)
                0x0008fa64                _ZTSSt10bad_typeid
 .rodata._ZTSN10__cxxabiv119__pointer_type_infoE
                0x0008fa74       0x24 /project/arduino-1.5.1/hardware/tools/g++_arm_none_eabi/bin/../lib/gcc/arm-none-eabi/4.4.1/../../../../arm-none-eabi/lib/thumb2/libstdc++.a(pointer_type_info.o)
                0x0008fa74                _ZTSN10__cxxabiv119__pointer_type_infoE
 .rodata._ZTIN10__cxxabiv119__pointer_type_infoE
                0x0008fa98        0xc /project/arduino-1.5.1/hardware/tools/g++_arm_none_eabi/bin/../lib/gcc/arm-none-eabi/4.4.1/../../../../arm-none-eabi/lib/thumb2/libstdc++.a(pointer_type_info.o)
                0x0008fa98                _ZTIN10__cxxabiv119__pointer_type_infoE
 *fill*         0x0008faa4        0x4 00
 .rodata._ZTVN10__cxxabiv119__pointer_type_infoE
                0x0008faa8       0x28 /project/arduino-1.5.1/hardware/tools/g++_arm_none_eabi/bin/../lib/gcc/arm-none-eabi/4.4.1/../../../../arm-none-eabi/lib/thumb2/libstdc++.a(pointer_type_info.o)
                0x0008faa8                _ZTVN10__cxxabiv119__pointer_type_infoE
 .rodata.str1.4
                0x0008fad0       0x92 /project/arduino-1.5.1/hardware/tools/g++_arm_none_eabi/bin/../lib/gcc/arm-none-eabi/4.4.1/../../../../arm-none-eabi/lib/thumb2/libstdc++.a(vterminate.o)
                                 0x94 (size before relaxing)
 *fill*         0x0008fb62        0x2 00
 .rodata._ZTIN10__cxxabiv117__pbase_type_infoE
                0x0008fb64        0xc /project/arduino-1.5.1/hardware/tools/g++_arm_none_eabi/bin/../lib/gcc/arm-none-eabi/4.4.1/../../../../arm-none-eabi/lib/thumb2/libstdc++.a(pbase_type_info.o)
                0x0008fb64                _ZTIN10__cxxabiv117__pbase_type_infoE
 .rodata._ZTSN10__cxxabiv117__pbase_type_infoE
                0x0008fb70       0x24 /project/arduino-1.5.1/hardware/tools/g++_arm_none_eabi/bin/../lib/gcc/arm-none-eabi/4.4.1/../../../../arm-none-eabi/lib/thumb2/libstdc++.a(pbase_type_info.o)
                0x0008fb70                _ZTSN10__cxxabiv117__pbase_type_infoE
 *fill*         0x0008fb94        0x4 00
 .rodata._ZTVN10__cxxabiv117__pbase_type_infoE
                0x0008fb98       0x28 /project/arduino-1.5.1/hardware/tools/g++_arm_none_eabi/bin/../lib/gcc/arm-none-eabi/4.4.1/../../../../arm-none-eabi/lib/thumb2/libstdc++.a(pbase_type_info.o)
                0x0008fb98                _ZTVN10__cxxabiv117__pbase_type_infoE
 .rodata        0x0008fbc0      0x694 /project/arduino-1.5.1/hardware/tools/g++_arm_none_eabi/bin/../lib/gcc/arm-none-eabi/4.4.1/../../../../arm-none-eabi/lib/thumb2/libstdc++.a(cp-demangle.o)
 .rodata.str1.4
                0x00090254      0x6a3 /project/arduino-1.5.1/hardware/tools/g++_arm_none_eabi/bin/../lib/gcc/arm-none-eabi/4.4.1/../../../../arm-none-eabi/lib/thumb2/libstdc++.a(cp-demangle.o)
                                0x6cc (size before relaxing)
 *fill*         0x000908f7        0x1 00
 .rodata.str1.4
                0x000908f8       0x3f /project/arduino-1.5.1/hardware/tools/g++_arm_none_eabi/bin/../lib/gcc/arm-none-eabi/4.4.1/../../../../arm-none-eabi/lib/thumb2/libc.a(lib_a-assert.o)
                                 0x44 (size before relaxing)
 *fill*         0x00090937        0x1 00
 .rodata        0x00090938        0x4 /project/arduino-1.5.1/hardware/tools/g++_arm_none_eabi/bin/../lib/gcc/arm-none-eabi/4.4.1/../../../../arm-none-eabi/lib/thumb2/libc.a(lib_a-impure.o)
                0x00090938                _global_impure_ptr
 .rodata.str1.4
                0x0009093c        0x2 /project/arduino-1.5.1/hardware/tools/g++_arm_none_eabi/bin/../lib/gcc/arm-none-eabi/4.4.1/../../../../arm-none-eabi/lib/thumb2/libc.a(lib_a-impure.o)
                                  0x4 (size before relaxing)
 *fill*         0x0009093e        0x2 00
 .rodata        0x00090940       0x20 /project/arduino-1.5.1/hardware/tools/g++_arm_none_eabi/bin/../lib/gcc/arm-none-eabi/4.4.1/../../../../arm-none-eabi/lib/thumb2/libc.a(lib_a-svfprintf.o)
 .rodata.str1.4
                0x00090960       0x42 /project/arduino-1.5.1/hardware/tools/g++_arm_none_eabi/bin/../lib/gcc/arm-none-eabi/4.4.1/../../../../arm-none-eabi/lib/thumb2/libc.a(lib_a-svfprintf.o)
                                 0x44 (size before relaxing)
 *fill*         0x000909a2        0x2 00
 .rodata        0x000909a4       0x20 /project/arduino-1.5.1/hardware/tools/g++_arm_none_eabi/bin/../lib/gcc/arm-none-eabi/4.4.1/../../../../arm-none-eabi/lib/thumb2/libc.a(lib_a-vfiprintf.o)
 .rodata.str1.4
                0x00000000       0x30 /project/arduino-1.5.1/hardware/tools/g++_arm_none_eabi/bin/../lib/gcc/arm-none-eabi/4.4.1/../../../../arm-none-eabi/lib/thumb2/libc.a(lib_a-vfiprintf.o)
 .rodata.str1.4
                0x000909c4       0x10 /project/arduino-1.5.1/hardware/tools/g++_arm_none_eabi/bin/../lib/gcc/arm-none-eabi/4.4.1/../../../../arm-none-eabi/lib/thumb2/libc.a(lib_a-dtoa.o)
                                 0x14 (size before relaxing)
 .rodata        0x000909d4       0x60 /project/arduino-1.5.1/hardware/tools/g++_arm_none_eabi/bin/../lib/gcc/arm-none-eabi/4.4.1/../../../../arm-none-eabi/lib/thumb2/libc.a(lib_a-findfp.o)
                0x000909d4                __sf_fake_stdin
                0x000909f4                __sf_fake_stdout
                0x00090a14                __sf_fake_stderr
 .rodata        0x00090a34       0x34 /project/arduino-1.5.1/hardware/tools/g++_arm_none_eabi/bin/../lib/gcc/arm-none-eabi/4.4.1/../../../../arm-none-eabi/lib/thumb2/libc.a(lib_a-locale.o)
 .rodata.str1.4
                0x00090a68        0xc /project/arduino-1.5.1/hardware/tools/g++_arm_none_eabi/bin/../lib/gcc/arm-none-eabi/4.4.1/../../../../arm-none-eabi/lib/thumb2/libc.a(lib_a-locale.o)
                                 0x18 (size before relaxing)
 *fill*         0x00090a74        0x4 00
 .rodata        0x00090a78      0x128 /project/arduino-1.5.1/hardware/tools/g++_arm_none_eabi/bin/../lib/gcc/arm-none-eabi/4.4.1/../../../../arm-none-eabi/lib/thumb2/libc.a(lib_a-mprec.o)
                0x00090a78                __mprec_tens
                0x00090b50                __mprec_bigtens
                0x00090b78                __mprec_tinytens
 *(.ARM.extab* .gnu.linkonce.armextab.*)
 .ARM.extab.text.main
                0x00090ba0        0xc build/HelloWorld.o
 .ARM.extab.text._ZN5Print5printEc
                0x00090bac        0xc arduino_build/Print.o
 .ARM.extab.text._ZN5Print5writeEPKc
                0x00090bb8        0x0 arduino_build/Print.o
 .ARM.extab.text._ZN9UARTClasscvbEv
                0x00090bb8        0x0 arduino_build/UARTClass.o
 .ARM.extab.text._ZN10USARTClasscvbEv
                0x00090bb8        0x0 arduino_build/USARTClass.o
 .ARM.extab.text.__gnu_end_cleanup
                0x00090bb8        0xc /project/arduino-1.5.1/hardware/tools/g++_arm_none_eabi/bin/../lib/gcc/arm-none-eabi/4.4.1/../../../../arm-none-eabi/lib/thumb2/libstdc++.a(eh_arm.o)
 .ARM.extab.text.__cxa_bad_typeid
                0x00090bc4        0xc /project/arduino-1.5.1/hardware/tools/g++_arm_none_eabi/bin/../lib/gcc/arm-none-eabi/4.4.1/../../../../arm-none-eabi/lib/thumb2/libstdc++.a(eh_aux_runtime.o)
 .ARM.extab.text.__cxa_begin_catch
                0x00090bd0       0x20 /project/arduino-1.5.1/hardware/tools/g++_arm_none_eabi/bin/../lib/gcc/arm-none-eabi/4.4.1/../../../../arm-none-eabi/lib/thumb2/libstdc++.a(eh_catch.o)
 .ARM.extab.text.__gxx_personality_v0
                0x00090bf0       0x30 /project/arduino-1.5.1/hardware/tools/g++_arm_none_eabi/bin/../lib/gcc/arm-none-eabi/4.4.1/../../../../arm-none-eabi/lib/thumb2/libstdc++.a(eh_personality.o)
 .ARM.extab.text.__cxa_call_unexpected
                0x00090c20       0x28 /project/arduino-1.5.1/hardware/tools/g++_arm_none_eabi/bin/../lib/gcc/arm-none-eabi/4.4.1/../../../../arm-none-eabi/lib/thumb2/libstdc++.a(eh_call.o)
 .ARM.extab.text.__cxa_allocate_exception
                0x00090c48       0x20 /project/arduino-1.5.1/hardware/tools/g++_arm_none_eabi/bin/../lib/gcc/arm-none-eabi/4.4.1/../../../../arm-none-eabi/lib/thumb2/libstdc++.a(eh_alloc.o)
 .ARM.extab.text._ZN10__cxxabiv111__terminateEPFvvE
                0x00090c68       0x20 /project/arduino-1.5.1/hardware/tools/g++_arm_none_eabi/bin/../lib/gcc/arm-none-eabi/4.4.1/../../../../arm-none-eabi/lib/thumb2/libstdc++.a(eh_terminate.o)
 .ARM.extab.text._ZSt9terminatev
                0x00090c88        0xc /project/arduino-1.5.1/hardware/tools/g++_arm_none_eabi/bin/../lib/gcc/arm-none-eabi/4.4.1/../../../../arm-none-eabi/lib/thumb2/libstdc++.a(eh_terminate.o)
 .ARM.extab.text._ZN10__cxxabiv112__unexpectedEPFvvE
                0x00090c94        0xc /project/arduino-1.5.1/hardware/tools/g++_arm_none_eabi/bin/../lib/gcc/arm-none-eabi/4.4.1/../../../../arm-none-eabi/lib/thumb2/libstdc++.a(eh_terminate.o)
 .ARM.extab.text._ZSt10unexpectedv
                0x00090ca0        0xc /project/arduino-1.5.1/hardware/tools/g++_arm_none_eabi/bin/../lib/gcc/arm-none-eabi/4.4.1/../../../../arm-none-eabi/lib/thumb2/libstdc++.a(eh_terminate.o)
 .ARM.extab.text._ZN9__gnu_cxx27__verbose_terminate_handlerEv
                0x00090cac       0x44 /project/arduino-1.5.1/hardware/tools/g++_arm_none_eabi/bin/../lib/gcc/arm-none-eabi/4.4.1/../../../../arm-none-eabi/lib/thumb2/libstdc++.a(vterminate.o)
 .ARM.extab.text._ZNK10__cxxabiv117__pbase_type_info15__pointer_catchEPKS0_PPvj
                0x00090cf0        0x0 /project/arduino-1.5.1/hardware/tools/g++_arm_none_eabi/bin/../lib/gcc/arm-none-eabi/4.4.1/../../../../arm-none-eabi/lib/thumb2/libstdc++.a(pbase_type_info.o)
 .ARM.extab     0x00090cf0       0x24 /project/arduino-1.5.1/hardware/tools/g++_arm_none_eabi/bin/../lib/gcc/arm-none-eabi/4.4.1/thumb2/libgcc.a(unwind-arm.o)
 .ARM.extab     0x00090d14       0x18 /project/arduino-1.5.1/hardware/tools/g++_arm_none_eabi/bin/../lib/gcc/arm-none-eabi/4.4.1/thumb2/libgcc.a(pr-support.o)
                0x00090d2c                . = ALIGN (0x4)
 *(.init)
 .init          0x00090d2c        0x4 /project/arduino-1.5.1/hardware/tools/g++_arm_none_eabi/bin/../lib/gcc/arm-none-eabi/4.4.1/thumb2/crti.o
                0x00090d2c                _init
 .init          0x00090d30        0x8 /project/arduino-1.5.1/hardware/tools/g++_arm_none_eabi/bin/../lib/gcc/arm-none-eabi/4.4.1/thumb2/crtn.o
                0x00090d38                . = ALIGN (0x4)
                0x00090d38                __preinit_array_start = .
 *(.preinit_array)
                0x00090d38                __preinit_array_end = .
                0x00090d38                . = ALIGN (0x4)
                0x00090d38                __init_array_start = .
 *(SORT(.init_array.*))
 *(.init_array)
 .init_array    0x00090d38        0x4 /project/arduino-1.5.1/hardware/tools/g++_arm_none_eabi/bin/../lib/gcc/arm-none-eabi/4.4.1/thumb2/crtbegin.o
 .init_array    0x00090d3c        0x4 arduino_build/IPAddress.o
 .init_array    0x00090d40        0x4 arduino_build/variant.o
 .init_array    0x00090d44        0x4 /project/arduino-1.5.1/hardware/tools/g++_arm_none_eabi/bin/../lib/gcc/arm-none-eabi/4.4.1/../../../../arm-none-eabi/lib/thumb2/libstdc++.a(eh_alloc.o)
                0x00090d48                __init_array_end = .
                0x00090d48                . = ALIGN (0x4)
 *crtbegin.o(.ctors)
 *(EXCLUDE_FILE(*crtend.o) .ctors)
 *(SORT(.ctors.*))
 *crtend.o(.ctors)
                0x00090d48                . = ALIGN (0x4)
 *(.fini)
 .fini          0x00090d48        0x4 /project/arduino-1.5.1/hardware/tools/g++_arm_none_eabi/bin/../lib/gcc/arm-none-eabi/4.4.1/thumb2/crti.o
                0x00090d48                _fini
 .fini          0x00090d4c        0x8 /project/arduino-1.5.1/hardware/tools/g++_arm_none_eabi/bin/../lib/gcc/arm-none-eabi/4.4.1/thumb2/crtn.o
                0x00090d54                . = ALIGN (0x4)
                0x00090d54                __fini_array_start = .
 *(.fini_array)
 .fini_array    0x00090d54        0x4 /project/arduino-1.5.1/hardware/tools/g++_arm_none_eabi/bin/../lib/gcc/arm-none-eabi/4.4.1/thumb2/crtbegin.o
 *(SORT(.fini_array.*))
                0x00090d58                __fini_array_end = .
 *crtbegin.o(.dtors)
 *(EXCLUDE_FILE(*crtend.o) .dtors)
 *(SORT(.dtors.*))
 *crtend.o(.dtors)
                0x00090d58                . = ALIGN (0x4)
                0x00090d58                _efixed = .
                0x00090d58                PROVIDE (__exidx_start, .)

.jcr            0x00090d58        0x0
 .jcr           0x00090d58        0x0 /project/arduino-1.5.1/hardware/tools/g++_arm_none_eabi/bin/../lib/gcc/arm-none-eabi/4.4.1/thumb2/crtbegin.o

.vfp11_veneer   0x00090d58        0x0
 .vfp11_veneer  0x00000000        0x0 linker stubs

.v4_bx          0x00090d58        0x0
 .v4_bx         0x00000000        0x0 linker stubs

.ARM.exidx      0x00090d58      0x298
 *(.ARM.exidx* .gnu.linkonce.armexidx.*)
 .ARM.exidx.text.main
                0x00090d58        0x8 build/HelloWorld.o
 .ARM.exidx.text._ZN9IPAddressC1Ehhhh
                0x00090d60        0x8 arduino_build/IPAddress.o
 .ARM.exidx.text._ZNK9IPAddress7printToER5Print
                0x00090d68        0x8 arduino_build/IPAddress.o
 .ARM.exidx.text._GLOBAL__I__ZN9IPAddressC2Ev
                0x00090d70        0x8 arduino_build/IPAddress.o
 .ARM.exidx.text._ZN5Print5writeEPKhj
                0x00090d78        0x8 arduino_build/Print.o
 .ARM.exidx.text._ZN5Print5printEc
                0x00090d80        0x8 arduino_build/Print.o
 .ARM.exidx.text._ZN5Print5writeEPKc
                0x00090d88        0x8 arduino_build/Print.o
 .ARM.exidx.text._ZN5Print11printNumberEmh
                0x00090d90        0x8 arduino_build/Print.o
 .ARM.exidx.text._ZN5Print5printEmi
                0x00090d98        0x8 arduino_build/Print.o
 .ARM.exidx.text._ZN5Print5printEhi
                0x00090da0        0x8 arduino_build/Print.o
 .ARM.exidx.text._ZN5Print5printEPKc
                0x00090da8        0x0 arduino_build/Print.o
                                  0x8 (size before relaxing)
 .ARM.exidx.ramfunc
                0x00090ff0        0x0 arduino_build/Reset.o
                                  0x8 (size before relaxing)
 .ARM.exidx.text.tickReset
                0x00090da8        0x0 arduino_build/Reset.o
                                  0x8 (size before relaxing)
 .ARM.exidx.text._ZN10RingBuffer10store_charEh
                0x00090da8        0x0 arduino_build/RingBuffer.o
                                  0x8 (size before relaxing)
 .ARM.exidx.text._ZN10RingBufferC1Ev
                0x00090da8        0x0 arduino_build/RingBuffer.o
                                  0x8 (size before relaxing)
 .ARM.exidx.text._ZN9UARTClasscvbEv
                0x00090da8        0x0 arduino_build/UARTClass.o
                                  0x8 (size before relaxing)
 .ARM.exidx.text._ZN9UARTClassC1EP4Uart4IRQnmP10RingBuffer
                0x00090da8        0x0 arduino_build/UARTClass.o
                                  0x8 (size before relaxing)
 .ARM.exidx.text._ZN9UARTClass9availableEv